                                                                                                    RoofTops.PlayerController:Update()
2025-02-22 02:11:31.971  1554-1554  KeyboardModeManager     com...gle.android.inputmethod.latin  I  KeyboardModeManager.setInputViewKeyboardViewHolderProvider():625 setInputView() : supportsOneHandedMode=false supportsSplitMode=true
2025-02-22 02:11:31.971  1554-1554  AndroidIME              com...gle.android.inputmethod.latin  I  KeyboardViewManager.updateKeyboardBackgroundFrameVisibility():314 Set background frame visibility. old:8, new:8
2025-02-22 02:11:31.972  1554-1554  NormalModeController    com...gle.android.inputmethod.latin  I  NormalModeController.getKeyboardBodyViewHolderPaddingBottom():104 currentPrimeKeyboardType:SOFT systemPaddingBottom:-1
2025-02-22 02:11:31.972  1554-1554  KeyboardHeightUtil      com...gle.android.inputmethod.latin  I  KeyboardHeightUtil.calculateMaxKeyboardBodyHeight():45 leave 321 height for app when ime window height:1188, header height:123 and isFullscreenMode:false, so the max keyboard body height is:744
2025-02-22 02:11:31.972  1554-1554  KeyboardHeightUtil      com...gle.android.inputmethod.latin  I  KeyboardHeightUtil.calculateMaxKeyboardBodyHeight():45 leave 321 height for app when ime window height:1188, header height:123 and isFullscreenMode:false, so the max keyboard body height is:744
2025-02-22 02:11:31.973  1554-1554  KeyboardHeightUtil      com...gle.android.inputmethod.latin  I  KeyboardHeightUtil.calculateMaxKeyboardBodyHeight():45 leave 321 height for app when ime window height:1188, header height:123 and isFullscreenMode:false, so the max keyboard body height is:744
2025-02-22 02:11:31.973  1554-1554  KeyboardHeightUtil      com...gle.android.inputmethod.latin  I  KeyboardHeightUtil.calculateMaxKeyboardBodyHeight():45 leave 321 height for app when ime window height:1188, header height:123 and isFullscreenMode:false, so the max keyboard body height is:744
2025-02-22 02:11:31.973  1554-1554  NormalModeController    com...gle.android.inputmethod.latin  I  NormalModeController.getKeyboardBodyViewHolderPaddingBottom():104 currentPrimeKeyboardType:SOFT systemPaddingBottom:-1
2025-02-22 02:11:31.973  1554-1554  KeyboardHeightUtil      com...gle.android.inputmethod.latin  I  KeyboardHeightUtil.calculateMaxKeyboardBodyHeight():45 leave 321 height for app when ime window height:1188, header height:123 and isFullscreenMode:false, so the max keyboard body height is:744
2025-02-22 02:11:31.973  1554-1554  KeyboardHeightUtil      com...gle.android.inputmethod.latin  I  KeyboardHeightUtil.calculateMaxKeyboardBodyHeight():45 leave 321 height for app when ime window height:1188, header height:123 and isFullscreenMode:false, so the max keyboard body height is:744
2025-02-22 02:11:31.973  1554-1554  KeyboardModeManager     com...gle.android.inputmethod.latin  I  KeyboardModeManager.setInputViewKeyboardViewHolderProvider():613 setInputView() : supportsOneHandedMode=false, supportSplitMode=true
2025-02-22 02:11:31.974  1554-1554  KeyboardModeManager     com...gle.android.inputmethod.latin  I  KeyboardModeManager.setInputViewKeyboardViewHolderProvider():625 setInputView() : supportsOneHandedMode=false supportsSplitMode=true
2025-02-22 02:11:31.974  1554-1554  NormalModeController    com...gle.android.inputmethod.latin  I  NormalModeController.getKeyboardBodyViewHolderPaddingBottom():104 currentPrimeKeyboardType:SOFT systemPaddingBottom:-1
2025-02-22 02:11:31.974  1554-1554  KeyboardHeightUtil      com...gle.android.inputmethod.latin  I  KeyboardHeightUtil.calculateMaxKeyboardBodyHeight():45 leave 321 height for app when ime window height:1188, header height:123 and isFullscreenMode:false, so the max keyboard body height is:744
2025-02-22 02:11:31.974  1554-1554  KeyboardHeightUtil      com...gle.android.inputmethod.latin  I  KeyboardHeightUtil.calculateMaxKeyboardBodyHeight():45 leave 321 height for app when ime window height:1188, header height:123 and isFullscreenMode:false, so the max keyboard body height is:744
2025-02-22 02:11:31.974  1554-1554  KeyboardHeightUtil      com...gle.android.inputmethod.latin  I  KeyboardHeightUtil.calculateMaxKeyboardBodyHeight():45 leave 321 height for app when ime window height:1188, header height:123 and isFullscreenMode:false, so the max keyboard body height is:744
2025-02-22 02:11:31.975  1554-1554  KeyboardHeightUtil      com...gle.android.inputmethod.latin  I  KeyboardHeightUtil.calculateMaxKeyboardBodyHeight():45 leave 321 height for app when ime window height:1188, header height:123 and isFullscreenMode:false, so the max keyboard body height is:744
2025-02-22 02:11:31.975  1554-1554  NormalModeController    com...gle.android.inputmethod.latin  I  NormalModeController.getKeyboardBodyViewHolderPaddingBottom():104 currentPrimeKeyboardType:SOFT systemPaddingBottom:-1
2025-02-22 02:11:31.975  1554-1554  KeyboardHeightUtil      com...gle.android.inputmethod.latin  I  KeyboardHeightUtil.calculateMaxKeyboardBodyHeight():45 leave 321 height for app when ime window height:1188, header height:123 and isFullscreenMode:false, so the max keyboard body height is:744
2025-02-22 02:11:31.975  1554-1554  KeyboardHeightUtil      com...gle.android.inputmethod.latin  I  KeyboardHeightUtil.calculateMaxKeyboardBodyHeight():45 leave 321 height for app when ime window height:1188, header height:123 and isFullscreenMode:false, so the max keyboard body height is:744
2025-02-22 02:11:31.975  1554-1554  KeyboardModeManager     com...gle.android.inputmethod.latin  I  KeyboardModeManager.setInputViewKeyboardViewHolderProvider():613 setInputView() : supportsOneHandedMode=false, supportSplitMode=true
2025-02-22 02:11:31.975  1554-1554  AndroidIME              com...gle.android.inputmethod.latin  I  InputBundleManager.loadActiveInputBundleId():450 loadActiveInputBundleId: und-Latn-x-password, password
2025-02-22 02:11:31.976   589-2064  PackageConfigPersister  system_server                        W  App-specific configuration not found for packageName: com.UnityTechnologies.com.unity.template.urpblank and userId: 0
2025-02-22 02:11:31.976  4376-4541  MESA                    com...s.com.unity.template.urpblank  I  exportSyncFdForQSRILocked: call for image 0x729da74ff7d0 hos timage handle 0x7000400000024
2025-02-22 02:11:31.978  4376-4541  MESA                    com...s.com.unity.template.urpblank  I  exportSyncFdForQSRILocked: got fd: 169
2025-02-22 02:11:31.986   589-1246  WindowManager           system_server                        I  finishDrawing of orientation change: Window{4d9c06f u0 ScreenDecorOverlay} 437ms
2025-02-22 02:11:31.995   384-4548  android.ha...mpl.ranchu android.hardware.audio.service       W  pcmWrite:259 pcm_writei failed with 'cannot read/write stream data: I/O error' (-1)
2025-02-22 02:11:31.995   384-4548  android.ha...mpl.ranchu android.hardware.audio.service       E  pcmWrite:260 failure: -1
2025-02-22 02:11:31.997  4376-4541  MESA                    com...s.com.unity.template.urpblank  I  exportSyncFdForQSRILocked: call for image 0x729da756b050 hos timage handle 0x7000400000025
2025-02-22 02:11:31.997  4376-4541  MESA                    com...s.com.unity.template.urpblank  I  exportSyncFdForQSRILocked: got fd: 193
2025-02-22 02:11:32.006  4376-4457  Unity                   com...s.com.unity.template.urpblank  I  Input states - Tapped: False, Held: False, Released: False
                                                                                                    UnityEngine.DebugLogHandler:Internal_Log(LogType, LogOption, String, Object)
                                                                                                    RoofTops.PlayerController:HandleJumpInput()
                                                                                                    RoofTops.PlayerController:Update()
2025-02-22 02:11:32.030  4376-4541  MESA                    com...s.com.unity.template.urpblank  I  exportSyncFdForQSRILocked: call for image 0x729da7464310 hos timage handle 0x7000400000023
2025-02-22 02:11:32.030  4376-4541  MESA                    com...s.com.unity.template.urpblank  I  exportSyncFdForQSRILocked: got fd: 200
2025-02-22 02:11:32.037  4376-4457  Unity                   com...s.com.unity.template.urpblank  I  Input states - Tapped: False, Held: False, Released: False
                                                                                                    UnityEngine.DebugLogHandler:Internal_Log(LogType, LogOption, String, Object)
                                                                                                    RoofTops.PlayerController:HandleJumpInput()
                                                                                                    RoofTops.PlayerController:Update()
2025-02-22 02:11:32.056  4376-4541  MESA                    com...s.com.unity.template.urpblank  I  exportSyncFdForQSRILocked: call for image 0x729da74ff7d0 hos timage handle 0x7000400000024
2025-02-22 02:11:32.056  4376-4457  Unity                   com...s.com.unity.template.urpblank  I  Input states - Tapped: False, Held: False, Released: False
                                                                                                    UnityEngine.DebugLogHandler:Internal_Log(LogType, LogOption, String, Object)
                                                                                                    RoofTops.PlayerController:HandleJumpInput()
                                                                                                    RoofTops.PlayerController:Update()
2025-02-22 02:11:32.056  4376-4541  MESA                    com...s.com.unity.template.urpblank  I  exportSyncFdForQSRILocked: got fd: 199
2025-02-22 02:11:32.068  4376-4541  MESA                    com...s.com.unity.template.urpblank  I  exportSyncFdForQSRILocked: call for image 0x729da756b050 hos timage handle 0x7000400000025
2025-02-22 02:11:32.069  4376-4541  MESA                    com...s.com.unity.template.urpblank  I  exportSyncFdForQSRILocked: got fd: 191
2025-02-22 02:11:32.095  4376-4457  Unity                   com...s.com.unity.template.urpblank  I  Input states - Tapped: False, Held: False, Released: False
                                                                                                    UnityEngine.DebugLogHandler:Internal_Log(LogType, LogOption, String, Object)
                                                                                                    RoofTops.PlayerController:HandleJumpInput()
                                                                                                    RoofTops.PlayerController:Update()
2025-02-22 02:11:32.099   384-4548  android.ha...mpl.ranchu android.hardware.audio.service       W  pcmWrite:259 pcm_writei failed with 'cannot read/write stream data: I/O error' (-1)
2025-02-22 02:11:32.099   384-4548  android.ha...mpl.ranchu android.hardware.audio.service       E  pcmWrite:260 failure: -1
2025-02-22 02:11:32.110  4376-4541  MESA                    com...s.com.unity.template.urpblank  I  exportSyncFdForQSRILocked: call for image 0x729da7464310 hos timage handle 0x7000400000023
2025-02-22 02:11:32.111  4376-4541  MESA                    com...s.com.unity.template.urpblank  I  exportSyncFdForQSRILocked: got fd: 190
2025-02-22 02:11:32.120  1120-1199  WindowManagerShell      com.android.systemui                 V  Transition animation finished (aborted=false), notifying core (#30) android.os.BinderProxy@de7dc7f@0
2025-02-22 02:11:32.122   589-611   WindowManager           system_server                        V  Finish Transition (#30): created at 02-22 02:11:31.414 collect-started=0.063ms request-sent=0.159ms started=141.493ms ready=142.22ms sent=300.397ms finished=706.825ms
2025-02-22 02:11:32.124  1120-1199  WindowManagerShell      com.android.systemui                 V  Track 0 became idle
2025-02-22 02:11:32.124  1120-1199  WindowManagerShell      com.android.systemui                 V  All active transition animations finished
2025-02-22 02:11:32.127  4376-4457  Unity                   com...s.com.unity.template.urpblank  I  Input states - Tapped: False, Held: False, Released: False
                                                                                                    UnityEngine.DebugLogHandler:Internal_Log(LogType, LogOption, String, Object)
                                                                                                    RoofTops.PlayerController:HandleJumpInput()
                                                                                                    RoofTops.PlayerController:Update()
2025-02-22 02:11:32.149  4376-4541  MESA                    com...s.com.unity.template.urpblank  I  exportSyncFdForQSRILocked: call for image 0x729da74ff7d0 hos timage handle 0x7000400000024
2025-02-22 02:11:32.149  4376-4541  MESA                    com...s.com.unity.template.urpblank  I  exportSyncFdForQSRILocked: got fd: 189
2025-02-22 02:11:32.158  4376-4457  Unity                   com...s.com.unity.template.urpblank  I  Input states - Tapped: False, Held: False, Released: False
                                                                                                    UnityEngine.DebugLogHandler:Internal_Log(LogType, LogOption, String, Object)
                                                                                                    RoofTops.PlayerController:HandleJumpInput()
                                                                                                    RoofTops.PlayerController:Update()
2025-02-22 02:11:32.169  4376-4541  MESA                    com...s.com.unity.template.urpblank  I  exportSyncFdForQSRILocked: call for image 0x729da756b050 hos timage handle 0x7000400000025
2025-02-22 02:11:32.169  4376-4541  MESA                    com...s.com.unity.template.urpblank  I  exportSyncFdForQSRILocked: got fd: 192
2025-02-22 02:11:32.191  4376-4457  Unity                   com...s.com.unity.template.urpblank  I  Input states - Tapped: False, Held: False, Released: False
                                                                                                    UnityEngine.DebugLogHandler:Internal_Log(LogType, LogOption, String, Object)
                                                                                                    RoofTops.PlayerController:HandleJumpInput()
                                                                                                    RoofTops.PlayerController:Update()
2025-02-22 02:11:32.200  4376-4541  MESA                    com...s.com.unity.template.urpblank  I  exportSyncFdForQSRILocked: call for image 0x729da7464310 hos timage handle 0x7000400000023
2025-02-22 02:11:32.201  4376-4541  MESA                    com...s.com.unity.template.urpblank  I  exportSyncFdForQSRILocked: got fd: 186
2025-02-22 02:11:32.202   384-4548  android.ha...mpl.ranchu android.hardware.audio.service       W  pcmWrite:259 pcm_writei failed with 'cannot read/write stream data: I/O error' (-1)
2025-02-22 02:11:32.202   384-4548  android.ha...mpl.ranchu android.hardware.audio.service       E  pcmWrite:260 failure: -1
2025-02-22 02:11:32.223  4376-4457  Unity                   com...s.com.unity.template.urpblank  I  Input states - Tapped: False, Held: False, Released: False
                                                                                                    UnityEngine.DebugLogHandler:Internal_Log(LogType, LogOption, String, Object)
                                                                                                    RoofTops.PlayerController:HandleJumpInput()
                                                                                                    RoofTops.PlayerController:Update()
2025-02-22 02:11:32.235  4376-4541  MESA                    com...s.com.unity.template.urpblank  I  exportSyncFdForQSRILocked: call for image 0x729da74ff7d0 hos timage handle 0x7000400000024
2025-02-22 02:11:32.235  4376-4541  MESA                    com...s.com.unity.template.urpblank  I  exportSyncFdForQSRILocked: got fd: 169
2025-02-22 02:11:32.256  4376-4457  Unity                   com...s.com.unity.template.urpblank  I  Input states - Tapped: False, Held: False, Released: False
                                                                                                    UnityEngine.DebugLogHandler:Internal_Log(LogType, LogOption, String, Object)
                                                                                                    RoofTops.PlayerController:HandleJumpInput()
                                                                                                    RoofTops.PlayerController:Update()
2025-02-22 02:11:32.269  4376-4541  MESA                    com...s.com.unity.template.urpblank  I  exportSyncFdForQSRILocked: call for image 0x729da756b050 hos timage handle 0x7000400000025
2025-02-22 02:11:32.269  4376-4541  MESA                    com...s.com.unity.template.urpblank  I  exportSyncFdForQSRILocked: got fd: 193
2025-02-22 02:11:32.293  4376-4457  Unity                   com...s.com.unity.template.urpblank  I  Input states - Tapped: False, Held: False, Released: False
                                                                                                    UnityEngine.DebugLogHandler:Internal_Log(LogType, LogOption, String, Object)
                                                                                                    RoofTops.PlayerController:HandleJumpInput()
                                                                                                    RoofTops.PlayerController:Update()
2025-02-22 02:11:32.304  4376-4541  MESA                    com...s.com.unity.template.urpblank  I  exportSyncFdForQSRILocked: call for image 0x729da7464310 hos timage handle 0x7000400000023
2025-02-22 02:11:32.304  4376-4541  MESA                    com...s.com.unity.template.urpblank  I  exportSyncFdForQSRILocked: got fd: 200
2025-02-22 02:11:32.311   384-4548  android.ha...mpl.ranchu android.hardware.audio.service       W  pcmWrite:259 pcm_writei failed with 'cannot read/write stream data: I/O error' (-1)
2025-02-22 02:11:32.311   384-4548  android.ha...mpl.ranchu android.hardware.audio.service       E  pcmWrite:260 failure: -1
2025-02-22 02:11:32.322  4376-4457  Unity                   com...s.com.unity.template.urpblank  I  Input states - Tapped: False, Held: False, Released: False
                                                                                                    UnityEngine.DebugLogHandler:Internal_Log(LogType, LogOption, String, Object)
                                                                                                    RoofTops.PlayerController:HandleJumpInput()
                                                                                                    RoofTops.PlayerController:Update()
2025-02-22 02:11:32.334  4376-4541  MESA                    com...s.com.unity.template.urpblank  I  exportSyncFdForQSRILocked: call for image 0x729da74ff7d0 hos timage handle 0x7000400000024
2025-02-22 02:11:32.334  4376-4541  MESA                    com...s.com.unity.template.urpblank  I  exportSyncFdForQSRILocked: got fd: 199
2025-02-22 02:11:32.356  4376-4457  Unity                   com...s.com.unity.template.urpblank  I  Input states - Tapped: False, Held: False, Released: False
                                                                                                    UnityEngine.DebugLogHandler:Internal_Log(LogType, LogOption, String, Object)
                                                                                                    RoofTops.PlayerController:HandleJumpInput()
                                                                                                    RoofTops.PlayerController:Update()
2025-02-22 02:11:32.365  4376-4541  MESA                    com...s.com.unity.template.urpblank  I  exportSyncFdForQSRILocked: call for image 0x729da756b050 hos timage handle 0x7000400000025
2025-02-22 02:11:32.365  4376-4541  MESA                    com...s.com.unity.template.urpblank  I  exportSyncFdForQSRILocked: got fd: 191
2025-02-22 02:11:32.392  4376-4457  Unity                   com...s.com.unity.template.urpblank  I  Input states - Tapped: False, Held: False, Released: False
                                                                                                    UnityEngine.DebugLogHandler:Internal_Log(LogType, LogOption, String, Object)
                                                                                                    RoofTops.PlayerController:HandleJumpInput()
                                                                                                    RoofTops.PlayerController:Update()
2025-02-22 02:11:32.401  4376-4541  MESA                    com...s.com.unity.template.urpblank  I  exportSyncFdForQSRILocked: call for image 0x729da7464310 hos timage handle 0x7000400000023
2025-02-22 02:11:32.401  4376-4541  MESA                    com...s.com.unity.template.urpblank  I  exportSyncFdForQSRILocked: got fd: 190
2025-02-22 02:11:32.414   384-4548  android.ha...mpl.ranchu android.hardware.audio.service       W  pcmWrite:259 pcm_writei failed with 'cannot read/write stream data: I/O error' (-1)
2025-02-22 02:11:32.414   384-4548  android.ha...mpl.ranchu android.hardware.audio.service       E  pcmWrite:260 failure: -1
2025-02-22 02:11:32.423  4376-4457  Unity                   com...s.com.unity.template.urpblank  I  Input states - Tapped: False, Held: False, Released: False
                                                                                                    UnityEngine.DebugLogHandler:Internal_Log(LogType, LogOption, String, Object)
                                                                                                    RoofTops.PlayerController:HandleJumpInput()
                                                                                                    RoofTops.PlayerController:Update()
2025-02-22 02:11:32.435  4376-4541  MESA                    com...s.com.unity.template.urpblank  I  exportSyncFdForQSRILocked: call for image 0x729da74ff7d0 hos timage handle 0x7000400000024
2025-02-22 02:11:32.435  4376-4541  MESA                    com...s.com.unity.template.urpblank  I  exportSyncFdForQSRILocked: got fd: 189
2025-02-22 02:11:32.456  4376-4457  Unity                   com...s.com.unity.template.urpblank  I  Input states - Tapped: False, Held: False, Released: False
                                                                                                    UnityEngine.DebugLogHandler:Internal_Log(LogType, LogOption, String, Object)
                                                                                                    RoofTops.PlayerController:HandleJumpInput()
                                                                                                    RoofTops.PlayerController:Update()
2025-02-22 02:11:32.465  4376-4541  MESA                    com...s.com.unity.template.urpblank  I  exportSyncFdForQSRILocked: call for image 0x729da756b050 hos timage handle 0x7000400000025
2025-02-22 02:11:32.465  4376-4541  MESA                    com...s.com.unity.template.urpblank  I  exportSyncFdForQSRILocked: got fd: 192
2025-02-22 02:11:32.491  4376-4457  Unity                   com...s.com.unity.template.urpblank  I  Input states - Tapped: False, Held: False, Released: False
                                                                                                    UnityEngine.DebugLogHandler:Internal_Log(LogType, LogOption, String, Object)
                                                                                                    RoofTops.PlayerController:HandleJumpInput()
                                                                                                    RoofTops.PlayerController:Update()
2025-02-22 02:11:32.499  4376-4541  MESA                    com...s.com.unity.template.urpblank  I  exportSyncFdForQSRILocked: call for image 0x729da7464310 hos timage handle 0x7000400000023
2025-02-22 02:11:32.500  4376-4541  MESA                    com...s.com.unity.template.urpblank  I  exportSyncFdForQSRILocked: got fd: 186
2025-02-22 02:11:32.519   384-4548  android.ha...mpl.ranchu android.hardware.audio.service       W  pcmWrite:259 pcm_writei failed with 'cannot read/write stream data: I/O error' (-1)
2025-02-22 02:11:32.519   384-4548  android.ha...mpl.ranchu android.hardware.audio.service       E  pcmWrite:260 failure: -1
2025-02-22 02:11:32.523  4376-4457  Unity                   com...s.com.unity.template.urpblank  I  Input states - Tapped: False, Held: False, Released: False
                                                                                                    UnityEngine.DebugLogHandler:Internal_Log(LogType, LogOption, String, Object)
                                                                                                    RoofTops.PlayerController:HandleJumpInput()
                                                                                                    RoofTops.PlayerController:Update()
2025-02-22 02:11:32.530  4376-4541  MESA                    com...s.com.unity.template.urpblank  I  exportSyncFdForQSRILocked: call for image 0x729da74ff7d0 hos timage handle 0x7000400000024
2025-02-22 02:11:32.530  4376-4541  MESA                    com...s.com.unity.template.urpblank  I  exportSyncFdForQSRILocked: got fd: 169
2025-02-22 02:11:32.555  4376-4457  Unity                   com...s.com.unity.template.urpblank  I  Input states - Tapped: False, Held: False, Released: False
                                                                                                    UnityEngine.DebugLogHandler:Internal_Log(LogType, LogOption, String, Object)
                                                                                                    RoofTops.PlayerController:HandleJumpInput()
                                                                                                    RoofTops.PlayerController:Update()
2025-02-22 02:11:32.563  4376-4541  MESA                    com...s.com.unity.template.urpblank  I  exportSyncFdForQSRILocked: call for image 0x729da756b050 hos timage handle 0x7000400000025
2025-02-22 02:11:32.563  4376-4541  MESA                    com...s.com.unity.template.urpblank  I  exportSyncFdForQSRILocked: got fd: 193
2025-02-22 02:11:32.589  4376-4457  Unity                   com...s.com.unity.template.urpblank  I  Input states - Tapped: False, Held: False, Released: False
                                                                                                    UnityEngine.DebugLogHandler:Internal_Log(LogType, LogOption, String, Object)
                                                                                                    RoofTops.PlayerController:HandleJumpInput()
                                                                                                    RoofTops.PlayerController:Update()
2025-02-22 02:11:32.596  4376-4541  MESA                    com...s.com.unity.template.urpblank  I  exportSyncFdForQSRILocked: call for image 0x729da7464310 hos timage handle 0x7000400000023
2025-02-22 02:11:32.596  4376-4541  MESA                    com...s.com.unity.template.urpblank  I  exportSyncFdForQSRILocked: got fd: 200
2025-02-22 02:11:32.622  4376-4457  Unity                   com...s.com.unity.template.urpblank  I  Input states - Tapped: False, Held: False, Released: False
                                                                                                    UnityEngine.DebugLogHandler:Internal_Log(LogType, LogOption, String, Object)
                                                                                                    RoofTops.PlayerController:HandleJumpInput()
                                                                                                    RoofTops.PlayerController:Update()
2025-02-22 02:11:32.622   384-4548  android.ha...mpl.ranchu android.hardware.audio.service       W  pcmWrite:259 pcm_writei failed with 'cannot read/write stream data: I/O error' (-1)
2025-02-22 02:11:32.622   384-4548  android.ha...mpl.ranchu android.hardware.audio.service       E  pcmWrite:260 failure: -1
2025-02-22 02:11:32.630  4376-4541  MESA                    com...s.com.unity.template.urpblank  I  exportSyncFdForQSRILocked: call for image 0x729da74ff7d0 hos timage handle 0x7000400000024
2025-02-22 02:11:32.630  4376-4541  MESA                    com...s.com.unity.template.urpblank  I  exportSyncFdForQSRILocked: got fd: 199
2025-02-22 02:11:32.664  4376-4541  MESA                    com...s.com.unity.template.urpblank  I  exportSyncFdForQSRILocked: call for image 0x729da756b050 hos timage handle 0x7000400000025
2025-02-22 02:11:32.664  4376-4541  MESA                    com...s.com.unity.template.urpblank  I  exportSyncFdForQSRILocked: got fd: 191
2025-02-22 02:11:32.697  4376-4541  MESA                    com...s.com.unity.template.urpblank  I  exportSyncFdForQSRILocked: call for image 0x729da7464310 hos timage handle 0x7000400000023
2025-02-22 02:11:32.697  4376-4541  MESA                    com...s.com.unity.template.urpblank  I  exportSyncFdForQSRILocked: got fd: 190
2025-02-22 02:11:32.727   384-4548  android.ha...mpl.ranchu android.hardware.audio.service       W  pcmWrite:259 pcm_writei failed with 'cannot read/write stream data: I/O error' (-1)
2025-02-22 02:11:32.727   384-4548  android.ha...mpl.ranchu android.hardware.audio.service       E  pcmWrite:260 failure: -1
2025-02-22 02:11:32.729  4376-4541  MESA                    com...s.com.unity.template.urpblank  I  exportSyncFdForQSRILocked: call for image 0x729da74ff7d0 hos timage handle 0x7000400000024
2025-02-22 02:11:32.729  4376-4541  MESA                    com...s.com.unity.template.urpblank  I  exportSyncFdForQSRILocked: got fd: 189
2025-02-22 02:11:32.762  4376-4541  MESA                    com...s.com.unity.template.urpblank  I  exportSyncFdForQSRILocked: call for image 0x729da756b050 hos timage handle 0x7000400000025
2025-02-22 02:11:32.762  4376-4541  MESA                    com...s.com.unity.template.urpblank  I  exportSyncFdForQSRILocked: got fd: 192
2025-02-22 02:11:32.795  4376-4541  MESA                    com...s.com.unity.template.urpblank  I  exportSyncFdForQSRILocked: call for image 0x729da7464310 hos timage handle 0x7000400000023
2025-02-22 02:11:32.795  4376-4541  MESA                    com...s.com.unity.template.urpblank  I  exportSyncFdForQSRILocked: got fd: 186
2025-02-22 02:11:32.828  4376-4541  MESA                    com...s.com.unity.template.urpblank  I  exportSyncFdForQSRILocked: call for image 0x729da74ff7d0 hos timage handle 0x7000400000024
2025-02-22 02:11:32.828  4376-4541  MESA                    com...s.com.unity.template.urpblank  I  exportSyncFdForQSRILocked: got fd: 169
2025-02-22 02:11:32.830   384-4548  android.ha...mpl.ranchu android.hardware.audio.service       W  pcmWrite:259 pcm_writei failed with 'cannot read/write stream data: I/O error' (-1)
2025-02-22 02:11:32.830   384-4548  android.ha...mpl.ranchu android.hardware.audio.service       E  pcmWrite:260 failure: -1
2025-02-22 02:11:32.861  4376-4541  MESA                    com...s.com.unity.template.urpblank  I  exportSyncFdForQSRILocked: call for image 0x729da756b050 hos timage handle 0x7000400000025
2025-02-22 02:11:32.861  4376-4541  MESA                    com...s.com.unity.template.urpblank  I  exportSyncFdForQSRILocked: got fd: 193
2025-02-22 02:11:32.896  4376-4541  MESA                    com...s.com.unity.template.urpblank  I  exportSyncFdForQSRILocked: call for image 0x729da7464310 hos timage handle 0x7000400000023
2025-02-22 02:11:32.896  4376-4541  MESA                    com...s.com.unity.template.urpblank  I  exportSyncFdForQSRILocked: got fd: 200
2025-02-22 02:11:32.930  4376-4541  MESA                    com...s.com.unity.template.urpblank  I  exportSyncFdForQSRILocked: call for image 0x729da74ff7d0 hos timage handle 0x7000400000024
2025-02-22 02:11:32.930  4376-4541  MESA                    com...s.com.unity.template.urpblank  I  exportSyncFdForQSRILocked: got fd: 199
2025-02-22 02:11:32.935   384-4548  android.ha...mpl.ranchu android.hardware.audio.service       W  pcmWrite:259 pcm_writei failed with 'cannot read/write stream data: I/O error' (-1)
2025-02-22 02:11:32.935   384-4548  android.ha...mpl.ranchu android.hardware.audio.service       E  pcmWrite:260 failure: -1
2025-02-22 02:11:32.962  4376-4541  MESA                    com...s.com.unity.template.urpblank  I  exportSyncFdForQSRILocked: call for image 0x729da756b050 hos timage handle 0x7000400000025
2025-02-22 02:11:32.962  4376-4541  MESA                    com...s.com.unity.template.urpblank  I  exportSyncFdForQSRILocked: got fd: 191
2025-02-22 02:11:32.997  4376-4541  MESA                    com...s.com.unity.template.urpblank  I  exportSyncFdForQSRILocked: call for image 0x729da7464310 hos timage handle 0x7000400000023
2025-02-22 02:11:32.997  4376-4541  MESA                    com...s.com.unity.template.urpblank  I  exportSyncFdForQSRILocked: got fd: 190
2025-02-22 02:11:33.030  4376-4541  MESA                    com...s.com.unity.template.urpblank  I  exportSyncFdForQSRILocked: call for image 0x729da74ff7d0 hos timage handle 0x7000400000024
2025-02-22 02:11:33.030  4376-4541  MESA                    com...s.com.unity.template.urpblank  I  exportSyncFdForQSRILocked: got fd: 189
2025-02-22 02:11:33.042   384-4548  android.ha...mpl.ranchu android.hardware.audio.service       W  pcmWrite:259 pcm_writei failed with 'cannot read/write stream data: I/O error' (-1)
2025-02-22 02:11:33.042   384-4548  android.ha...mpl.ranchu android.hardware.audio.service       E  pcmWrite:260 failure: -1
2025-02-22 02:11:33.062  4376-4541  MESA                    com...s.com.unity.template.urpblank  I  exportSyncFdForQSRILocked: call for image 0x729da756b050 hos timage handle 0x7000400000025
2025-02-22 02:11:33.062  4376-4541  MESA                    com...s.com.unity.template.urpblank  I  exportSyncFdForQSRILocked: got fd: 192
2025-02-22 02:11:33.096  4376-4541  MESA                    com...s.com.unity.template.urpblank  I  exportSyncFdForQSRILocked: call for image 0x729da7464310 hos timage handle 0x7000400000023
2025-02-22 02:11:33.097  4376-4541  MESA                    com...s.com.unity.template.urpblank  I  exportSyncFdForQSRILocked: got fd: 186
2025-02-22 02:11:33.129  4376-4541  MESA                    com...s.com.unity.template.urpblank  I  exportSyncFdForQSRILocked: call for image 0x729da74ff7d0 hos timage handle 0x7000400000024
2025-02-22 02:11:33.129  4376-4541  MESA                    com...s.com.unity.template.urpblank  I  exportSyncFdForQSRILocked: got fd: 169
2025-02-22 02:11:33.146   384-4548  android.ha...mpl.ranchu android.hardware.audio.service       W  pcmWrite:259 pcm_writei failed with 'cannot read/write stream data: I/O error' (-1)
2025-02-22 02:11:33.146   384-4548  android.ha...mpl.ranchu android.hardware.audio.service       E  pcmWrite:260 failure: -1
2025-02-22 02:11:33.162  4376-4541  MESA                    com...s.com.unity.template.urpblank  I  exportSyncFdForQSRILocked: call for image 0x729da756b050 hos timage handle 0x7000400000025
2025-02-22 02:11:33.163  4376-4541  MESA                    com...s.com.unity.template.urpblank  I  exportSyncFdForQSRILocked: got fd: 193
2025-02-22 02:11:33.197  4376-4541  MESA                    com...s.com.unity.template.urpblank  I  exportSyncFdForQSRILocked: call for image 0x729da7464310 hos timage handle 0x7000400000023
2025-02-22 02:11:33.197  4376-4541  MESA                    com...s.com.unity.template.urpblank  I  exportSyncFdForQSRILocked: got fd: 200
2025-02-22 02:11:33.229  4376-4541  MESA                    com...s.com.unity.template.urpblank  I  exportSyncFdForQSRILocked: call for image 0x729da74ff7d0 hos timage handle 0x7000400000024
2025-02-22 02:11:33.230  4376-4541  MESA                    com...s.com.unity.template.urpblank  I  exportSyncFdForQSRILocked: got fd: 199
2025-02-22 02:11:33.251   384-4548  android.ha...mpl.ranchu android.hardware.audio.service       W  pcmWrite:259 pcm_writei failed with 'cannot read/write stream data: I/O error' (-1)
2025-02-22 02:11:33.251   384-4548  android.ha...mpl.ranchu android.hardware.audio.service       E  pcmWrite:260 failure: -1
2025-02-22 02:11:33.263  4376-4541  MESA                    com...s.com.unity.template.urpblank  I  exportSyncFdForQSRILocked: call for image 0x729da756b050 hos timage handle 0x7000400000025
2025-02-22 02:11:33.264  4376-4541  MESA                    com...s.com.unity.template.urpblank  I  exportSyncFdForQSRILocked: got fd: 191
2025-02-22 02:11:33.297  4376-4541  MESA                    com...s.com.unity.template.urpblank  I  exportSyncFdForQSRILocked: call for image 0x729da7464310 hos timage handle 0x7000400000023
2025-02-22 02:11:33.298  4376-4541  MESA                    com...s.com.unity.template.urpblank  I  exportSyncFdForQSRILocked: got fd: 190
2025-02-22 02:11:33.328  4376-4541  MESA                    com...s.com.unity.template.urpblank  I  exportSyncFdForQSRILocked: call for image 0x729da74ff7d0 hos timage handle 0x7000400000024
2025-02-22 02:11:33.328  4376-4541  MESA                    com...s.com.unity.template.urpblank  I  exportSyncFdForQSRILocked: got fd: 189
2025-02-22 02:11:33.354   384-4548  android.ha...mpl.ranchu android.hardware.audio.service       W  pcmWrite:259 pcm_writei failed with 'cannot read/write stream data: I/O error' (-1)
2025-02-22 02:11:33.354   384-4548  android.ha...mpl.ranchu android.hardware.audio.service       E  pcmWrite:260 failure: -1
2025-02-22 02:11:33.361  4376-4541  MESA                    com...s.com.unity.template.urpblank  I  exportSyncFdForQSRILocked: call for image 0x729da756b050 hos timage handle 0x7000400000025
2025-02-22 02:11:33.361  4376-4541  MESA                    com...s.com.unity.template.urpblank  I  exportSyncFdForQSRILocked: got fd: 192
2025-02-22 02:11:33.394  4376-4541  MESA                    com...s.com.unity.template.urpblank  I  exportSyncFdForQSRILocked: call for image 0x729da7464310 hos timage handle 0x7000400000023
2025-02-22 02:11:33.394  4376-4541  MESA                    com...s.com.unity.template.urpblank  I  exportSyncFdForQSRILocked: got fd: 186
2025-02-22 02:11:33.427  4376-4541  MESA                    com...s.com.unity.template.urpblank  I  exportSyncFdForQSRILocked: call for image 0x729da74ff7d0 hos timage handle 0x7000400000024
2025-02-22 02:11:33.427  4376-4541  MESA                    com...s.com.unity.template.urpblank  I  exportSyncFdForQSRILocked: got fd: 169
2025-02-22 02:11:33.461  4376-4541  MESA                    com...s.com.unity.template.urpblank  I  exportSyncFdForQSRILocked: call for image 0x729da756b050 hos timage handle 0x7000400000025
2025-02-22 02:11:33.461  4376-4541  MESA                    com...s.com.unity.template.urpblank  I  exportSyncFdForQSRILocked: got fd: 193
2025-02-22 02:11:33.462   384-4548  android.ha...mpl.ranchu android.hardware.audio.service       W  pcmWrite:259 pcm_writei failed with 'cannot read/write stream data: I/O error' (-1)
2025-02-22 02:11:33.462   384-4548  android.ha...mpl.ranchu android.hardware.audio.service       E  pcmWrite:260 failure: -1
2025-02-22 02:11:33.494  4376-4541  MESA                    com...s.com.unity.template.urpblank  I  exportSyncFdForQSRILocked: call for image 0x729da7464310 hos timage handle 0x7000400000023
2025-02-22 02:11:33.494  4376-4541  MESA                    com...s.com.unity.template.urpblank  I  exportSyncFdForQSRILocked: got fd: 200
2025-02-22 02:11:33.528  4376-4541  MESA                    com...s.com.unity.template.urpblank  I  exportSyncFdForQSRILocked: call for image 0x729da74ff7d0 hos timage handle 0x7000400000024
2025-02-22 02:11:33.528  4376-4541  MESA                    com...s.com.unity.template.urpblank  I  exportSyncFdForQSRILocked: got fd: 199
2025-02-22 02:11:33.559  4376-4541  MESA                    com...s.com.unity.template.urpblank  I  exportSyncFdForQSRILocked: call for image 0x729da756b050 hos timage handle 0x7000400000025
2025-02-22 02:11:33.559  4376-4541  MESA                    com...s.com.unity.template.urpblank  I  exportSyncFdForQSRILocked: got fd: 191
2025-02-22 02:11:33.567   384-4548  android.ha...mpl.ranchu android.hardware.audio.service       W  pcmWrite:259 pcm_writei failed with 'cannot read/write stream data: I/O error' (-1)
2025-02-22 02:11:33.567   384-4548  android.ha...mpl.ranchu android.hardware.audio.service       E  pcmWrite:260 failure: -1
2025-02-22 02:11:33.597  4376-4541  MESA                    com...s.com.unity.template.urpblank  I  exportSyncFdForQSRILocked: call for image 0x729da7464310 hos timage handle 0x7000400000023
2025-02-22 02:11:33.597  4376-4541  MESA                    com...s.com.unity.template.urpblank  I  exportSyncFdForQSRILocked: got fd: 190
2025-02-22 02:11:33.627  4376-4541  MESA                    com...s.com.unity.template.urpblank  I  exportSyncFdForQSRILocked: call for image 0x729da74ff7d0 hos timage handle 0x7000400000024
2025-02-22 02:11:33.627  4376-4541  MESA                    com...s.com.unity.template.urpblank  I  exportSyncFdForQSRILocked: got fd: 189
2025-02-22 02:11:33.661  4376-4541  MESA                    com...s.com.unity.template.urpblank  I  exportSyncFdForQSRILocked: call for image 0x729da756b050 hos timage handle 0x7000400000025
2025-02-22 02:11:33.661  4376-4541  MESA                    com...s.com.unity.template.urpblank  I  exportSyncFdForQSRILocked: got fd: 192
2025-02-22 02:11:33.675   384-4548  android.ha...mpl.ranchu android.hardware.audio.service       W  pcmWrite:259 pcm_writei failed with 'cannot read/write stream data: I/O error' (-1)
2025-02-22 02:11:33.675   384-4548  android.ha...mpl.ranchu android.hardware.audio.service       E  pcmWrite:260 failure: -1
2025-02-22 02:11:33.708  4376-4541  MESA                    com...s.com.unity.template.urpblank  I  exportSyncFdForQSRILocked: call for image 0x729da7464310 hos timage handle 0x7000400000023
2025-02-22 02:11:33.708  4376-4541  MESA                    com...s.com.unity.template.urpblank  I  exportSyncFdForQSRILocked: got fd: 186
2025-02-22 02:11:33.728  4376-4541  MESA                    com...s.com.unity.template.urpblank  I  exportSyncFdForQSRILocked: call for image 0x729da74ff7d0 hos timage handle 0x7000400000024
2025-02-22 02:11:33.728  4376-4541  MESA                    com...s.com.unity.template.urpblank  I  exportSyncFdForQSRILocked: got fd: 169
2025-02-22 02:11:33.763  4376-4541  MESA                    com...s.com.unity.template.urpblank  I  exportSyncFdForQSRILocked: call for image 0x729da756b050 hos timage handle 0x7000400000025
2025-02-22 02:11:33.763  4376-4541  MESA                    com...s.com.unity.template.urpblank  I  exportSyncFdForQSRILocked: got fd: 193
2025-02-22 02:11:33.779   384-4548  android.ha...mpl.ranchu android.hardware.audio.service       W  pcmWrite:259 pcm_writei failed with 'cannot read/write stream data: I/O error' (-1)
2025-02-22 02:11:33.779   384-4548  android.ha...mpl.ranchu android.hardware.audio.service       E  pcmWrite:260 failure: -1
2025-02-22 02:11:33.795  4376-4541  MESA                    com...s.com.unity.template.urpblank  I  exportSyncFdForQSRILocked: call for image 0x729da7464310 hos timage handle 0x7000400000023
2025-02-22 02:11:33.795  4376-4541  MESA                    com...s.com.unity.template.urpblank  I  exportSyncFdForQSRILocked: got fd: 200
2025-02-22 02:11:33.827  4376-4541  MESA                    com...s.com.unity.template.urpblank  I  exportSyncFdForQSRILocked: call for image 0x729da74ff7d0 hos timage handle 0x7000400000024
2025-02-22 02:11:33.828  4376-4541  MESA                    com...s.com.unity.template.urpblank  I  exportSyncFdForQSRILocked: got fd: 199
2025-02-22 02:11:33.861  4376-4541  MESA                    com...s.com.unity.template.urpblank  I  exportSyncFdForQSRILocked: call for image 0x729da756b050 hos timage handle 0x7000400000025
2025-02-22 02:11:33.861  4376-4541  MESA                    com...s.com.unity.template.urpblank  I  exportSyncFdForQSRILocked: got fd: 191
2025-02-22 02:11:33.883   384-4548  android.ha...mpl.ranchu android.hardware.audio.service       W  pcmWrite:259 pcm_writei failed with 'cannot read/write stream data: I/O error' (-1)
2025-02-22 02:11:33.883   384-4548  android.ha...mpl.ranchu android.hardware.audio.service       E  pcmWrite:260 failure: -1
2025-02-22 02:11:33.895  4376-4541  MESA                    com...s.com.unity.template.urpblank  I  exportSyncFdForQSRILocked: call for image 0x729da7464310 hos timage handle 0x7000400000023
2025-02-22 02:11:33.895  4376-4541  MESA                    com...s.com.unity.template.urpblank  I  exportSyncFdForQSRILocked: got fd: 190
2025-02-22 02:11:33.929  4376-4541  MESA                    com...s.com.unity.template.urpblank  I  exportSyncFdForQSRILocked: call for image 0x729da74ff7d0 hos timage handle 0x7000400000024
2025-02-22 02:11:33.929  4376-4541  MESA                    com...s.com.unity.template.urpblank  I  exportSyncFdForQSRILocked: got fd: 189
2025-02-22 02:11:33.962  4376-4541  MESA                    com...s.com.unity.template.urpblank  I  exportSyncFdForQSRILocked: call for image 0x729da756b050 hos timage handle 0x7000400000025
2025-02-22 02:11:33.962  4376-4541  MESA                    com...s.com.unity.template.urpblank  I  exportSyncFdForQSRILocked: got fd: 192
2025-02-22 02:11:33.987   384-4548  android.ha...mpl.ranchu android.hardware.audio.service       W  pcmWrite:259 pcm_writei failed with 'cannot read/write stream data: I/O error' (-1)
2025-02-22 02:11:33.987   384-4548  android.ha...mpl.ranchu android.hardware.audio.service       E  pcmWrite:260 failure: -1
2025-02-22 02:11:33.997  4376-4541  MESA                    com...s.com.unity.template.urpblank  I  exportSyncFdForQSRILocked: call for image 0x729da7464310 hos timage handle 0x7000400000023
2025-02-22 02:11:33.998  4376-4541  MESA                    com...s.com.unity.template.urpblank  I  exportSyncFdForQSRILocked: got fd: 186
2025-02-22 02:11:34.028  4376-4541  MESA                    com...s.com.unity.template.urpblank  I  exportSyncFdForQSRILocked: call for image 0x729da74ff7d0 hos timage handle 0x7000400000024
2025-02-22 02:11:34.028  4376-4541  MESA                    com...s.com.unity.template.urpblank  I  exportSyncFdForQSRILocked: got fd: 169
2025-02-22 02:11:34.060  4376-4541  MESA                    com...s.com.unity.template.urpblank  I  exportSyncFdForQSRILocked: call for image 0x729da756b050 hos timage handle 0x7000400000025
2025-02-22 02:11:34.060  4376-4541  MESA                    com...s.com.unity.template.urpblank  I  exportSyncFdForQSRILocked: got fd: 193
2025-02-22 02:11:34.092   384-4548  android.ha...mpl.ranchu android.hardware.audio.service       W  pcmWrite:259 pcm_writei failed with 'cannot read/write stream data: I/O error' (-1)
2025-02-22 02:11:34.092   384-4548  android.ha...mpl.ranchu android.hardware.audio.service       E  pcmWrite:260 failure: -1
2025-02-22 02:11:34.098  4376-4541  MESA                    com...s.com.unity.template.urpblank  I  exportSyncFdForQSRILocked: call for image 0x729da7464310 hos timage handle 0x7000400000023
2025-02-22 02:11:34.098  4376-4541  MESA                    com...s.com.unity.template.urpblank  I  exportSyncFdForQSRILocked: got fd: 200
2025-02-22 02:11:34.129  4376-4541  MESA                    com...s.com.unity.template.urpblank  I  exportSyncFdForQSRILocked: call for image 0x729da74ff7d0 hos timage handle 0x7000400000024
2025-02-22 02:11:34.129  4376-4541  MESA                    com...s.com.unity.template.urpblank  I  exportSyncFdForQSRILocked: got fd: 199
2025-02-22 02:11:34.161  4376-4541  MESA                    com...s.com.unity.template.urpblank  I  exportSyncFdForQSRILocked: call for image 0x729da756b050 hos timage handle 0x7000400000025
2025-02-22 02:11:34.161  4376-4541  MESA                    com...s.com.unity.template.urpblank  I  exportSyncFdForQSRILocked: got fd: 191
2025-02-22 02:11:34.195   384-4548  android.ha...mpl.ranchu android.hardware.audio.service       W  pcmWrite:259 pcm_writei failed with 'cannot read/write stream data: I/O error' (-1)
2025-02-22 02:11:34.195   384-4548  android.ha...mpl.ranchu android.hardware.audio.service       E  pcmWrite:260 failure: -1
2025-02-22 02:11:34.197  4376-4541  MESA                    com...s.com.unity.template.urpblank  I  exportSyncFdForQSRILocked: call for image 0x729da7464310 hos timage handle 0x7000400000023
2025-02-22 02:11:34.197  4376-4541  MESA                    com...s.com.unity.template.urpblank  I  exportSyncFdForQSRILocked: got fd: 190
2025-02-22 02:11:34.229  4376-4541  MESA                    com...s.com.unity.template.urpblank  I  exportSyncFdForQSRILocked: call for image 0x729da74ff7d0 hos timage handle 0x7000400000024
2025-02-22 02:11:34.230  4376-4541  MESA                    com...s.com.unity.template.urpblank  I  exportSyncFdForQSRILocked: got fd: 189
2025-02-22 02:11:34.260  4376-4541  MESA                    com...s.com.unity.template.urpblank  I  exportSyncFdForQSRILocked: call for image 0x729da756b050 hos timage handle 0x7000400000025
2025-02-22 02:11:34.260  4376-4541  MESA                    com...s.com.unity.template.urpblank  I  exportSyncFdForQSRILocked: got fd: 192
2025-02-22 02:11:34.298  4376-4541  MESA                    com...s.com.unity.template.urpblank  I  exportSyncFdForQSRILocked: call for image 0x729da7464310 hos timage handle 0x7000400000023
2025-02-22 02:11:34.298  4376-4541  MESA                    com...s.com.unity.template.urpblank  I  exportSyncFdForQSRILocked: got fd: 186
