2025-02-20 19:41:16.130 10967-11008 EGL_emulation           com.android.systemui                 D  app_time_stats: avg=550.24ms min=5.69ms max=1633.81ms count=3
2025-02-20 19:41:16.133   624-786   ActivityManager         system_server                        D  freezing 10204 com.google.android.webview:sandboxed_process0:org.chromium.content.app.SandboxedProcessService0:0
2025-02-20 19:41:16.138   624-1119  InetDiagMessage         system_server                        D  Destroyed 0 sockets, proto=IPPROTO_TCP, family=AF_INET, states=14
2025-02-20 19:41:16.140   624-1119  InetDiagMessage         system_server                        D  Destroyed 0 sockets, proto=IPPROTO_TCP, family=AF_INET6, states=14
2025-02-20 19:41:16.140   624-1119  InetDiagMessage         system_server                        D  Destroyed live tcp sockets for uids={99001} in 3ms
2025-02-20 19:41:16.156   624-679   PowerGroup              system_server                        I  Sleeping power group (groupId=0, uid=1000, reason=timeout)...
2025-02-20 19:41:16.156   624-679   PowerManagerService     system_server                        I  Sleeping (uid 1000)...
2025-02-20 19:41:16.160  7033-7033  NearbyDiscovery         com.google.android.gms.persistent    I  (REDACTED) FastPairDisplayObserver: %s -> %s
2025-02-20 19:41:16.162   624-679   Brightness...malClamper system_server                        D  Thermal status observer already started
2025-02-20 19:41:16.172  7033-7884  NearbySharing           com.google.android.gms.persistent    I  Screen is locked
2025-02-20 19:41:16.175  7033-7884  NearbySharing           com.google.android.gms.persistent    I  Stopping scanning because the screen is locked.
2025-02-20 19:41:16.182  7033-7884  NearbySharing           com.google.android.gms.persistent    I  Stopping Fast Init advertisement because we're not scanning in the foreground.
2025-02-20 19:41:16.185  7033-7884  NearbySharing           com.google.android.gms.persistent    I  Stopping advertising because the screen is locked.
2025-02-20 19:41:16.186  7033-7884  NearbySharing           com.google.android.gms.persistent    I  Stopping FastInitiation scanning because the screen is locked.
2025-02-20 19:41:16.187  7033-7884  NearbySharing           com.google.android.gms.persistent    I  Fast Initiation Scanning has stopped
2025-02-20 19:41:16.187   624-650   DisplayManagerService   system_server                        D  Ignore redundant display event 0/2 to 10146/9586
2025-02-20 19:41:16.187   624-650   DisplayManagerService   system_server                        D  Ignore redundant display event 0/2 to 10142/10055
2025-02-20 19:41:16.187  7033-7884  NearbySharing           com.google.android.gms.persistent    I  Dismissing HUN as there's no device nearby.
2025-02-20 19:41:16.190 10967-10967 KeyguardViewMediator    com.android.systemui                 D  KeyguardViewMediator queue processing message: NOTIFY_FINISHED_GOING_TO_SLEEP
2025-02-20 19:41:16.194 10967-10967 CentralSurfaces         com.android.systemui                 D  !shouldBeKeyguard mStatusBarStateController.isKeyguardRequested() false keyguardForDozing false wakeAndUnlocking false isWakingAndOccluded false
2025-02-20 19:41:16.195 10967-10967 CentralSurfaces         com.android.systemui                 D  hideKeyguardImpl false
2025-02-20 19:41:16.214   624-624   PowerManagerService     system_server                        I  onFlip(): Face up.
2025-02-20 19:41:16.222  7033-7176  NearbyDiscovery         com.google.android.gms.persistent    I  (REDACTED) OffloadFastPairScanner: eventType=%s, isInternalReq=%s, isOffloadScanning=%s, isOffloadScanningAllowed=%s
2025-02-20 19:41:16.226  1417-1417  SpaLogMetricsProvider   com.android.settings                 D  PAGE_LEAVE page 0
2025-02-20 19:41:16.227  7033-7176  NearbyDiscovery         com.google.android.gms.persistent    I  (REDACTED) FastPairScanner: isScreenOn=%s, isLocationEnabled=%s, disableLocationRequirement=%s, isDiscoveryScanningEnabled=%s, during24GhzWifiWarmingUpPeriod=%s
2025-02-20 19:41:16.227  7033-7176  BluetoothAdapter        com.google.android.gms.persistent    D  isLeEnabled(): ON
2025-02-20 19:41:16.228  7033-7176  NearbyDiscovery         com.google.android.gms.persistent    I  (REDACTED) FastPairScanner: eventType=%s, intReq=%s, scanning=%s, scanAllowed=%s, bleEnabled=%s, lockScanRate=%s, startScanningByLowPowerMode=%s
2025-02-20 19:41:16.228  7033-7176  NearbyDiscovery         com.google.android.gms.persistent    I  (REDACTED) FastPairScanner: Stopping scan, %s
2025-02-20 19:41:16.229  7033-7176  BluetoothAdapter        com.google.android.gms.persistent    D  isLeEnabled(): ON
2025-02-20 19:41:16.240  9241-9289  bt_shim_scanner         com.google.android.bluetooth         I  system/main/shim/le_scanning_manager.cc:179 Scan: in shim layer stopped
2025-02-20 19:41:16.245  1494-1494  StateManager            com...le.android.apps.nexuslauncher  D  goToState - fromState: Normal, toState: Normal, partial trace:
                                                                                                    	at com.android.launcher3.Launcher.onScreenOnChanged(go/retraceme 2855a437b73635ce9cad76b9289087e631bbb67fc90008a0da13d343a00e5041:20)
                                                                                                    	at com.android.launcher3.Z.onScreenOnChanged(go/retraceme 2855a437b73635ce9cad76b9289087e631bbb67fc90008a0da13d343a00e5041:3)
                                                                                                    	at com.android.launcher3.util.ScreenOnTracker.b(go/retraceme 2855a437b73635ce9cad76b9289087e631bbb67fc90008a0da13d343a00e5041:3)
2025-02-20 19:41:16.265  9241-9376  bt_shim_scanner         com.google.android.bluetooth         I  system/main/shim/le_scanning_manager.cc:173 Unregister: in shim layer, scanner_id:1
2025-02-20 19:41:16.270 10967-10967 vol.VolumeDialogImpl    com.android.systemui                 I  mDialog.dismiss() reason: screen_off from: com.android.systemui.volume.VolumeDialogImpl$7.onScreenOff:4
2025-02-20 19:41:16.281   522-522   libgoldfish-rild        libgoldfish-rild                     W  Multi-element reporting criteria are not supported with HIDL HAL
2025-02-20 19:41:16.288  9241-9275  bluetooth               com.google.android.bluetooth         I  system/gd/hci/le_address_manager.cc:244 unregister_client: Client unregistered
2025-02-20 19:41:16.289  9241-9275  bluetooth               com.google.android.bluetooth         I  system/gd/hci/le_address_manager.cc:248 unregister_client: Cancelled address rotation alarm
2025-02-20 19:41:16.297 10967-10967 KeyguardTr...Repository com.android.systemui                 I  FINISHED transition: TransitionStep(from=GONE, to=DOZING, value=1.0, transitionState=FINISHED, ownerName=FromGoneTransitionInteractor(Sleep transition triggered))
2025-02-20 19:41:16.305  9241-9289  bt_shim_scanner         com.google.android.bluetooth         I  system/main/shim/le_scanning_manager.cc:361 SetScanParameters: in shim layer
2025-02-20 19:41:16.306  9241-9289  bt_shim_scanner         com.google.android.bluetooth         I  system/main/shim/le_scanning_manager.cc:179 Scan: in shim layer started
2025-02-20 19:41:16.307  9241-9289  bt_shim_scanner         com.google.android.bluetooth         I  system/main/shim/le_scanning_manager.cc:179 Scan: in shim layer stopped
2025-02-20 19:41:16.308  9241-9289  bt_shim_scanner         com.google.android.bluetooth         I  system/main/shim/le_scanning_manager.cc:215 ScanFilterParamSetup: in shim layer
2025-02-20 19:41:16.309   624-1156  MR2ServiceImpl          system_server                        I  Updating composite discovery preference | preference: RouteDiscoveryRequest{ preferredFeatures={}, activeScan=false }, active routers: []
2025-02-20 19:41:16.312 11089-11127 DeviceStatusMonitor     com...gle.android.inputmethod.latin  I  DeviceStatusMonitor.handleBroadcast():123 onReceive() : Action = android.intent.action.SCREEN_OFF
2025-02-20 19:41:16.313  9241-9289  bt_shim_scanner         com.google.android.bluetooth         I  system/main/shim/le_scanning_manager.cc:215 ScanFilterParamSetup: in shim layer
2025-02-20 19:41:16.313 11089-11089 GoogleInpu...hodService com...gle.android.inputmethod.latin  I  GoogleInputMethodService.updateDeviceLockedStatus():2248 repeatCheckTimes = 0, locked = false
2025-02-20 19:41:16.314 11089-11127 DeviceStatusMonitor     com...gle.android.inputmethod.latin  I  DeviceStatusMonitor.updateCountryInfo():139 updateCountryInfo(), notifyAnyway = false
2025-02-20 19:41:16.317 11089-11089 PeriodicTaskWorker      com...gle.android.inputmethod.latin  I  PeriodicTaskWorker.maybeScheduleOneTimeWork():149 Schedule PeriodicTask for only one time.
2025-02-20 19:41:16.318 11089-11089 ModuleManager           com...gle.android.inputmethod.latin  W  ModuleManager.loadModule():473 Module gqr is not available
2025-02-20 19:41:16.319 11089-11089 InputBundle             com...gle.android.inputmethod.latin  I  InputBundle.consumeEvent():880 Skip consuming an event as imeStatus is 0
2025-02-20 19:41:16.320 11089-11119 FeatureSpl...tionModule com...gle.android.inputmethod.latin  I  FeatureSplitObservationModule.notifyComponentIfReady():183 Modules: Installed: [[]], Newly installed (notifying): []
2025-02-20 19:41:16.322  9241-9275  bluetooth               com.google.android.bluetooth         I  system/gd/hci/le_scanning_manager.cc:636 stop_scan: Scanning already stopped, return!
2025-02-20 19:41:16.323  9241-9279  BtGatt.ContextMap       com.google.android.bluetooth         E  Context not found for ID 1
2025-02-20 19:41:16.324  9241-9279  BtGatt.ScanHelper       com.google.android.bluetooth         E  Advertise app or callback is null
2025-02-20 19:41:16.351  9241-9275  bluetooth               com.google.android.bluetooth         I  system/gd/hci/le_address_manager.cc:226 register_client: Scheduled address rotation for first client registered
2025-02-20 19:41:16.352  9241-9275  bluetooth               com.google.android.bluetooth         I  system/gd/hci/le_address_manager.cc:229 register_client: Client registered
2025-02-20 19:41:16.352  9241-9275  bluetooth               com.google.android.bluetooth         A  system/gd/hci/hci_layer.cc:478 on_hardware_error: Hardware Error Event with code 0x42
2025-02-20 19:41:16.353  9241-9275  libc                    com.google.android.bluetooth         A  Fatal signal 6 (SIGABRT), code -1 (SI_QUEUE) in tid 9275 (bt_stack_manage), pid 9241 (droid.bluetooth)
2025-02-20 19:41:16.374  7033-7142  ActivityScheduler       com.google.android.gms.persistent    I  nextTriggerTime: 3651539, in -39374ms, detectorType: 39, FULL_TYPE alarmWindowMillis: 80000
2025-02-20 19:41:16.379  1768-2047  A                       com....android.googlequicksearchbox  W  (REDACTED) Missing generator mapping for generator %s
2025-02-20 19:41:16.380  1768-2047  A                       com....android.googlequicksearchbox  W  (REDACTED) Missing generator mapping for generator %s
2025-02-20 19:41:16.380  1768-2047  A                       com....android.googlequicksearchbox  W  (REDACTED) Missing generator mapping for generator %s
2025-02-20 19:41:16.381  7033-7142  ActivityScheduler       com.google.android.gms.persistent    I  nextTriggerTime: 3593439, in -97483ms, detectorType: 39, FULL_TYPE alarmWindowMillis: 60000
2025-02-20 19:41:16.392  7033-7176  NearbyDiscovery         com.google.android.gms.persistent    I  (REDACTED) FastPairHandler: Received action %s
2025-02-20 19:41:16.392  7033-7176  NearbyDiscovery         com.google.android.gms.persistent    I  (REDACTED) OffloadFastPairScanner: eventType=%s, isInternalReq=%s, isOffloadScanning=%s, isOffloadScanningAllowed=%s
2025-02-20 19:41:16.393  7033-7176  NearbyDiscovery         com.google.android.gms.persistent    I  (REDACTED) FastPairScanner: isScreenOn=%s, isLocationEnabled=%s, disableLocationRequirement=%s, isDiscoveryScanningEnabled=%s, during24GhzWifiWarmingUpPeriod=%s
2025-02-20 19:41:16.393  7033-7176  BluetoothAdapter        com.google.android.gms.persistent    D  isLeEnabled(): ON
2025-02-20 19:41:16.393  7033-7176  NearbyDiscovery         com.google.android.gms.persistent    I  (REDACTED) FastPairScanner: eventType=%s, intReq=%s, scanning=%s, scanAllowed=%s, bleEnabled=%s, lockScanRate=%s, startScanningByLowPowerMode=%s
2025-02-20 19:41:16.401  7033-7176  NearbyDiscovery         com.google.android.gms.persistent    I  FastPairController: onSystemStateChanged: skip due to flag disabled [CONTEXT service_id=265 ]
2025-02-20 19:41:16.407 11176-11176 crash_dump64            pid-11176                            E  failed to get the guest state header for thread 9241: Bad address
2025-02-20 19:41:16.409 11176-11176 crash_dump64            pid-11176                            E  failed to get the guest state header for thread 9243: Bad address
2025-02-20 19:41:16.410 11176-11176 crash_dump64            pid-11176                            E  failed to get the guest state header for thread 9244: Bad address
2025-02-20 19:41:16.413 11176-11176 crash_dump64            pid-11176                            E  failed to get the guest state header for thread 9245: Bad address
2025-02-20 19:41:16.415 11176-11176 crash_dump64            pid-11176                            E  failed to get the guest state header for thread 9246: Bad address
2025-02-20 19:41:16.415 11176-11176 crash_dump64            pid-11176                            E  failed to get the guest state header for thread 9247: Bad address
2025-02-20 19:41:16.420  1768-2047  A                       com....android.googlequicksearchbox  I  Disconnecting from SysUi, flag disabled [IVR-C]
2025-02-20 19:41:16.420 11176-11176 crash_dump64            pid-11176                            E  failed to get the guest state header for thread 9248: Bad address
2025-02-20 19:41:16.421 11176-11176 crash_dump64            pid-11176                            E  failed to get the guest state header for thread 9249: Bad address
2025-02-20 19:41:16.422 11176-11176 crash_dump64            pid-11176                            E  failed to get the guest state header for thread 9250: Bad address
2025-02-20 19:41:16.423 11176-11176 crash_dump64            pid-11176                            E  failed to get the guest state header for thread 9251: Bad address
2025-02-20 19:41:16.424  1768-2047  A                       com....android.googlequicksearchbox  I  Disconnecting from SysUi, eligibilityNotifier absent [IVR-C]
2025-02-20 19:41:16.425  1768-2035  A                       com....android.googlequicksearchbox  I  (REDACTED) stopListening(%s, %s)
2025-02-20 19:41:16.425 11176-11176 crash_dump64            pid-11176                            E  failed to get the guest state header for thread 9252: Bad address
2025-02-20 19:41:16.427  1768-2047  A                       com....android.googlequicksearchbox  I  Disconnecting from SysUi, VM not enabled [IVR-C]
2025-02-20 19:41:16.431   624-637   system_server           system_server                        I  NativeAlloc concurrent mark compact GC freed 19MB AllocSpace bytes, 34(4056KB) LOS objects, 43% free, 30MB/54MB, paused 3.265ms,2.123ms total 326.702ms
2025-02-20 19:41:16.431  1768-2047  A                       com....android.googlequicksearchbox  I  Disconnecting from SysUi, LSPR/AOL not enabled and screen is locked [IVR-C]
2025-02-20 19:41:16.432 11176-11176 crash_dump64            pid-11176                            E  failed to get the guest state header for thread 9253: Bad address
2025-02-20 19:41:16.432  1768-2047  A                       com....android.googlequicksearchbox  I  No binding to unbind [IVR-C]
2025-02-20 19:41:16.432  1768-2047  A                       com....android.googlequicksearchbox  I  Disconnected from SysUi [IVR-C]
2025-02-20 19:41:16.436  1768-2047  A                       com....android.googlequicksearchbox  I  (REDACTED) stopListening(%s, %s)
2025-02-20 19:41:16.439  1768-2037  A                       com....android.googlequicksearchbox  I  Ignoring as mutex already locked
2025-02-20 19:41:16.441   624-638   BpBinder                system_server                        I  onLastStrongRef automatically unlinking death recipients: 
2025-02-20 19:41:16.444 11176-11176 crash_dump64            pid-11176                            E  failed to get the guest state header for thread 9261: Bad address
2025-02-20 19:41:16.445 11089-11125 CompatChangeReporter    com...gle.android.inputmethod.latin  D  Compat change id reported: 263076149; UID 10156; state: ENABLED
2025-02-20 19:41:16.448 11176-11176 crash_dump64            pid-11176                            E  failed to get the guest state header for thread 9268: Bad address
2025-02-20 19:41:16.449 11176-11176 crash_dump64            pid-11176                            E  failed to get the guest state header for thread 9269: Bad address
2025-02-20 19:41:16.451 11176-11176 crash_dump64            pid-11176                            E  failed to get the guest state header for thread 9270: Bad address
2025-02-20 19:41:16.451 11176-11176 crash_dump64            pid-11176                            E  failed to get the guest state header for thread 9271: Bad address
2025-02-20 19:41:16.452 11176-11176 crash_dump64            pid-11176                            E  failed to get the guest state header for thread 9272: Bad address
2025-02-20 19:41:16.453 11176-11176 crash_dump64            pid-11176                            E  failed to get the guest state header for thread 9273: Bad address
2025-02-20 19:41:16.453 11176-11176 crash_dump64            pid-11176                            E  failed to get the guest state header for thread 9274: Bad address
2025-02-20 19:41:16.454 11176-11176 crash_dump64            pid-11176                            E  failed to get the guest state header for thread 9275: Bad address
2025-02-20 19:41:16.455  1768-2037  Ma-fcf                  com....android.googlequicksearchbox  I  (REDACTED) #FCF: Demo mode check status : %s
2025-02-20 19:41:16.456 11176-11176 crash_dump64            pid-11176                            E  failed to get the guest state header for thread 9276: Bad address
2025-02-20 19:41:16.456   624-638   BpBinder                system_server                        I  onLastStrongRef automatically unlinking death recipients: 
2025-02-20 19:41:16.458 11089-11111 PeriodicTaskWorker      com...gle.android.inputmethod.latin  I  PeriodicTaskWorker.call():208 call()
2025-02-20 19:41:16.459   624-638   BpBinder                system_server                        I  onLastStrongRef automatically unlinking death recipients: 
2025-02-20 19:41:16.462  1768-2046  Ma-fcf                  com....android.googlequicksearchbox  I  (REDACTED) #FCF: Managed profile check status : %s
2025-02-20 19:41:16.463  1768-2037  Ma-fcf-tngMaStatus      com....android.googlequicksearchbox  I  (REDACTED) #FCF evaluate: %s
2025-02-20 19:41:16.463  1768-2037  Ma-fcf-tngMaStatus      com....android.googlequicksearchbox  I  (REDACTED) TngMaStatusChecker#evaluateInternal completed in %s millis
2025-02-20 19:41:16.467 11176-11176 crash_dump64            pid-11176                            E  failed to get the guest state header for thread 9279: Bad address
2025-02-20 19:41:16.467   624-639   system_server           system_server                        W  ApkAssets: Deleting an ApkAssets object '<empty> and /system/priv-app/GooglePackageInstaller/GooglePackageInstaller.apk' with 1 weak references
2025-02-20 19:41:16.469   624-639   System                  system_server                        W  A resource failed to call HardwareBuffer.close. 
2025-02-20 19:41:16.469 11176-11176 crash_dump64            pid-11176                            E  failed to get the guest state header for thread 9280: Bad address
2025-02-20 19:41:16.470 11176-11176 crash_dump64            pid-11176                            E  failed to get the guest state header for thread 9281: Bad address
2025-02-20 19:41:16.473  1768-2037  Ma-fcf-Rob...ityChecker com....android.googlequicksearchbox  I  User not OptedIn. Skipping Eligibility Checks.
2025-02-20 19:41:16.476  1768-2037  Ma-fcf-hea...ntegration com....android.googlequicksearchbox  I  Headphone voice queries disabled: HEADPHONE_VOICE_QUERIES flag not enabled
2025-02-20 19:41:16.476  1768-2037  Ma-fcf-hea...ntegration com....android.googlequicksearchbox  I  Headphone notification anouncement disabled: ENABLE_NOTIFICATION_ANNOUNCEMENT flag not enabled
2025-02-20 19:41:16.478   624-639   system_server           system_server                        W  ApkAssets: Deleting an ApkAssets object '<empty> and /apex/com.android.permission/priv-app/GooglePermissionController@350820360/GooglePermissionController.apk' with 1 weak references
2025-02-20 19:41:16.481   624-639   system_server           system_server                        W  ApkAssets: Deleting an ApkAssets object '/product/overlay/GooglePermissionControllerOverlay.apk' with 1 weak references
2025-02-20 19:41:16.482   624-639   System                  system_server                        W  A resource failed to call release. 
2025-02-20 19:41:16.482 11176-11176 crash_dump64            pid-11176                            E  failed to get the guest state header for thread 9282: Bad address
2025-02-20 19:41:16.482   624-639   System                  system_server                        W  A resource failed to call release. 
2025-02-20 19:41:16.482 11176-11176 crash_dump64            pid-11176                            E  failed to get the guest state header for thread 9283: Bad address
2025-02-20 19:41:16.484   624-639   System                  system_server                        W  A resource failed to call release. 
2025-02-20 19:41:16.484 11176-11176 crash_dump64            pid-11176                            E  failed to get the guest state header for thread 9284: Bad address
2025-02-20 19:41:16.484 11176-11176 crash_dump64            pid-11176                            E  failed to get the guest state header for thread 9285: Bad address
2025-02-20 19:41:16.484 11176-11176 crash_dump64            pid-11176                            E  failed to get the guest state header for thread 9286: Bad address
2025-02-20 19:41:16.485  1768-2037  Ma-fcf                  com....android.googlequicksearchbox  I  (REDACTED) #FCF: Assistant primary locale : %s
2025-02-20 19:41:16.485  1768-2037  Ma-fcf                  com....android.googlequicksearchbox  I  (REDACTED) #FCF: Assistant Primary locale check status : %s
2025-02-20 19:41:16.485  1768-2037  Ma-fcf                  com....android.googlequicksearchbox  I  (REDACTED) FCF System FeatureName to check: %s
2025-02-20 19:41:16.486  1768-2037  Ma-fcf                  com....android.googlequicksearchbox  I  (REDACTED) FCF: Device model check status : %s
2025-02-20 19:41:16.486 11176-11176 crash_dump64            pid-11176                            E  failed to get the guest state header for thread 9287: Bad address
2025-02-20 19:41:16.489 11176-11176 crash_dump64            pid-11176                            E  failed to get the guest state header for thread 9289: Bad address
2025-02-20 19:41:16.490 11176-11176 crash_dump64            pid-11176                            E  failed to get the guest state header for thread 9290: Bad address
2025-02-20 19:41:16.490 11176-11176 crash_dump64            pid-11176                            E  failed to get the guest state header for thread 9291: Bad address
2025-02-20 19:41:16.491 11176-11176 crash_dump64            pid-11176                            E  failed to get the guest state header for thread 9292: Bad address
2025-02-20 19:41:16.492   624-639   system_server           system_server                        W  ApkAssets: Deleting an ApkAssets object '<empty> and /product/app/LatinIMEGooglePrebuilt/LatinIMEGooglePrebuilt.apk' with 1 weak references
2025-02-20 19:41:16.493   624-639   system_server           system_server                        W  ApkAssets: Deleting an ApkAssets object '<empty> and /product/app/GoogleTTS/GoogleTTS.apk' with 1 weak references
2025-02-20 19:41:16.494 11089-11111 putmethod.latin         com...gle.android.inputmethod.latin  W  Cleared Reference was only reachable from finalizer (only reported once)
2025-02-20 19:41:16.495   624-639   System                  system_server                        W  A resource failed to call HardwareBuffer.close. 
2025-02-20 19:41:16.504 11176-11176 crash_dump64            pid-11176                            E  failed to get the guest state header for thread 9293: Bad address
2025-02-20 19:41:16.504 11176-11176 crash_dump64            pid-11176                            E  failed to get the guest state header for thread 9294: Bad address
2025-02-20 19:41:16.505 11176-11176 crash_dump64            pid-11176                            E  failed to get the guest state header for thread 9295: Bad address
2025-02-20 19:41:16.507 11176-11176 crash_dump64            pid-11176                            E  failed to get the guest state header for thread 9296: Bad address
2025-02-20 19:41:16.508 11176-11176 crash_dump64            pid-11176                            E  failed to get the guest state header for thread 9297: Bad address
2025-02-20 19:41:16.509 11176-11176 crash_dump64            pid-11176                            E  failed to get the guest state header for thread 9298: Bad address
2025-02-20 19:41:16.510 11176-11176 crash_dump64            pid-11176                            E  failed to get the guest state header for thread 9299: Bad address
2025-02-20 19:41:16.511 11176-11176 crash_dump64            pid-11176                            E  failed to get the guest state header for thread 9302: Bad address
2025-02-20 19:41:16.513 11176-11176 crash_dump64            pid-11176                            E  failed to get the guest state header for thread 9306: Bad address
2025-02-20 19:41:16.513 11176-11176 crash_dump64            pid-11176                            E  failed to get the guest state header for thread 9307: Bad address
2025-02-20 19:41:16.516 11176-11176 crash_dump64            pid-11176                            E  failed to get the guest state header for thread 9308: Bad address
2025-02-20 19:41:16.516 11089-11111 putmethod.latin         com...gle.android.inputmethod.latin  I  Explicit concurrent mark compact GC freed 14MB AllocSpace bytes, 50(1552KB) LOS objects, 49% free, 8856KB/17MB, paused 1.056ms,1.174ms total 58.291ms
2025-02-20 19:41:16.517 11176-11176 crash_dump64            pid-11176                            E  failed to get the guest state header for thread 9309: Bad address
2025-02-20 19:41:16.517 11176-11176 crash_dump64            pid-11176                            E  failed to get the guest state header for thread 9312: Bad address
2025-02-20 19:41:16.518 11176-11176 crash_dump64            pid-11176                            E  failed to get the guest state header for thread 9313: Bad address
2025-02-20 19:41:16.519 11176-11176 crash_dump64            pid-11176                            E  failed to get the guest state header for thread 9314: Bad address
2025-02-20 19:41:16.520 11176-11176 crash_dump64            pid-11176                            E  failed to get the guest state header for thread 9315: Bad address
2025-02-20 19:41:16.521 11176-11176 crash_dump64            pid-11176                            E  failed to get the guest state header for thread 9316: Bad address
2025-02-20 19:41:16.522 11176-11176 crash_dump64            pid-11176                            E  failed to get the guest state header for thread 9376: Bad address
2025-02-20 19:41:16.525   624-624   Looper                  system_server                        W  Slow dispatch took 116ms main h=android.app.ActivityThread$H c=android.app.LoadedApk$ReceiverDispatcher$Args$$ExternalSyntheticLambda0@624c60c m=0
2025-02-20 19:41:16.534 11176-11176 crash_dump64            pid-11176                            I  obtaining output fd from tombstoned, type: kDebuggerdTombstoneProto
2025-02-20 19:41:16.541   247-247   tombstoned              tombstoned                           I  received crash request for pid 9275
2025-02-20 19:41:16.547 11176-11176 crash_dump64            pid-11176                            I  performing dump of process 9241 (target tid = 9275)
2025-02-20 19:41:16.562 11176-11176 DEBUG                   pid-11176                            E  failed to read process info: failed to open /proc/9241: No such file or directory
2025-02-20 19:41:16.568   624-802   PowerGroup              system_server                        I  Waking up power group from Asleep (groupId=0, uid=1000, reason=WAKE_REASON_POWER_BUTTON, details=android.policy:POWER)...
2025-02-20 19:41:16.570   624-802   PowerManagerService     system_server                        I  Waking up from Asleep (uid=1000, reason=WAKE_REASON_POWER_BUTTON, details=android.policy:POWER)...
2025-02-20 19:41:16.576 10967-10967 KeyguardViewMediator    com.android.systemui                 D  KeyguardViewMediator queue processing message: NOTIFY_STARTED_WAKING_UP
2025-02-20 19:41:16.583 10967-10967 CentralSurfaces         com.android.systemui                 D  !shouldBeKeyguard mStatusBarStateController.isKeyguardRequested() false keyguardForDozing false wakeAndUnlocking false isWakingAndOccluded false
2025-02-20 19:41:16.583 10967-10967 CentralSurfaces         com.android.systemui                 D  hideKeyguardImpl false
2025-02-20 19:41:16.595   624-679   DisplayPow...roller2[0] system_server                        I  Blocking screen on until initial contents have been drawn.
2025-02-20 19:41:16.596   624-679   ActivityTaskManager     system_server                        D  Top Process State changed to PROCESS_STATE_TOP
2025-02-20 19:41:16.599   624-624   ActivityManager         system_server                        I  updateOomAdj start time is before than pendingPid added, don't delete it
2025-02-20 19:41:16.602 10967-10986 WindowManagerShell      com.android.systemui                 V  Transition requested (#103): android.os.BinderProxy@fa0e6ab TransitionRequestInfo { type = WAKE, triggerTask = null, pipTask = null, remoteTransition = null, displayChange = null, flags = 0, debugId = 103 }
2025-02-20 19:41:16.611  1417-1417  SpaLogMetricsProvider   com.android.settings                 D  PAGE_ENTER page 0
2025-02-20 19:41:16.619   624-763   ParceledListSlice       system_server                        W  Element #18 is 19324 bytes.
2025-02-20 19:41:16.620  1417-11054 AppForceStopRepository  com.android.settings                 D  Sending broadcast to query restart status for com.android.systemui
2025-02-20 19:41:16.624   468-468   BpBinder                surfaceflinger                       I  onLastStrongRef automatically unlinking death recipients: 
2025-02-20 19:41:16.627   624-679   DisplayBri...gySelector system_server                        I  Changing the DisplayBrightnessStrategy from ScreenOffBrightnessStrategy to InvalidBrightnessStrategy for display 0
2025-02-20 19:41:16.628  1768-1772  hbox:interactor         com....android.googlequicksearchbox  I  Background concurrent mark compact GC freed 5934KB AllocSpace bytes, 8(156KB) LOS objects, 49% free, 10MB/20MB, paused 2.309ms,4.083ms total 251.062ms
2025-02-20 19:41:16.628  1768-1772  hbox:interactor         com....android.googlequicksearchbox  W  Reducing the number of considered missed Gc histogram windows from 362 to 100
2025-02-20 19:41:16.629   624-679   DisplayPow...roller2[0] system_server                        V  Brightness [0.39763778] reason changing to: 'manual', previous reason: 'screen_off'.
2025-02-20 19:41:16.629   624-679   DisplayPow...roller2[0] system_server                        I  BrightnessEvent: disp=0, physDisp=local:4619827259835644672, displayState=ON, displayPolicy=BRIGHT, brt=0.39763778, initBrt=0.0, rcmdBrt=NaN, preBrt=NaN, lux=0.0, preLux=0.0, hbmMax=1.0, hbmMode=off, rbcStrength=0, thrmMax=1.0, powerFactor=1.0, wasShortTermModelActive=false, flags=, reason=manual, autoBrightness=false, strategy=InvalidBrightnessStrategy, autoBrightnessMode=default
2025-02-20 19:41:16.632 10967-11002 KeyguardTr...Repository com.android.systemui                 D  (Internal) Setting current transition info: TransitionInfo(ownerName=FromDozingTransitionInteractor, from=DOZING, to=GONE, animated)
2025-02-20 19:41:16.638   624-650   DisplayDeviceRepository system_server                        I  Display device changed state: "Built-in Screen", ON
2025-02-20 19:41:16.638   624-763   ParceledListSlice       system_server                        W  Element #19 is 20100 bytes.
2025-02-20 19:41:16.644   624-650   InputManager-JNI        system_server                        I  Viewport [0] to add: local:4619827259835644672, isActive: true
2025-02-20 19:41:16.644   624-679   Brightness...malClamper system_server                        D  Thermal status observer already started
2025-02-20 19:41:16.653  1417-11062 AppLocaleUtil           com.android.settings                 I  Can display preference - [com.android.systemui] : isDisallowedPackage : false / isSignedWithPlatformKey : true / hasLauncherEntry : false / canDisplay : false / 1.1
2025-02-20 19:41:16.655  1417-11168 BatteryUsa...ntProvider com.android.settings                 D  getLastFullChargeTimestamp() in 20/ms
2025-02-20 19:41:16.656   624-651   DisplayDevice           system_server                        I  [0] Layerstack set to 0 for local:4619827259835644672
2025-02-20 19:41:16.658  1417-11168 DatabaseUtils           com.android.settings                 D  getLastFullChargeTime() lastFullChargeTime=Feb 20, 2025, 18:30:34 in 30/ms
2025-02-20 19:41:16.658  1417-11168 DatabaseUtils           com.android.settings                 D  sixDaysAgoTimestamp: Feb 14, 2025, 00:00:00
2025-02-20 19:41:16.658  1417-11168 BatteryUsa...ntProvider com.android.settings                 D  getQueryTimestamp from uri: content://com.android.settings.battery.usage.provider/BatteryState?timestamp=1740087034083
2025-02-20 19:41:16.659  1417-11168 BatteryUsa...ntProvider com.android.settings                 D  getBatteryStates() after 1740087034083 in 1/ms
2025-02-20 19:41:16.663 10967-10967 KeyguardTr...Repository com.android.systemui                 I  STARTED transition: TransitionStep(from=DOZING, to=GONE, value=0.0, transitionState=STARTED, ownerName=FromDozingTransitionInteractor)
2025-02-20 19:41:16.664   624-802   InputReader             system_server                        I  Reconfiguring input devices, changes=DISPLAY_INFO
2025-02-20 19:41:16.664  1782-1990  AiAiEcho                com.google.android.as                I  Predicting[0]:  [CONTEXT sampling_count=5 ]
2025-02-20 19:41:16.664  1782-1990  AiAiEcho                com.google.android.as                I  EchoTargets: 
                                                                                                    Filtered by AiAi flag check: 
                                                                                                    [CONTEXT ratelimit_period="10 SECONDS" ]
2025-02-20 19:41:16.664   624-802   InputReader             system_server                        I  Device reconfigured: id=12, name='virtio_input_multi_touch_1', size 1080x2400, orientation Rotation0, mode DIRECT, display id 0
2025-02-20 19:41:16.664   624-802   InputReader             system_server                        I  Touch device 'virtio_input_multi_touch_2' could not query the properties of its associated display.  The device will be inoperable until the display size becomes available.
2025-02-20 19:41:16.664  1782-1990  AiAiEcho                com.google.android.as                I  Ranked targets strategy: SORT, count: 0, ranking metadata:  [CONTEXT ratelimit_period="10 SECONDS" ]
2025-02-20 19:41:16.664  1782-1990  AiAiEcho                com.google.android.as                I  #remoteViewsTwiddler: feature disabled.
2025-02-20 19:41:16.664  1782-1990  AiAiEcho                com.google.android.as                I  Predicting[0]:  [CONTEXT sampling_count=5 ]
2025-02-20 19:41:16.665  1782-1990  AiAiEcho                com.google.android.as                I  EchoTargets: 
                                                                                                    Filtered by AiAi flag check: 
                                                                                                    [CONTEXT ratelimit_period="10 SECONDS" ]
2025-02-20 19:41:16.665  1782-1990  AiAiEcho                com.google.android.as                I  Ranked targets strategy: SORT, count: 0, ranking metadata:  [CONTEXT ratelimit_period="10 SECONDS" ]
2025-02-20 19:41:16.665  1782-1990  AiAiEcho                com.google.android.as                I  #remoteViewsTwiddler: feature disabled.
2025-02-20 19:41:16.665  1782-1990  AiAiEcho                com.google.android.as                I  #postPredictionTargets: Sending updates to UISurface lockscreen with targets# 0 (types=[])
2025-02-20 19:41:16.666   624-802   InputReader             system_server                        I  Touch device 'virtio_input_multi_touch_3' could not query the properties of its associated display.  The device will be inoperable until the display size becomes available.
2025-02-20 19:41:16.667  1782-1990  AiAiEcho                com.google.android.as                I  #postPredictionTargets: Sending updates to UISurface home with targets# 0 (types=[])
2025-02-20 19:41:16.670 10967-10967 PageIndicator           com.android.systemui                 W  Total number of pages invalid: 0. Assuming 1 page.
2025-02-20 19:41:16.675   468-468   SurfaceFlinger          surfaceflinger                       D  Setting power mode 2 on display 4619827259835644672
2025-02-20 19:41:16.676   468-468   SurfaceFlinger          surfaceflinger                       D  Finished setting power mode 2 on display 4619827259835644672
2025-02-20 19:41:16.680  1417-11168 DatabaseUtils           com.android.settings                 D  getBatteryHistoryMap() size=2 in 22/ms
2025-02-20 19:41:16.680  1417-11168 BatteryCha...Controller com.android.settings                 D  getBatterySinceLastFullChargeUsageData() size=2 time=54/ms
2025-02-20 19:41:16.681  1417-11168 DataProcessor           com.android.settings                 D  getHistoryMapWithExpectedTimestamps() size=3 in 1/ms
2025-02-20 19:41:16.684   624-650   DisplayManagerService   system_server                        D  Ignore redundant display event 0/2 to 10146/9586
2025-02-20 19:41:16.684   624-650   DisplayManagerService   system_server                        D  Ignore redundant display event 0/2 to 10142/10055
2025-02-20 19:41:16.685   624-802   InputReader             system_server                        I  Touch device 'virtio_input_multi_touch_4' could not query the properties of its associated display.  The device will be inoperable until the display size becomes available.
2025-02-20 19:41:16.685   624-802   InputReader             system_server                        I  Touch device 'virtio_input_multi_touch_5' could not query the properties of its associated display.  The device will be inoperable until the display size becomes available.
2025-02-20 19:41:16.685   624-802   InputReader             system_server                        I  Touch device 'virtio_input_multi_touch_6' could not query the properties of its associated display.  The device will be inoperable until the display size becomes available.
2025-02-20 19:41:16.685   624-802   InputReader             system_server                        I  Touch device 'virtio_input_multi_touch_7' could not query the properties of its associated display.  The device will be inoperable until the display size becomes available.
2025-02-20 19:41:16.685   624-802   InputReader             system_server                        I  Touch device 'virtio_input_multi_touch_8' could not query the properties of its associated display.  The device will be inoperable until the display size becomes available.
2025-02-20 19:41:16.685   624-802   InputReader             system_server                        I  Touch device 'virtio_input_multi_touch_9' could not query the properties of its associated display.  The device will be inoperable until the display size becomes available.
2025-02-20 19:41:16.685   624-802   InputReader             system_server                        I  Touch device 'virtio_input_multi_touch_10' could not query the properties of its associated display.  The device will be inoperable until the display size becomes available.
2025-02-20 19:41:16.685   624-802   InputReader             system_server                        I  Touch device 'virtio_input_multi_touch_11' could not query the properties of its associated display.  The device will be inoperable until the display size becomes available.
2025-02-20 19:41:16.693   624-679   Brightness...malClamper system_server                        D  Thermal status observer already started
2025-02-20 19:41:16.701  1494-1494  SsBaseTemplateCard      com...le.android.apps.nexuslauncher  D  No text view can be set up
2025-02-20 19:41:16.701  1494-1494  SsBaseTemplateCard      com...le.android.apps.nexuslauncher  D  Passed-in item info is null
2025-02-20 19:41:16.701  1494-1494  SsBaseTemplateCard      com...le.android.apps.nexuslauncher  D  Passed-in item info is null
2025-02-20 19:41:16.701  1494-1494  SsBaseTemplateCard      com...le.android.apps.nexuslauncher  D  Passed-in item info is null
2025-02-20 19:41:16.701  1494-1494  SsBaseTemplateCard      com...le.android.apps.nexuslauncher  I  Secondary card pane is null
2025-02-20 19:41:16.706  7033-7033  NearbyDiscovery         com.google.android.gms.persistent    I  (REDACTED) FastPairDisplayObserver: %s -> %s
2025-02-20 19:41:16.709   624-648   SideFpsEventHandler     system_server                        I  notifyPowerPressed
2025-02-20 19:41:16.717   624-648   WindowManager           system_server                        D  powerPress: eventTime=3691106 interactive=true count=1 mShortPressOnPowerBehavior=1
2025-02-20 19:41:16.717   624-648   WindowManager           system_server                        V  Ignoring short press of power button because the device is not interactive. interactive=true, beganFromNonInteractive=true
2025-02-20 19:41:16.722   624-679   DisplayPow...roller2[0] system_server                        I  Unblocked screen on after 115 ms
2025-02-20 19:41:16.722 11089-11095 JavaBinder              com...gle.android.inputmethod.latin  W  BinderProxy is being destroyed but the application did not call unlinkToDeath to unlink all of its death recipients beforehand.  Releasing leaked death recipient: okx
2025-02-20 19:41:16.722 11089-11095 BpBinder                com...gle.android.inputmethod.latin  I  onLastStrongRef automatically unlinking death recipients: 
2025-02-20 19:41:16.748 11089-11111 PeriodicTaskWorker      com...gle.android.inputmethod.latin  I  PeriodicTaskWorker.reportResult():237 call() : Success in 290 ms
2025-02-20 19:41:16.767  7033-7884  NearbySharing           com.google.android.gms.persistent    I  Screen is unlocked
2025-02-20 19:41:16.768  7033-7884  NearbySharing           com.google.android.gms.persistent    I  Uwb feature is off.
2025-02-20 19:41:16.768  7033-7884  NearbySharing           com.google.android.gms.persistent    I  Uwb feature is off.
2025-02-20 19:41:16.769  7033-7884  NearbySharing           com.google.android.gms.persistent    I  Stopping scanning because Nearby Sharing is disabled.
2025-02-20 19:41:16.771  7033-7884  NearbySharing           com.google.android.gms.persistent    I  Stopping Fast Init advertisement because we're not scanning in the foreground.
2025-02-20 19:41:16.774  7033-7884  NearbySharing           com.google.android.gms.persistent    I  Stopping advertising because Nearby Sharing is disabled.
2025-02-20 19:41:16.774 10967-11009 WindowManagerShell      com.android.systemui                 V  onTransitionReady(transaction=2680059597937)
2025-02-20 19:41:16.777  7033-7176  NearbyDiscovery         com.google.android.gms.persistent    I  (REDACTED) OffloadFastPairScanner: eventType=%s, isInternalReq=%s, isOffloadScanning=%s, isOffloadScanningAllowed=%s
2025-02-20 19:41:16.778  7033-7176  NearbyDiscovery         com.google.android.gms.persistent    I  (REDACTED) FastPairScanner: isScreenOn=%s, isLocationEnabled=%s, disableLocationRequirement=%s, isDiscoveryScanningEnabled=%s, during24GhzWifiWarmingUpPeriod=%s
2025-02-20 19:41:16.778  7033-7176  BluetoothAdapter        com.google.android.gms.persistent    D  isLeEnabled(): ON
2025-02-20 19:41:16.780  7033-7176  NearbyDiscovery         com.google.android.gms.persistent    I  (REDACTED) FastPairScanner: eventType=%s, intReq=%s, scanning=%s, scanAllowed=%s, bleEnabled=%s, lockScanRate=%s, startScanningByLowPowerMode=%s
2025-02-20 19:41:16.790   624-647   WindowManager           system_server                        V  Sent Transition (#103) createdAt=02-20 19:41:16.596 via request=TransitionRequestInfo { type = WAKE, triggerTask = null, pipTask = null, remoteTransition = null, displayChange = null, flags = 0, debugId = 103 }
2025-02-20 19:41:16.790  7033-7884  NearbySharing           com.google.android.gms.persistent    I  Stopping FastInitiation scanning because visibility is hidden.
2025-02-20 19:41:16.792  7033-7884  NearbySharing           com.google.android.gms.persistent    I  Fast Initiation Scanning has stopped
2025-02-20 19:41:16.794  7033-7884  NearbySharing           com.google.android.gms.persistent    I  Dismissing HUN as there's no device nearby.
2025-02-20 19:41:16.796 10967-10986 WindowManagerShell      com.android.systemui                 V  onTransitionReady (#103) android.os.BinderProxy@fa0e6ab: {id=103 t=WAKE f=0x0 trk=0 r=[0@Point(0, 0)] c=[{WCT{android.window.IWindowContainerToken$Stub$Proxy@d873caa} m=TO_FRONT f=NONE p=WCT{android.window.IWindowContainerToken$Stub$Proxy@c8cd09b} leash=Surface(name=Task=34)/@0xec9fb7f sb=Rect(0, 0 - 1080, 2400) eb=Rect(0, 0 - 1080, 2400) d=0 taskParent=-1},{WCT{android.window.IWindowContainerToken$Stub$Proxy@2663c38} m=TO_FRONT f=NONE leash=Surface(name=DefaultTaskDisplayArea)/@0x9daf74c sb=Rect(0, 0 - 1080, 2400) eb=Rect(0, 0 - 1080, 2400) d=0}]}
2025-02-20 19:41:16.797   431-431   lights_service_exampl.. and...rdware.lights-service.example  I  main::lights: Lights setting state for id=1 to color ff666666
2025-02-20 19:41:16.797 10967-10986 WindowManagerShell      com.android.systemui                 V  Playing animation for (#103) android.os.BinderProxy@fa0e6ab@0
2025-02-20 19:41:16.797 10967-10986 WindowManagerShell      com.android.systemui                 V   try handler com.android.wm.shell.transition.DefaultMixedHandler@fa22d80
2025-02-20 19:41:16.798 10967-10986 WindowManagerShell      com.android.systemui                 V   try handler com.android.wm.shell.keyguard.KeyguardTransitionHandler@2ea8fb9
2025-02-20 19:41:16.798 10967-10986 WindowManagerShell      com.android.systemui                 V   try handler com.android.wm.shell.pip.PipTransition@7bfbffe
2025-02-20 19:41:16.798 10967-10986 WindowManagerShell      com.android.systemui                 V   try handler com.android.wm.shell.activityembedding.ActivityEmbeddingController@598535f
2025-02-20 19:41:16.798 10967-10986 WindowManagerShell      com.android.systemui                 V   try handler com.android.wm.shell.recents.RecentsTransitionHandler@5bca1ac
2025-02-20 19:41:16.798 10967-10986 ShellRecents            com.android.systemui                 V  RecentsTransitionHandler.startAnimation: no controller found
2025-02-20 19:41:16.798 10967-10986 WindowManagerShell      com.android.systemui                 V   try handler com.android.wm.shell.splitscreen.StageCoordinator@19b6e75
2025-02-20 19:41:16.798 10967-10986 WindowManagerShell      com.android.systemui                 V   try handler com.android.wm.shell.transition.RemoteTransitionHandler@e53de0a
2025-02-20 19:41:16.799 10967-10986 WindowManagerShell      com.android.systemui                 V  Transition doesn't have explicit remote, search filters for match for {id=103 t=WAKE f=0x0 trk=0 r=[0@Point(0, 0)] c=[{WCT{android.window.IWindowContainerToken$Stub$Proxy@d873caa} m=TO_FRONT f=NONE p=WCT{android.window.IWindowContainerToken$Stub$Proxy@c8cd09b} leash=Surface(name=Task=34)/@0xec9fb7f sb=Rect(0, 0 - 1080, 2400) eb=Rect(0, 0 - 1080, 2400) d=0 taskParent=-1},{WCT{android.window.IWindowContainerToken$Stub$Proxy@2663c38} m=TO_FRONT f=NONE leash=Surface(name=DefaultTaskDisplayArea)/@0x9daf74c sb=Rect(0, 0 - 1080, 2400) eb=Rect(0, 0 - 1080, 2400) d=0}]}
2025-02-20 19:41:16.799 10967-10986 WindowManagerShell      com.android.systemui                 V   Checking filter Pair{{types=[] flags=0x0] notFlags=0x0 checks=[{atype=undefined independent=true modes=[OPEN,TO_FRONT] flags=IN_TASK_WITH_EMBEDDED_ACTIVITY mustBeTask=false order=ANY topActivity=ComponentInfo{com.google.android.apps.nexuslauncher/com.google.android.apps.nexuslauncher.NexusLauncherActivity} launchCookie=null},{atype=undefined independent=true modes=[CLOSE,TO_BACK] flags=IN_TASK_WITH_EMBEDDED_ACTIVITY mustBeTask=false order=ANY topActivity=null launchCookie=null}]} RemoteTransition { remoteTransition = android.window.IRemoteTransition$Stub$Proxy@730e411, appThread = android.app.IApplicationThread$Stub$Proxy@b747976, debugName = OverlaySwipeBack }}
