2025-02-20 19:41:04.004  1494-1494  b/254119092             com...le.android.apps.nexuslauncher  D  recreateTaskbar: isTaskbarEnabled=false [dp != null (i.e. mUserUnlocked)]=false FLAG_HIDE_NAVBAR_WINDOW=true dp.isTaskbarPresent=null
                                                                                                    mActivity and mContext agree taskbarIsPresent=false
2025-02-20 19:41:04.004  1494-1494  TouchInteractionService com...le.android.apps.nexuslauncher  D  onUserUnlocked: userId=0
2025-02-20 19:41:04.012  1494-1494  OverviewCo...ntObserver com...le.android.apps.nexuslauncher  I  updateOverviewTargets: mIsHomeDisabled=false, isDefaultHomeNull=false, mIsDefaultHome=true
2025-02-20 19:41:04.016  1417-1417  BrowseActivity          com.android.settings                 D  Launching page AppInfoSettings
2025-02-20 19:41:04.017  1494-1494  b/254119092             com...le.android.apps.nexuslauncher  D  Set mActivity=com.google.android.apps.nexuslauncher.NexusLauncherActivity@7c8515f
                                                                                                    mActivity and mContext agree taskbarIsPresent=false
2025-02-20 19:41:04.017  1494-1494  b/254119092             com...le.android.apps.nexuslauncher  D  registering activity lifecycle callbacks from setActivity().
2025-02-20 19:41:04.017  1494-1494  b/254119092             com...le.android.apps.nexuslauncher  D  destroyExistingTaskbar: null
                                                                                                    mActivity and mContext agree taskbarIsPresent=false
2025-02-20 19:41:04.017  1494-1494  b/254119092             com...le.android.apps.nexuslauncher  D  recreateTaskbar: isTaskbarEnabled=true [dp != null (i.e. mUserUnlocked)]=true FLAG_HIDE_NAVBAR_WINDOW=true dp.isTaskbarPresent=false
                                                                                                    mActivity and mContext agree taskbarIsPresent=false
2025-02-20 19:41:04.018 10967-10967 CompatChangeReporter    com.android.systemui                 D  Compat change id reported: 63938206; UID 10181; state: ENABLED
2025-02-20 19:41:04.028  1417-1417  ImageReader_JNI         com.android.settings                 W  Unable to acquire a buffer item, very likely client tried to acquire more than maxImages buffers
2025-02-20 19:41:04.053 10967-11008 EGL_emulation           com.android.systemui                 I  Opening libGLESv1_CM_emulation.so
2025-02-20 19:41:04.053 10967-11008 EGL_emulation           com.android.systemui                 I  Opening libGLESv2_emulation.so
2025-02-20 19:41:04.068 10967-11008 HWUI                    com.android.systemui                 W  Failed to choose config with EGL_SWAP_BEHAVIOR_PRESERVED, retrying without...
2025-02-20 19:41:04.069 10967-11008 HWUI                    com.android.systemui                 W  Failed to initialize 101010-2 format, error = EGL_SUCCESS
2025-02-20 19:41:04.118 10967-10967 Navigation...Controller com.android.systemui                 D  getCurrentInteractionMode: mode=2 contextUser=0
2025-02-20 19:41:04.127 10967-10967 ZenModeController       com.android.systemui                 D  Added callback class com.android.systemui.wmshell.BubblesManager$2
2025-02-20 19:41:04.131 10967-10967 ConstraintSet           com.android.systemui                 W  Unknown attribute 0x39   0
2025-02-20 19:41:04.132 10967-10967 ConstraintSet           com.android.systemui                 W  Unknown attribute 0x39   0
2025-02-20 19:41:04.132 10967-10967 ConstraintSet           com.android.systemui                 W  Unknown attribute 0x39   0
2025-02-20 19:41:04.154 10967-10967 StatusBarIconController com.android.systemui                 I  Ignoring removal of (mobile). It should be controlled elsewhere
2025-02-20 19:41:04.154 10967-10967 StatusBarIconController com.android.systemui                 I  Ignoring removal of (wifi). It should be controlled elsewhere
2025-02-20 19:41:04.165   179-179   hwservicemanager        hwservicemanager                     I  getTransport: Cannot find entry android.hardware.graphics.mapper@4.0::IMapper/default in either framework or device VINTF manifest.
2025-02-20 19:41:04.165 10967-11008 Gralloc4                com.android.systemui                 I  mapper 4.x is not supported
2025-02-20 19:41:04.169  1494-1494  StatsLog                com...le.android.apps.nexuslauncher  D  LAUNCHER_TRANSIENT_TASKBAR_HIDE
2025-02-20 19:41:04.172   624-1693  ConnectivityService     system_server                        D  requestNetwork for uid/pid:10181/10967 activeRequest: null callbackRequest: 294 [NetworkRequest [ REQUEST id=295, [ Capabilities: INTERNET&NOT_RESTRICTED&TRUSTED&NOT_VCN_MANAGED&NOT_BANDWIDTH_CONSTRAINED Uid: 10181 RequestorUid: 10181 RequestorPkg: com.android.systemui UnderlyingNetworks: Null] ]] callback flags: 1 order: 2147483647 isUidTracked: false
2025-02-20 19:41:04.172 10967-10967 WifiManager             com.android.systemui                 V  registerTrafficStateCallback: callback=com.android.systemui.statusbar.connectivity.WifiSignalController$WifiTrafficStateCallback@61105e0, executor=android.os.HandlerExecutor@601b208
2025-02-20 19:41:04.173   624-1119  ConnectivityService     system_server                        D  NetReassign [no changes] [c 0] [a 1] [i 0]
2025-02-20 19:41:04.186 10967-10967 WifiManager             com.android.systemui                 V  registerScanResultsCallback: callback=com.android.systemui.statusbar.connectivity.NetworkControllerImpl$5@6203f5e, executor=androidx.emoji2.text.ConcurrencyHelpers$$ExternalSyntheticLambda0@fbdcf3f
2025-02-20 19:41:04.187   624-1110  OemPaidWif...orkFactory system_server                        D  got request NetworkRequest [ REQUEST id=295, [ Capabilities: INTERNET&NOT_RESTRICTED&TRUSTED&NOT_VCN_MANAGED&NOT_BANDWIDTH_CONSTRAINED Uid: 10181 RequestorUid: 10181 RequestorPkg: com.android.systemui UnderlyingNetworks: Null] ]
2025-02-20 19:41:04.187   624-1110  MultiInter...orkFactory system_server                        D  got request NetworkRequest [ REQUEST id=295, [ Capabilities: INTERNET&NOT_RESTRICTED&TRUSTED&NOT_VCN_MANAGED&NOT_BANDWIDTH_CONSTRAINED Uid: 10181 RequestorUid: 10181 RequestorPkg: com.android.systemui UnderlyingNetworks: Null] ]
2025-02-20 19:41:04.187   624-1110  WifiNetworkFactory      system_server                        D  got request NetworkRequest [ REQUEST id=295, [ Capabilities: INTERNET&NOT_RESTRICTED&TRUSTED&NOT_VCN_MANAGED&NOT_BANDWIDTH_CONSTRAINED Uid: 10181 RequestorUid: 10181 RequestorPkg: com.android.systemui UnderlyingNetworks: Null] ]
2025-02-20 19:41:04.187   624-1110  UntrustedW...orkFactory system_server                        D  got request NetworkRequest [ REQUEST id=295, [ Capabilities: INTERNET&NOT_RESTRICTED&TRUSTED&NOT_VCN_MANAGED&NOT_BANDWIDTH_CONSTRAINED Uid: 10181 RequestorUid: 10181 RequestorPkg: com.android.systemui UnderlyingNetworks: Null] ]
2025-02-20 19:41:04.188   624-1693  ConnectivityService     system_server                        D  requestNetwork for uid/pid:10181/10967 activeRequest: null callbackRequest: 296 [NetworkRequest [ REQUEST id=297, [ Capabilities: INTERNET&NOT_RESTRICTED&TRUSTED&NOT_VCN_MANAGED&NOT_BANDWIDTH_CONSTRAINED Uid: 10181 RequestorUid: 10181 RequestorPkg: com.android.systemui UnderlyingNetworks: Null] ]] callback flags: 1 order: 2147483647 isUidTracked: false
2025-02-20 19:41:04.189   624-1119  ConnectivityService     system_server                        D  NetReassign [295 : null  101] [c 0] [a 1] [i 2]
2025-02-20 19:41:04.191   624-1110  OemPaidWif...orkFactory system_server                        D  got request NetworkRequest [ REQUEST id=297, [ Capabilities: INTERNET&NOT_RESTRICTED&TRUSTED&NOT_VCN_MANAGED&NOT_BANDWIDTH_CONSTRAINED Uid: 10181 RequestorUid: 10181 RequestorPkg: com.android.systemui UnderlyingNetworks: Null] ]
2025-02-20 19:41:04.192   624-1110  MultiInter...orkFactory system_server                        D  got request NetworkRequest [ REQUEST id=297, [ Capabilities: INTERNET&NOT_RESTRICTED&TRUSTED&NOT_VCN_MANAGED&NOT_BANDWIDTH_CONSTRAINED Uid: 10181 RequestorUid: 10181 RequestorPkg: com.android.systemui UnderlyingNetworks: Null] ]
2025-02-20 19:41:04.192   624-1110  WifiNetworkFactory      system_server                        D  got request NetworkRequest [ REQUEST id=297, [ Capabilities: INTERNET&NOT_RESTRICTED&TRUSTED&NOT_VCN_MANAGED&NOT_BANDWIDTH_CONSTRAINED Uid: 10181 RequestorUid: 10181 RequestorPkg: com.android.systemui UnderlyingNetworks: Null] ]
2025-02-20 19:41:04.192 10967-11018 WallpaperService        com.android.systemui                 D  reportEngineShown: shouldWait=false
2025-02-20 19:41:04.192   624-1110  UntrustedW...orkFactory system_server                        D  got request NetworkRequest [ REQUEST id=297, [ Capabilities: INTERNET&NOT_RESTRICTED&TRUSTED&NOT_VCN_MANAGED&NOT_BANDWIDTH_CONSTRAINED Uid: 10181 RequestorUid: 10181 RequestorPkg: com.android.systemui UnderlyingNetworks: Null] ]
2025-02-20 19:41:04.193   624-1119  ConnectivityService     system_server                        D  NetReassign [297 : null  101] [c 0] [a 0] [i 4]
2025-02-20 19:41:04.193 10967-11020 WallpaperService        com.android.systemui                 D  Wallpaper has updated the surface:null
2025-02-20 19:41:04.198  7033-7047  NullBinder              com.google.android.gms.persistent    I  NullBinder for android.net.action.RECOMMEND_NETWORKS triggering remote TransactionTooLargeException due to Service without Chimera impl
2025-02-20 19:41:04.199  7033-7047  .gms.persistent         com.google.android.gms.persistent    W  Large reply transaction of 1056768 bytes, interface descriptor , code 1
2025-02-20 19:41:04.199  1494-1494  TouchInteractionService com...le.android.apps.nexuslauncher  D  disposeEventHandlers: Reason: Initializing input monitor due to: onNavigationModeChanged()
2025-02-20 19:41:04.202  1494-1494  InputMonitorCompat      com...le.android.apps.nexuslauncher  D  Input monitor (swipe-up-disp0) created
2025-02-20 19:41:04.202  1494-1494  InputMonitorCompat      com...le.android.apps.nexuslauncher  D  Input event receiver for monitor (swipe-up-disp0) created
2025-02-20 19:41:04.204  1494-1494  TouchInteractionService com...le.android.apps.nexuslauncher  D  Touch service connected: user=0
2025-02-20 19:41:04.205 10967-10994 NetworkController       com.android.systemui                 I  Subscriptions changed: old=[], new=[1]
2025-02-20 19:41:04.208  1494-1494  TouchInteractionService com...le.android.apps.nexuslauncher  D  Touch service connected: user=0
2025-02-20 19:41:04.217 10967-10967 Navigation...Controller com.android.systemui                 D  getCurrentUserContext: contextUser=0 currentUser=0
2025-02-20 19:41:04.220 10967-10967 Navigation...Controller com.android.systemui                 D  getCurrentInteractionMode: mode=2 contextUser=0
2025-02-20 19:41:04.221 10967-10967 Navigation...Controller com.android.systemui                 D  getCurrentInteractionMode: mode=2 contextUser=0
2025-02-20 19:41:04.233 10967-10967 Biometrics...sitoryImpl com.android.systemui                 D  currentUser authFlags changed, new value: AuthenticationFlags(userId=0, flag=0)
2025-02-20 19:41:04.234  7033-7047  NullBinder              com.google.android.gms.persistent    I  NullBinder for android.net.action.RECOMMEND_NETWORKS triggering remote TransactionTooLargeException due to Service without Chimera impl
2025-02-20 19:41:04.235  7033-7047  .gms.persistent         com.google.android.gms.persistent    W  Large reply transaction of 1056768 bytes, interface descriptor , code 1
2025-02-20 19:41:04.269 10967-10967 Navigation...Controller com.android.systemui                 D  getCurrentInteractionMode: mode=2 contextUser=0
2025-02-20 19:41:04.269 10967-10967 Navigation...Controller com.android.systemui                 D  getCurrentInteractionMode: mode=2 contextUser=0
2025-02-20 19:41:04.280  1494-1494  TISBindHelper           com...le.android.apps.nexuslauncher  D  TIS service connected
2025-02-20 19:41:04.298 10967-10967 BouncerMes...uditLogger com.android.systemui                 D  bouncerMessage: BouncerMessageModel(message=null, secondaryMessage=null)
2025-02-20 19:41:04.302 10967-10967 DLObserver              com.android.systemui                 D  add listener: com.android.systemui.classifier.FalsingCollectorImpl$5@3b80b06
2025-02-20 19:41:04.319   624-1119  ConnectivityService     system_server                        D  NetReassign [no changes] [c 0] [a 0] [i 1]
2025-02-20 19:41:04.322 10967-10967 vol.Events              com.android.systemui                 I  writeEvent collection_started
2025-02-20 19:41:04.326   624-2568  MR2ServiceImpl          system_server                        I  registerManager | callerUid: 10181, callerPid: 10967, callerPackage: com.android.systemui, targetPackageName: null, targetUserId: UserHandle{0}, hasMediaRoutingControl: false
2025-02-20 19:41:04.334 10967-10967 vol.VolumeDialogImpl    com.android.systemui                 D  initDialog: called!
2025-02-20 19:41:04.337 10967-10967 CompatChangeReporter    com.android.systemui                 D  Compat change id reported: 309578419; UID 10181; state: ENABLED
2025-02-20 19:41:04.375 10967-11028 vol.Events              com.android.systemui                 I  writeEvent level_changed STREAM_VOICE_CALL 3
2025-02-20 19:41:04.379 10967-11028 vol.Events              com.android.systemui                 I  writeEvent level_changed STREAM_SYSTEM 5
2025-02-20 19:41:04.383 10967-11028 vol.Events              com.android.systemui                 I  writeEvent level_changed STREAM_RING 5
2025-02-20 19:41:04.387 10967-11028 vol.Events              com.android.systemui                 I  writeEvent level_changed STREAM_MUSIC 5
2025-02-20 19:41:04.390 10967-11028 vol.Events              com.android.systemui                 I  writeEvent level_changed STREAM_ALARM 6
2025-02-20 19:41:04.399 10967-11028 vol.Events              com.android.systemui                 I  writeEvent level_changed STREAM_BLUETOOTH_SCO 7
2025-02-20 19:41:04.410 10967-10967 TetheringManager        com.android.systemui                 I  registerTetheringEventCallback:com.android.systemui
2025-02-20 19:41:04.411 10967-10967 TetheringManager        com.android.systemui                 I  registerTetheringEventCallback caller:com.android.systemui
2025-02-20 19:41:04.416   624-2568  ActivityManager         system_server                        W  Receiver with filter android.content.IntentFilter@152a101 already registered for pid 10967, callerPackage is com.android.systemui
2025-02-20 19:41:04.417 10967-11028 vol.Events              com.android.systemui                 I  writeEvent external_ringer_mode_changed unknown
2025-02-20 19:41:04.418 10967-11028 vol.Events              com.android.systemui                 I  writeEvent zen_mode_config_changed [disallowAlarms=false disallowMedia=false disallowSystem=true disallowRinger=false]
2025-02-20 19:41:04.418  9241-9250  AdapterProperties       com.google.android.bluetooth         I  getBondedDevices: length=0
2025-02-20 19:41:04.441 10967-10967 ControlsLi...rollerImpl com.android.systemui                 D  Initializing
2025-02-20 19:41:04.448 10967-10967 ControlsLi...rollerImpl com.android.systemui                 D  ServiceConfig reloaded, count: 0
2025-02-20 19:41:04.448 10967-10967 ControlsFa...nceWrapper com.android.systemui                 D  No favorites, returning empty list
2025-02-20 19:41:04.454 10967-10994 ControlsLi...rollerImpl com.android.systemui                 D  Subscribing callback, service count: 0
2025-02-20 19:41:04.457 10967-10967 CameraManagerGlobal     com.android.systemui                 I  Connecting to camera service
2025-02-20 19:41:04.473 10967-10967 Navigation...Controller com.android.systemui                 D  getCurrentInteractionMode: mode=2 contextUser=0
2025-02-20 19:41:04.482 10967-10967 Navigation...Controller com.android.systemui                 D  getCurrentInteractionMode: mode=2 contextUser=0
2025-02-20 19:41:04.487 10967-10967 Navigation...Controller com.android.systemui                 D  getCurrentInteractionMode: mode=2 contextUser=0
2025-02-20 19:41:04.491 10967-10994 ControlsLi...rollerImpl com.android.systemui                 D  Subscribing callback, service count: 0
2025-02-20 19:41:04.501 10967-11011 KeyguardViewMediator    com.android.systemui                 D  updateActivityLockScreenState(false, false)
2025-02-20 19:41:04.502   624-2178  ActivityTaskManager     system_server                        D  Top Process State changed to PROCESS_STATE_TOP
2025-02-20 19:41:04.505 10967-10986 WindowManagerShell      com.android.systemui                 V  Transition requested (#102): android.os.BinderProxy@31b670e TransitionRequestInfo { type = WAKE, triggerTask = null, pipTask = null, remoteTransition = null, displayChange = null, flags = 0, debugId = 102 }
2025-02-20 19:41:04.508   624-2178  OptProp                 system_server                        W  Cannot read opt property android.window.PROPERTY_COMPAT_ALLOW_RESIZEABLE_ACTIVITY_OVERRIDES
2025-02-20 19:41:04.509 10967-10967 ResourceTrimmer         com.android.systemui                 D  Resource trimmer registered.
2025-02-20 19:41:04.510  1417-1417  SpaLogMetricsProvider   com.android.settings                 D  PAGE_ENTER page 0
2025-02-20 19:41:04.512  1417-1417  VRI[SpaActivity]        com.android.settings                 D  visibilityChanged oldVisibility=false newVisibility=true
2025-02-20 19:41:04.512 10967-10967 CompatChangeReporter    com.android.systemui                 D  Compat change id reported: 303742236; UID 10181; state: ENABLED
2025-02-20 19:41:04.522   468-468   BpBinder                surfaceflinger                       I  onLastStrongRef automatically unlinking death recipients: 
2025-02-20 19:41:04.545 10967-11031 MediaCodecList          com.android.systemui                 D  codecHandlesFormat: no format, so no extra checks
2025-02-20 19:41:04.546 10967-10967 Biometrics...sitoryImpl com.android.systemui                 D  currentUser authFlags changed, new value: AuthenticationFlags(userId=0, flag=0)
2025-02-20 19:41:04.546 10967-10967 KeyguardTr...eStartable com.android.systemui                 D  Started com.android.systemui.keyguard.domain.interactor.FromLockscreenTransitionInteractor@7d89e58
2025-02-20 19:41:04.547 10967-10967 KeyguardTr...eStartable com.android.systemui                 D  Started com.android.systemui.keyguard.domain.interactor.FromGlanceableHubTransitionInteractor@bf0e070
2025-02-20 19:41:04.547 10967-10967 KeyguardTr...eStartable com.android.systemui                 D  Started com.android.systemui.keyguard.domain.interactor.FromDreamingLockscreenHostedTransitionInteractor@8654804
2025-02-20 19:41:04.547 10967-10967 KeyguardTr...eStartable com.android.systemui                 D  Started com.android.systemui.keyguard.domain.interactor.FromGoneTransitionInteractor@ea5f896
2025-02-20 19:41:04.551   624-1692  Role                    system_server                        I  com.android.systemui not qualified for android.app.role.HOME due to missing RequiredComponent{mIntentFilterData=IntentFilterData{mAction='android.intent.action.MAIN', mCategories='[android.intent.category.HOME]', mDataScheme='null', mDataType='null'}, mMinTargetSdkVersion=1, mFlags='0', mPermission='null', mQueryFlags=0, mMetaData=[]}
2025-02-20 19:41:04.552 10967-11034 CCodec                  com.android.systemui                 D  allocate(c2.android.vorbis.decoder)
2025-02-20 19:41:04.553 10967-11034 Codec2Client            com.android.systemui                 I  Available Codec2 services: "default" "software"
2025-02-20 19:41:04.556 10967-11032 MediaCodecList          com.android.systemui                 D  codecHandlesFormat: no format, so no extra checks
2025-02-20 19:41:04.557   624-2568  Role                    system_server                        I  com.android.systemui not qualified for android.app.role.DIALER due to missing RequiredComponent{mIntentFilterData=IntentFilterData{mAction='android.intent.action.DIAL', mCategories='[]', mDataScheme='null', mDataType='null'}, mMinTargetSdkVersion=1, mFlags='0', mPermission='null', mQueryFlags=0, mMetaData=[]}
2025-02-20 19:41:04.558 10967-11034 CCodec                  com.android.systemui                 I  setting up 'default' as default (vendor) store
2025-02-20 19:41:04.559   624-2178  Role                    system_server                        I  com.android.systemui not qualified for android.app.role.EMERGENCY due to missing RequiredComponent{mIntentFilterData=IntentFilterData{mAction='android.telephony.action.EMERGENCY_ASSISTANCE', mCategories='[]', mDataScheme='null', mDataType='null'}, mMinTargetSdkVersion=1, mFlags='0', mPermission='null', mQueryFlags=0, mMetaData=[]}
2025-02-20 19:41:04.562 10967-11036 CCodec                  com.android.systemui                 D  allocate(c2.android.vorbis.decoder)
2025-02-20 19:41:04.562   624-2569  Role                    system_server                        I  com.android.systemui not qualified for android.app.role.SMS due to missing RequiredComponent{mIntentFilterData=IntentFilterData{mAction='android.provider.Telephony.SMS_DELIVER', mCategories='[]', mDataScheme='null', mDataType='null'}, mMinTargetSdkVersion=1, mFlags='0', mPermission='android.permission.BROADCAST_SMS', mQueryFlags=0, mMetaData=[]}
2025-02-20 19:41:04.565 10967-10967 KeyguardTr...eStartable com.android.systemui                 D  Started com.android.systemui.keyguard.domain.interactor.FromDozingTransitionInteractor@d410822
2025-02-20 19:41:04.565 10967-10967 KeyguardTr...eStartable com.android.systemui                 D  Started com.android.systemui.keyguard.domain.interactor.FromOccludedTransitionInteractor@62911ed
2025-02-20 19:41:04.566 10967-11036 CCodec                  com.android.systemui                 I  setting up 'default' as default (vendor) store
2025-02-20 19:41:04.570 10967-10967 KeyguardTr...eStartable com.android.systemui                 D  Started com.android.systemui.keyguard.domain.interactor.FromAlternateBouncerTransitionInteractor@17702b3
2025-02-20 19:41:04.570 10967-10967 KeyguardTr...eStartable com.android.systemui                 D  Started com.android.systemui.keyguard.domain.interactor.FromPrimaryBouncerTransitionInteractor@be0e73b
2025-02-20 19:41:04.570 10967-10967 KeyguardTr...eStartable com.android.systemui                 D  Started com.android.systemui.keyguard.domain.interactor.FromAodTransitionInteractor@78a6bb1
2025-02-20 19:41:04.570 10967-10967 KeyguardTr...eStartable com.android.systemui                 D  Started com.android.systemui.keyguard.domain.interactor.FromDreamingTransitionInteractor@86cbc17
2025-02-20 19:41:04.574 10967-10967 AlternateB...ViewBinder com.android.systemui                 D  alternateBouncerWindowRequired=false
2025-02-20 19:41:04.576 10967-11034 CCodec                  com.android.systemui                 I  Created component [c2.android.vorbis.decoder]
2025-02-20 19:41:04.576 10967-11036 CCodec                  com.android.systemui                 I  Created component [c2.android.vorbis.decoder]
2025-02-20 19:41:04.577 10967-11034 CCodecConfig            com.android.systemui                 D  read media type: audio/vorbis
2025-02-20 19:41:04.578 10967-10967 BiometricS...sitoryImpl com.android.systemui                 D  authenticationState updated: Idle(requestReason=NotRunning)
2025-02-20 19:41:04.579 10967-11036 CCodecConfig            com.android.systemui                 D  read media type: audio/vorbis
2025-02-20 19:41:04.590 10967-11036 ReflectedParamUpdater   com.android.systemui                 D  extent() != 1 for single value type: algo.buffers.max-count.values
2025-02-20 19:41:04.593 10967-11036 ReflectedParamUpdater   com.android.systemui                 D  extent() != 1 for single value type: output.subscribed-indices.values
2025-02-20 19:41:04.594 10967-11036 ReflectedParamUpdater   com.android.systemui                 D  extent() != 1 for single value type: input.buffers.allocator-ids.values
2025-02-20 19:41:04.595 10967-11036 ReflectedParamUpdater   com.android.systemui                 D  extent() != 1 for single value type: output.buffers.allocator-ids.values
2025-02-20 19:41:04.595 10967-11036 ReflectedParamUpdater   com.android.systemui                 D  extent() != 1 for single value type: algo.buffers.allocator-ids.values
2025-02-20 19:41:04.597 10967-11036 ReflectedParamUpdater   com.android.systemui                 D  extent() != 1 for single value type: output.buffers.pool-ids.values
2025-02-20 19:41:04.597 10967-11036 ReflectedParamUpdater   com.android.systemui                 D  extent() != 1 for single value type: algo.buffers.pool-ids.values
2025-02-20 19:41:04.603 10967-11036 CCodecConfig            com.android.systemui                 I  query failed after returning 8 values (BAD_INDEX)
2025-02-20 19:41:04.605 10967-11036 CCodecConfig            com.android.systemui                 D  c2 config diff is Dict {
                                                                                                      c2::u32 coded.bitrate.value = 64000
                                                                                                      c2::u32 input.buffers.max-size.value = 32768
                                                                                                      c2::u32 input.delay.value = 0
                                                                                                      string input.media-type.value = "audio/vorbis"
                                                                                                      c2::u32 output.large-frame.max-size = 0
                                                                                                      c2::u32 output.large-frame.threshold-size = 0
                                                                                                      string output.media-type.value = "audio/raw"
                                                                                                      c2::u32 raw.channel-count.value = 1
                                                                                                      c2::u32 raw.sample-rate.value = 48000
                                                                                                    }
2025-02-20 19:41:04.607 10967-11034 ReflectedParamUpdater   com.android.systemui                 D  extent() != 1 for single value type: algo.buffers.max-count.values
2025-02-20 19:41:04.611 10967-11034 ReflectedParamUpdater   com.android.systemui                 D  extent() != 1 for single value type: output.subscribed-indices.values
2025-02-20 19:41:04.613 10967-11034 ReflectedParamUpdater   com.android.systemui                 D  extent() != 1 for single value type: input.buffers.allocator-ids.values
2025-02-20 19:41:04.614 10967-11034 ReflectedParamUpdater   com.android.systemui                 D  extent() != 1 for single value type: output.buffers.allocator-ids.values
2025-02-20 19:41:04.614 10967-11034 ReflectedParamUpdater   com.android.systemui                 D  extent() != 1 for single value type: algo.buffers.allocator-ids.values
2025-02-20 19:41:04.614 10967-11036 CCodec                  com.android.systemui                 D  [c2.android.vorbis.decoder] buffers are bound to CCodec for this session
2025-02-20 19:41:04.615 10967-11036 CCodecConfig            com.android.systemui                 D  no c2 equivalents for durationUs
2025-02-20 19:41:04.615 10967-11036 CCodecConfig            com.android.systemui                 D  no c2 equivalents for track-id
2025-02-20 19:41:04.615 10967-11036 CCodecConfig            com.android.systemui                 D  no c2 equivalents for csd-1
2025-02-20 19:41:04.615 10967-11036 CCodecConfig            com.android.systemui                 D  no c2 equivalents for flags
2025-02-20 19:41:04.617 10967-11034 ReflectedParamUpdater   com.android.systemui                 D  extent() != 1 for single value type: output.buffers.pool-ids.values
2025-02-20 19:41:04.618 10967-11034 ReflectedParamUpdater   com.android.systemui                 D  extent() != 1 for single value type: algo.buffers.pool-ids.values
2025-02-20 19:41:04.619 10967-11036 CCodecConfig            com.android.systemui                 D  c2 config diff is   c2::u32 coded.bitrate.value = 160000
                                                                                                      c2::u32 raw.channel-count.value = 2
                                                                                                      c2::u32 raw.sample-rate.value = 44100
2025-02-20 19:41:04.620 10967-11036 Codec2Client            com.android.systemui                 W  query -- param skipped: index = 1107298332.
2025-02-20 19:41:04.620 10967-11036 CCodec                  com.android.systemui                 D  encoding statistics level = 0
2025-02-20 19:41:04.620 10967-11036 CCodec                  com.android.systemui                 D  setup formats input: AMessage(what = 0x00000000) = {
                                                                                                      int32_t bitrate = 160000
                                                                                                      int32_t channel-count = 2
                                                                                                      int32_t max-input-size = 32768
                                                                                                      string mime = "audio/vorbis"
                                                                                                      int32_t sample-rate = 44100
                                                                                                    }
2025-02-20 19:41:04.620 10967-11036 CCodec                  com.android.systemui                 D  setup formats output: AMessage(what = 0x00000000) = {
                                                                                                      int32_t buffer-batch-max-output-size = 0
                                                                                                      int32_t buffer-batch-threshold-output-size = 0
                                                                                                      int32_t channel-count = 2
                                                                                                      string mime = "audio/raw"
                                                                                                      int32_t sample-rate = 44100
                                                                                                      int32_t channel-mask = 3
                                                                                                      int32_t android._config-pcm-encoding = 2
                                                                                                    }
2025-02-20 19:41:04.620 10967-11036 CCodecConfig            com.android.systemui                 I  query failed after returning 8 values (BAD_INDEX)
2025-02-20 19:41:04.623 10967-11036 Codec2Client            com.android.systemui                 W  query -- param skipped: index = 1342179345.
2025-02-20 19:41:04.623 10967-11036 Codec2Client            com.android.systemui                 W  query -- param skipped: index = 2415921170.
2025-02-20 19:41:04.624 10967-11034 CCodecConfig            com.android.systemui                 I  query failed after returning 8 values (BAD_INDEX)
2025-02-20 19:41:04.625 10967-11034 CCodecConfig            com.android.systemui                 D  c2 config diff is Dict {
                                                                                                      c2::u32 coded.bitrate.value = 64000
                                                                                                      c2::u32 input.buffers.max-size.value = 32768
                                                                                                      c2::u32 input.delay.value = 0
                                                                                                      string input.media-type.value = "audio/vorbis"
                                                                                                      c2::u32 output.large-frame.max-size = 0
                                                                                                      c2::u32 output.large-frame.threshold-size = 0
                                                                                                      string output.media-type.value = "audio/raw"
                                                                                                      c2::u32 raw.channel-count.value = 1
                                                                                                      c2::u32 raw.sample-rate.value = 48000
                                                                                                    }
2025-02-20 19:41:04.626 10967-11036 C2Store                 com.android.systemui                 D  Using DMABUF Heaps
2025-02-20 19:41:04.628 10967-11036 CCodecBufferChannel     com.android.systemui                 D  [c2.android.vorbis.decoder#355] Created input block pool with allocatorID 16 => poolID 17 - OK (0)
2025-02-20 19:41:04.629 10967-10967 SceneFramework          com.android.systemui                 W  Scene framework is disabled 
                                                                                                    [NOT MET] com.android.systemui.scene_container
                                                                                                    [NOT MET] com.android.systemui.compose_lockscreen
                                                                                                    [NOT MET] com.android.systemui.keyguard_bottom_area_refactor
                                                                                                    [NOT MET] com.android.systemui.keyguard_wm_state_refactor
                                                                                                    [NOT MET] com.android.systemui.migrate_clocks_to_blueprint
                                                                                                    [NOT MET] com.android.systemui.notifications_heads_up_refactor
                                                                                                        [MET] com.android.systemui.predictive_back_sysui
                                                                                                        [MET] com.android.systemui.device_entry_udfps_refactor
2025-02-20 19:41:04.630 10967-11036 CCodecBufferChannel     com.android.systemui                 I  [c2.android.vorbis.decoder#355] Created output block pool with allocatorID 16 => poolID 43 - OK
2025-02-20 19:41:04.630 10967-11034 CCodec                  com.android.systemui                 D  [c2.android.vorbis.decoder] buffers are bound to CCodec for this session
2025-02-20 19:41:04.630 10967-11034 CCodecConfig            com.android.systemui                 D  no c2 equivalents for durationUs
2025-02-20 19:41:04.630 10967-11036 CCodecBufferChannel     com.android.systemui                 D  [c2.android.vorbis.decoder#355] Configured output block pool ids 43 => OK
2025-02-20 19:41:04.630 10967-11034 CCodecConfig            com.android.systemui                 D  no c2 equivalents for track-id
2025-02-20 19:41:04.630 10967-11034 CCodecConfig            com.android.systemui                 D  no c2 equivalents for csd-1
2025-02-20 19:41:04.631 10967-11034 CCodecConfig            com.android.systemui                 D  no c2 equivalents for flags
2025-02-20 19:41:04.631   523-1271  Codec2-Com...tInterface media.swcodec                        E  We have a failed config
2025-02-20 19:41:04.632 10967-11036 DMABUFHEAPS             com.android.systemui                 I  Using DMA-BUF heap named: system
2025-02-20 19:41:04.635 10967-11034 CCodecConfig            com.android.systemui                 D  c2 config diff is   c2::u32 coded.bitrate.value = 160000
                                                                                                      c2::u32 raw.channel-count.value = 2
                                                                                                      c2::u32 raw.sample-rate.value = 44100
2025-02-20 19:41:04.636 10967-11034 Codec2Client            com.android.systemui                 W  query -- param skipped: index = 1107298332.
2025-02-20 19:41:04.636 10967-11034 CCodec                  com.android.systemui                 D  encoding statistics level = 0
2025-02-20 19:41:04.636   523-11041 SimpleC2Component       media.swcodec                        D  Using output block pool with poolID 43 => got 43 - 0
2025-02-20 19:41:04.637 10967-11034 CCodec                  com.android.systemui                 D  setup formats input: AMessage(what = 0x00000000) = {
                                                                                                      int32_t bitrate = 160000
                                                                                                      int32_t channel-count = 2
                                                                                                      int32_t max-input-size = 32768
                                                                                                      string mime = "audio/vorbis"
                                                                                                      int32_t sample-rate = 44100
                                                                                                    }
2025-02-20 19:41:04.637 10967-11034 CCodec                  com.android.systemui                 D  setup formats output: AMessage(what = 0x00000000) = {
                                                                                                      int32_t buffer-batch-max-output-size = 0
                                                                                                      int32_t buffer-batch-threshold-output-size = 0
                                                                                                      int32_t channel-count = 2
                                                                                                      string mime = "audio/raw"
                                                                                                      int32_t sample-rate = 44100
                                                                                                      int32_t channel-mask = 3
                                                                                                      int32_t android._config-pcm-encoding = 2
                                                                                                    }
2025-02-20 19:41:04.638 10967-11034 CCodecConfig            com.android.systemui                 I  query failed after returning 8 values (BAD_INDEX)
2025-02-20 19:41:04.639   624-2568  IPCThreadState          system_server                        E  Binder transaction failure. id: 1023897, BR_*: 29189, error: -22 (Invalid argument)
2025-02-20 19:41:04.641 10967-11034 Codec2Client            com.android.systemui                 W  query -- param skipped: index = 1342179345.
2025-02-20 19:41:04.642 10967-11034 Codec2Client            com.android.systemui                 W  query -- param skipped: index = 2415921170.
2025-02-20 19:41:04.645 10967-11034 CCodecBufferChannel     com.android.systemui                 D  [c2.android.vorbis.decoder#628] Created input block pool with allocatorID 16 => poolID 18 - OK (0)
2025-02-20 19:41:04.650 10967-11034 CCodecBufferChannel     com.android.systemui                 I  [c2.android.vorbis.decoder#628] Created output block pool with allocatorID 16 => poolID 44 - OK
2025-02-20 19:41:04.650 10967-11034 CCodecBufferChannel     com.android.systemui                 D  [c2.android.vorbis.decoder#628] Configured output block pool ids 44 => OK
2025-02-20 19:41:04.651   523-10851 Codec2-Com...tInterface media.swcodec                        E  We have a failed config
2025-02-20 19:41:04.654   523-11040 SimpleC2Component       media.swcodec                        D  Using output block pool with poolID 44 => got 44 - 0
2025-02-20 19:41:04.656 10967-10967 NotificationMemory      com.android.systemui                 D  NotificationMemoryMonitor initialized.
2025-02-20 19:41:04.657 10967-10967 NotificationMemory      com.android.systemui                 I  Registered dumpable.
2025-02-20 19:41:04.659 10967-10967 DLObserver              com.android.systemui                 D  add alignment listener: com.android.systemui.statusbar.KeyguardIndicationController$$ExternalSyntheticLambda14@e9725bf
2025-02-20 19:41:04.668   624-2568  StatusBarManagerService system_server                        I  registerStatusBar bar=com.android.internal.statusbar.IStatusBar$Stub$Proxy@d75065f
2025-02-20 19:41:04.678 10967-10967 KeyguardSecurityView    com.android.systemui                 I  Switching mode from Uninitialized to Default
2025-02-20 19:41:04.684 10967-10967 OverviewProxyService    com.android.systemui                 E  Failed to get overview proxy for disable flags.
2025-02-20 19:41:04.684 10967-10967 Navigation...Controller com.android.systemui                 D  getCurrentInteractionMode: mode=2 contextUser=0
2025-02-20 19:41:04.685 10967-10967 Navigation...Controller com.android.systemui                 D  getCurrentUserContext: contextUser=0 currentUser=0
2025-02-20 19:41:04.703 10967-10967 InputMonitorCompat      com.android.systemui                 D  Input monitor (edge-swipe-disp0) created
2025-02-20 19:41:04.703 10967-10967 InputMonitorCompat      com.android.systemui                 D  Input event receiver for monitor (edge-swipe-disp0) created
2025-02-20 19:41:04.716 10967-10967 OverviewProxyService    com.android.systemui                 E  Failed to get overview proxy for disable flags.
2025-02-20 19:41:04.725 10967-10994 nativeloader            com.android.systemui                 D  Load /system_ext/priv-app/SystemUIGoogle/SystemUIGoogle.apk!/lib/x86_64/libtensorflowlite_jni.so using ns clns-shared-7 from class loader (caller=/system_ext/priv-app/SystemUIGoogle/SystemUIGoogle.apk!classes2.dex): ok
2025-02-20 19:41:04.726 10967-10994 Interpreter             com.android.systemui                 I  Loaded native library: tensorflowlite_jni
2025-02-20 19:41:04.732 10967-10994 nativeloader            com.android.systemui                 D  Load libtensorflowlite_jni_gms_client.so using ns clns-shared-7 from class loader (caller=/system_ext/priv-app/SystemUIGoogle/SystemUIGoogle.apk!classes2.dex): dlopen failed: library "libtensorflowlite_jni_gms_client.so" not found
2025-02-20 19:41:04.732 10967-10994 Interpreter             com.android.systemui                 I  Didn't load native library: tensorflowlite_jni_gms_client
2025-02-20 19:41:04.734 10967-10994 tflite                  com.android.systemui                 I  Initialized TensorFlow Lite runtime.
2025-02-20 19:41:04.742 10967-10967 CentralSurfaces         com.android.systemui                 D  mUserSetupObserver - DeviceProvisionedListener called for current user
2025-02-20 19:41:04.744 10967-11008 HWUI                    com.android.systemui                 D  profile bars disabled
2025-02-20 19:41:04.745 10967-11008 HWUI                    com.android.systemui                 D  ambientRatio = 1.50
2025-02-20 19:41:04.759 10967-11034 CCodecBufferChannel     com.android.systemui                 D  [c2.android.vorbis.decoder#628] MediaCodec discarded an unknown buffer
2025-02-20 19:41:04.760 10967-11036 CCodecBufferChannel     com.android.systemui                 D  [c2.android.vorbis.decoder#355] MediaCodec discarded an unknown buffer
2025-02-20 19:41:04.760 10967-11036 CCodecBufferChannel     com.android.systemui                 D  [c2.android.vorbis.decoder#355] MediaCodec discarded an unknown buffer
2025-02-20 19:41:04.761 10967-11036 CCodecBufferChannel     com.android.systemui                 D  [c2.android.vorbis.decoder#355] MediaCodec discarded an unknown buffer
2025-02-20 19:41:04.762 10967-11034 CCodecBufferChannel     com.android.systemui                 D  [c2.android.vorbis.decoder#628] MediaCodec discarded an unknown buffer
2025-02-20 19:41:04.762 10967-11034 CCodecBufferChannel     com.android.systemui                 D  [c2.android.vorbis.decoder#628] MediaCodec discarded an unknown buffer
2025-02-20 19:41:04.767 10967-11034 hw-BpHwBinder           com.android.systemui                 I  onLastStrongRef automatically unlinking death recipients
2025-02-20 19:41:04.768 10967-11036 hw-BpHwBinder           com.android.systemui                 I  onLastStrongRef automatically unlinking death recipients
2025-02-20 19:41:04.768   523-1271  hw-BpHwBinder           media.swcodec                        I  onLastStrongRef automatically unlinking death recipients
2025-02-20 19:41:04.772   523-1362  hw-BpHwBinder           media.swcodec                        I  onLastStrongRef automatically unlinking death recipients
2025-02-20 19:41:04.772   523-1362  hw-BpHwBinder           media.swcodec                        I  onLastStrongRef automatically unlinking death recipients
2025-02-20 19:41:04.776   523-1271  BufferPoolAccessor2.0   media.swcodec                        D  Destruction - bufferpool2 0x73b6b14e4038 cached: 0/0M, 0/0% in use; allocs: 0, 0% recycled; transfers: 0, 0% unfetched
2025-02-20 19:41:04.780   523-1362  BufferPoolAccessor2.0   media.swcodec                        D  Destruction - bufferpool2 0x73b6b14e6788 cached: 0/0M, 0/0% in use; allocs: 0, 0% recycled; transfers: 0, 0% unfetched
2025-02-20 19:41:04.788 10967-10967 NotifPipeline           com.android.systemui                 D  Notif pipeline initialized. rendering=true
2025-02-20 19:41:04.795  1417-9626  PackageManager          com.android.settings                 W  Failure retrieving resources for com.android.systemui: Drawable com.android.systemui:drawable/android15_patch_adaptive with resource ID #0x7f080609
2025-02-20 19:41:04.804   624-647   WindowManager           system_server                        V  Sent Transition (#102) createdAt=02-20 19:41:04.502 via request=TransitionRequestInfo { type = WAKE, triggerTask = null, pipTask = null, remoteTransition = null, displayChange = null, flags = 0, debugId = 102 }
2025-02-20 19:41:04.804   624-647   WindowManager           system_server                        V      startWCT=WindowContainerTransaction { changes = {} hops = [] errorCallbackToken=null taskFragmentOrganizer=null }
2025-02-20 19:41:04.804   624-647   WindowManager           system_server                        V      info={id=102 t=WAKE f=0x0 trk=0 r=[0@Point(0, 0)] c=[
                                                                                                            {WCT{RemoteToken{4009ae3 Task{eef997 #34 type=standard A=1000:com.android.settings}}} m=TO_FRONT f=NONE p=WCT{RemoteToken{4d650e6 DefaultTaskDisplayArea@245138582}} leash=Surface(name=Task=34)/@0x8839557 sb=Rect(0, 0 - 1080, 2400) eb=Rect(0, 0 - 1080, 2400) d=0 taskParent=-1},
                                                                                                            {WCT{RemoteToken{4d650e6 DefaultTaskDisplayArea@245138582}} m=TO_FRONT f=NONE leash=Surface(name=DefaultTaskDisplayArea)/@0x576ed6 sb=Rect(0, 0 - 1080, 2400) eb=Rect(0, 0 - 1080, 2400) d=0}
                                                                                                        ]}
2025-02-20 19:41:04.808 10967-11009 WindowManagerShell      com.android.systemui                 V  onTransitionReady(transaction=2680059597613)
2025-02-20 19:41:04.810 10967-10986 WindowManagerShell      com.android.systemui                 V  onTransitionReady (#102) android.os.BinderProxy@31b670e: {id=102 t=WAKE f=0x0 trk=0 r=[0@Point(0, 0)] c=[{WCT{android.window.IWindowContainerToken$Stub$Proxy@4a764bd} m=TO_FRONT f=NONE p=WCT{android.window.IWindowContainerToken$Stub$Proxy@325aab2} leash=Surface(name=Task=34)/@0x2329226 sb=Rect(0, 0 - 1080, 2400) eb=Rect(0, 0 - 1080, 2400) d=0 taskParent=-1},{WCT{android.window.IWindowContainerToken$Stub$Proxy@8b81a03} m=TO_FRONT f=NONE leash=Surface(name=DefaultTaskDisplayArea)/@0x773fe67 sb=Rect(0, 0 - 1080, 2400) eb=Rect(0, 0 - 1080, 2400) d=0}]}
2025-02-20 19:41:04.810 10967-10986 WindowManagerShell      com.android.systemui                 V  Playing animation for (#102) android.os.BinderProxy@31b670e@0
2025-02-20 19:41:04.811 10967-10986 WindowManagerShell      com.android.systemui                 V   try handler com.android.wm.shell.transition.DefaultMixedHandler@fa22d80
2025-02-20 19:41:04.812 10967-10986 WindowManagerShell      com.android.systemui                 V   try handler com.android.wm.shell.keyguard.KeyguardTransitionHandler@2ea8fb9
2025-02-20 19:41:04.812 10967-10986 WindowManagerShell      com.android.systemui                 V   try handler com.android.wm.shell.pip.PipTransition@7bfbffe
2025-02-20 19:41:04.812 10967-10986 WindowManagerShell      com.android.systemui                 V   try handler com.android.wm.shell.activityembedding.ActivityEmbeddingController@598535f
2025-02-20 19:41:04.812 10967-10986 WindowManagerShell      com.android.systemui                 V   try handler com.android.wm.shell.recents.RecentsTransitionHandler@5bca1ac
