2025-02-20 19:41:10.614 11089-11112 SP                      com...gle.android.inputmethod.latin  I  GC for 'emoticon_content_description' (10) with ttl of 0 ms took 0 ms (0/0/0)
2025-02-20 19:41:10.615 11089-11089 ModuleManager           com...gle.android.inputmethod.latin  E  ModuleManager$ModuleInfo.getModuleObject():578 Failed to get module from moduleFuture: kzu{moduleDef=kzq{interface=dpe, class=doo, strategy=AUTO_UI}}
                                                                                                    DeadSystemException: The system died; earlier logs will point to the root cause
2025-02-20 19:41:10.615 11089-11089 ModuleManager           com...gle.android.inputmethod.latin  E  ModuleManager$ModuleInfo.getModuleObject():578 Failed to get module from moduleFuture: kzu{moduleDef=kzq{interface=dpe, class=doo, strategy=AUTO_UI}, module=null}
                                                                                                    DeadSystemException: The system died; earlier logs will point to the root cause
2025-02-20 19:41:10.615 11089-11089 ModuleManager           com...gle.android.inputmethod.latin  E  ModuleManager$ModuleInfo.getModuleObject():578 Failed to get module from moduleFuture: kzu{moduleDef=kzq{interface=dpe, class=doo, strategy=AUTO_UI}}
                                                                                                    DeadSystemException: The system died; earlier logs will point to the root cause
2025-02-20 19:41:10.615 11089-11089 ModuleManager           com...gle.android.inputmethod.latin  E  ModuleManager$ModuleInfo.getModuleObject():578 Failed to get module from moduleFuture: kzu{moduleDef=kzq{interface=dpe, class=doo, strategy=AUTO_UI}, module=null}
                                                                                                    DeadSystemException: The system died; earlier logs will point to the root cause
2025-02-20 19:41:10.617 11089-11089 ModuleManager           com...gle.android.inputmethod.latin  E  ModuleManager$ModuleInfo.getModuleObject():578 Failed to get module from moduleFuture: kzu{moduleDef=kzq{interface=dpe, class=doo, strategy=AUTO_UI}}
                                                                                                    DeadSystemException: The system died; earlier logs will point to the root cause
2025-02-20 19:41:10.617 11089-11089 ModuleManager           com...gle.android.inputmethod.latin  E  ModuleManager$ModuleInfo.getModuleObject():578 Failed to get module from moduleFuture: kzu{moduleDef=kzq{interface=dpe, class=doo, strategy=AUTO_UI}, module=null}
                                                                                                    DeadSystemException: The system died; earlier logs will point to the root cause
2025-02-20 19:41:10.618 11089-11089 ModuleManager           com...gle.android.inputmethod.latin  E  ModuleManager$ModuleInfo.getModuleObject():578 Failed to get module from moduleFuture: kzu{moduleDef=kzq{interface=dpe, class=doo, strategy=AUTO_UI}}
                                                                                                    DeadSystemException: The system died; earlier logs will point to the root cause
2025-02-20 19:41:10.618 11089-11089 ModuleManager           com...gle.android.inputmethod.latin  E  ModuleManager$ModuleInfo.getModuleObject():578 Failed to get module from moduleFuture: kzu{moduleDef=kzq{interface=dpe, class=doo, strategy=AUTO_UI}, module=null}
                                                                                                    DeadSystemException: The system died; earlier logs will point to the root cause
2025-02-20 19:41:10.621 11089-11089 NotificationCenter      com...gle.android.inputmethod.latin  W  NotificationCenter$ListenerData.notifyOnExecutor():672 Heavy notify work detected on UI thread: |kdw->lcx| takes 47ms
2025-02-20 19:41:10.623 11089-11089 KeyboardContextProvider com...gle.android.inputmethod.latin  I  KeyboardContextProvider$KeyboardContextCache.createKeyboardContext():173 createKeyboardContext(): en-US, jgg@2e5cb6a(com.android.inputmethod.latin.LatinIME@1bfb27d), {1.0 310mcc260mnc [en_US] ldltr sw411dp w411dp h914dp 420dpi nrml long port finger qwerty/v/v dpad/v winConfig={ mBounds=Rect(0, 0 - 1080, 2400) mAppBounds=Rect(0, 0 - 1080, 2400) mMaxBounds=Rect(0, 0 - 1080, 2400) mDisplayRotation=ROTATION_0 mWindowingMode=fullscreen mActivityType=undefined mAlwaysOnTop=undefined mRotation=ROTATION_0} as.2 s.557 fontWeightAdjustment=0}
2025-02-20 19:41:10.623 11089-11089 GoogleInpu...hodService com...gle.android.inputmethod.latin  I  GoogleInputMethodService.onCurrentInputMethodEntryChanged():3655 onCurrentInputMethodEntryChanged(): imeDefsChanged=true, initializedEntryChanged=true, keyboardContextChanged=true
2025-02-20 19:41:10.624 11089-11089 GoogleInpu...hodService com...gle.android.inputmethod.latin  I  GoogleInputMethodService.clearInputMethodServiceData():1613 clearInputMethodServiceData for entryChange
2025-02-20 19:41:10.628 11089-11089 KeyboardHeightUtil      com...gle.android.inputmethod.latin  I  KeyboardHeightUtil.calculateMaxKeyboardBodyHeight():45 leave 281 height for app when ime window height:2337, header height:116 and isFullscreenMode:false, so the max keyboard body height is:1940
2025-02-20 19:41:10.628 11089-11089 KeyboardHeightUtil      com...gle.android.inputmethod.latin  I  KeyboardHeightUtil.calculateMaxKeyboardBodyHeight():45 leave 281 height for app when ime window height:2337, header height:116 and isFullscreenMode:false, so the max keyboard body height is:1940
2025-02-20 19:41:10.628 11089-11089 KeyboardModeManager     com...gle.android.inputmethod.latin  I  KeyboardModeManager.onCurrentInputMethodEntryChanged():1133 Reload data for context change
2025-02-20 19:41:10.629 11089-11089 GoogleInpu...hodService com...gle.android.inputmethod.latin  I  GoogleInputMethodService.initializeInputMethodServiceData():1382 initializeInputMethodServiceData for kct{languageTag=en-US, variant=qwerty, hasLocalizedResources=true, conditionCacheKey=_cache_additional_ime_defs_for_condition_change=false_cache_ime_defs_for_condition_change=false_device=phone_device_size=default_enable_flick_symbols=false_enable_more_candidates_view_for_multilingual=false_enable_number_row=false_enable_preemptive_decode=true_enable_secondary_digits=true_enable_secondary_symbols=false_enable_show_foldable_layout_on_small_tablet=false_expressions=normal_four_or_more_letter_rows=false_keyboard_mode=normal_language=en-US_orientation=portrait_physical_keyboard=qwerty_rtl_layout=false_show_secondary_digits=true_show_suggestions=true_split_with_duplicate_keys=true_variant=qwerty, imeDef.stringId=ime_english_united_states, imeDef.className=com.google.android.apps.inputmethod.libs.latin5.LatinIme, imeDef.languageTag=en-US}
2025-02-20 19:41:10.629 11089-11089 GoogleInpu...hodService com...gle.android.inputmethod.latin  E  GoogleInputMethodService.getAppEditorInfo():2810 App EditorInfo should never be null.
2025-02-20 19:41:10.630 11089-11089 StyledKeyb...emeBuilder com...gle.android.inputmethod.latin  I  StyledKeyboardThemeBuilder.build():132 Pref: [], themeName: [silk:], darkMode: [false], cacheKey: [overlay_builtin_dynamic_color_light_base.binarypb:dynamic-gm3-light-fffefbff-ff495d92-8adeb286894d7d4cce285b6f16b95faf]
2025-02-20 19:41:10.631 11089-11089 KeyboardThemeProvider   com...gle.android.inputmethod.latin  I  KeyboardThemeProvider.applyKeyboardTheme():27 Apply keyboard theme: theme_border_stylesheet_noshadow_gsans_pillkey_silkpopup_light_phone_bottom4dp_navredesign_400_overlay_builtin_dynamic_color_light_base.binarypb:dynamic-gm3-light-fffefbff-ff495d92-8adeb286894d7d4cce285b6f16b95faf_port
2025-02-20 19:41:10.634 10967-11038 BufferPoolAccessor2.0   com.android.systemui                 D  bufferpool2 0x71dda6affc88 : 0(0 size) total buffers - 0(0 size) used buffers - 2/7 (recycle/alloc) - 5/18 (fetch/transfer)
2025-02-20 19:41:10.635 10967-11038 BufferPoolAccessor2.0   com.android.systemui                 D  bufferpool2 0x71dda6b06dd8 : 0(0 size) total buffers - 0(0 size) used buffers - 1/7 (recycle/alloc) - 6/36 (fetch/transfer)
2025-02-20 19:41:10.635 10967-11038 BufferPoolAccessor2.0   com.android.systemui                 D  evictor expired: 2, evicted: 2
2025-02-20 19:41:10.635 11089-11089 AndroidIME              com...gle.android.inputmethod.latin  I  InputBundleManager.loadActiveInputBundleId():450 loadActiveInputBundleId: und-Latn-x-password, password
2025-02-20 19:41:10.637 11089-11089 ModuleManager           com...gle.android.inputmethod.latin  E  ModuleManager$ModuleInfo.getModuleObject():578 Failed to get module from moduleFuture: kzu{moduleDef=kzq{interface=dpe, class=doo, strategy=AUTO_UI}}
                                                                                                    DeadSystemException: The system died; earlier logs will point to the root cause
2025-02-20 19:41:10.637 11089-11089 ModuleManager           com...gle.android.inputmethod.latin  E  ModuleManager$ModuleInfo.getModuleObject():578 Failed to get module from moduleFuture: kzu{moduleDef=kzq{interface=dpe, class=doo, strategy=AUTO_UI}, module=null}
                                                                                                    DeadSystemException: The system died; earlier logs will point to the root cause
2025-02-20 19:41:10.638 11089-11089 ModuleManager           com...gle.android.inputmethod.latin  E  ModuleManager$ModuleInfo.getModuleObject():578 Failed to get module from moduleFuture: kzu{moduleDef=kzq{interface=dpe, class=doo, strategy=AUTO_UI}}
                                                                                                    DeadSystemException: The system died; earlier logs will point to the root cause
2025-02-20 19:41:10.638 11089-11089 ModuleManager           com...gle.android.inputmethod.latin  E  ModuleManager$ModuleInfo.getModuleObject():578 Failed to get module from moduleFuture: kzu{moduleDef=kzq{interface=dpe, class=doo, strategy=AUTO_UI}, module=null}
                                                                                                    DeadSystemException: The system died; earlier logs will point to the root cause
2025-02-20 19:41:10.641 11089-11127 EmojifyExtensionImpl    com...gle.android.inputmethod.latin  I  EmojifyExtensionImpl.onCreate():599 Creating Emojify extension ehb@cf742ed.
2025-02-20 19:41:10.642 11089-11089 ModuleManager           com...gle.android.inputmethod.latin  E  ModuleManager$ModuleInfo.getModuleObject():578 Failed to get module from moduleFuture: kzu{moduleDef=kzq{interface=dpe, class=doo, strategy=AUTO_UI}}
                                                                                                    DeadSystemException: The system died; earlier logs will point to the root cause
2025-02-20 19:41:10.642 11089-11089 ModuleManager           com...gle.android.inputmethod.latin  E  ModuleManager$ModuleInfo.getModuleObject():578 Failed to get module from moduleFuture: kzu{moduleDef=kzq{interface=dpe, class=doo, strategy=AUTO_UI}, module=null}
                                                                                                    DeadSystemException: The system died; earlier logs will point to the root cause
2025-02-20 19:41:10.642 11089-11089 ModuleManager           com...gle.android.inputmethod.latin  E  ModuleManager$ModuleInfo.getModuleObject():578 Failed to get module from moduleFuture: kzu{moduleDef=kzq{interface=dpe, class=doo, strategy=AUTO_UI}}
                                                                                                    DeadSystemException: The system died; earlier logs will point to the root cause
2025-02-20 19:41:10.642 11089-11089 ModuleManager           com...gle.android.inputmethod.latin  E  ModuleManager$ModuleInfo.getModuleObject():578 Failed to get module from moduleFuture: kzu{moduleDef=kzq{interface=dpe, class=doo, strategy=AUTO_UI}, module=null}
                                                                                                    DeadSystemException: The system died; earlier logs will point to the root cause
2025-02-20 19:41:10.645 11089-11089 SystemSubt...portModule com...gle.android.inputmethod.latin  I  SystemSubtypesReportModule$2.onEnabledInputMethodEntriesChanged():122 1 entries
2025-02-20 19:41:10.645 11089-11117 AbstractOp...eExtension com...gle.android.inputmethod.latin  I  AbstractOpenableExtension.createKeyboardGroupManagerListenableFuture():120 Create keyboard group manager listenable future in fxu
2025-02-20 19:41:10.648 11089-11115 KeyboardGroupDefParser  com...gle.android.inputmethod.latin  I  KeyboardGroupDefParser.parseKeyboardGroupDef():83 parseKeyboardGroupDef() 2132214040 -> 0_resource_name_obfuscated : WaitTime = 0 ms : RunTime = 2 ms
2025-02-20 19:41:10.666 11089-11089 NotificationCenter      com...gle.android.inputmethod.latin  W  NotificationCenter$ListenerData.notifyOnExecutor():672 Heavy notify work detected on UI thread: |kck->lrc| takes 21ms
2025-02-20 19:41:10.667 11089-11089 SystemSubt...portModule com...gle.android.inputmethod.latin  I  SystemSubtypesReportModule$3.onCurrentInputMethodEntryChanged():136 entry: en-US, source: UNSPECIFIED
2025-02-20 19:41:10.667 11089-11089 SystemSubt...portModule com...gle.android.inputmethod.latin  I  SystemSubtypesReportModule.switchToSubtypeByEntry():205 en-US
2025-02-20 19:41:10.677 11089-11089 GoogleInpu...hodService com...gle.android.inputmethod.latin  I  GoogleInputMethodService.onStartInput():1986 onStartInput(EditorInfo{EditorInfo{packageName=com.android.settings, inputType=0, inputTypeString=NULL, enableLearning=false, autoCorrection=false, autoComplete=false, imeOptions=0, privateImeOptions=null, actionName=UNSPECIFIED, actionLabel=null, initialSelStart=-1, initialSelEnd=-1, initialCapsMode=0, label=null, fieldId=0, fieldName=null, extras=null, hintText=null, hintLocales=[]}}, false)
2025-02-20 19:41:10.680 11089-11089 GoogleInpu...hodService com...gle.android.inputmethod.latin  I  GoogleInputMethodService.updateDeviceLockedStatus():2248 repeatCheckTimes = 1, locked = false
2025-02-20 19:41:10.683 11089-11089 AndroidIME              com...gle.android.inputmethod.latin  I  InputBundleManager.loadActiveInputBundleId():450 loadActiveInputBundleId: und-Latn-x-password, password
2025-02-20 19:41:10.684 11089-11089 HardKeyTracker          com...gle.android.inputmethod.latin  I  HardKeyTracker.registerKeySequence():139 Register key sequence lnk{labelResId=2132019800, callback=gnd@9153373, lastModifier=0, keyCodes=[57, 57], actions=[1, 0]}
2025-02-20 19:41:10.685 11089-11089 HardKeyTracker          com...gle.android.inputmethod.latin  I  HardKeyTracker.registerKeySequence():139 Register key sequence lnk{labelResId=0, callback=gnd@3f0fc2e, lastModifier=0, keyCodes=[58, 58], actions=[1, 0]}
2025-02-20 19:41:10.686   624-1696  PackageConfigPersister  system_server                        W  App-specific configuration not found for packageName: com.android.settings and userId: 0
2025-02-20 19:41:10.700 11089-11089 ShortcutsDataManager    com...gle.android.inputmethod.latin  I  AbstractContentDataManager.startImportContentTask():240 startImportContentTask()
2025-02-20 19:41:10.712 11089-11123 ShortcutsDataManager    com...gle.android.inputmethod.latin  I  AbstractContentDataManager$ImportContentTask.doInBackground():255 doInBackground()
2025-02-20 19:41:10.712 11089-11123 PersonalDi...ataHandler com...gle.android.inputmethod.latin  I  PersonalDictionaryDataHandler.beginProcess():114 LanguageTags = [en-US]
2025-02-20 19:41:10.725 11089-11123 ShortcutsDataManager    com...gle.android.inputmethod.latin  I  AbstractContentDataManager.importRecords():345 importRecords() : Success : Count = 0
2025-02-20 19:41:10.731 11089-11123 ShortcutsDataManager    com...gle.android.inputmethod.latin  I  AbstractContentDataManager.importContentData():295 importContentData() : Ending import process
2025-02-20 19:41:10.773  7033-7332  FontLog                 com.google.android.gms.persistent    I  (REDACTED) Received query %s, URI %s
2025-02-20 19:41:10.774  7033-7332  FontLog                 com.google.android.gms.persistent    I  (REDACTED) Query [%s] resolved to %s
2025-02-20 19:41:10.774  7033-7332  FontLog                 com.google.android.gms.persistent    I  (REDACTED) Font PFD returned from cache for %s
2025-02-20 19:41:10.775  7033-7332  FontLog                 com.google.android.gms.persistent    I  (REDACTED) Fetch %s end status %s
2025-02-20 19:41:10.778  7033-7332  FontLog                 com.google.android.gms.persistent    I  (REDACTED) Pulling font file for id = %d, cache size = %d
2025-02-20 19:41:10.886 11089-11123 PersonalLa...delUpdater com...gle.android.inputmethod.latin  I  PersonalLanguageModelUpdater$UpdateOperation.performInternal():165 run() : Added 0 words and 0 shortcuts
2025-02-20 19:41:10.886 11089-11123 DynamicLan...lOperation com...gle.android.inputmethod.latin  I  DynamicLanguageModelOperation.perform():43 perform() : 4 : dxm : Completed
2025-02-20 19:41:10.889 11089-11089 ShortcutsDataManager    com...gle.android.inputmethod.latin  I  AbstractContentDataManager$ImportContentTask.onPostExecute():266 onPostExecute() : Result = [2,0]
2025-02-20 19:41:10.889 11089-11089 ShortcutsDataManager    com...gle.android.inputmethod.latin  I  ShortcutsDataManager.onImportFinished():82 onImportFinished() : Result = 2 : Count = 0
2025-02-20 19:41:12.627  1417-1417  ElapsedTimeUtils        com.android.settings                 W  getElapsedTime: sSuwFinishedTimeStamp is null
2025-02-20 19:41:12.652   624-1696  CoreBackPreview         system_server                        D  Window{902f8c4 u0 com.android.settings/com.android.settings.spa.SpaActivity}: Setting back callback OnBackInvokedCallbackInfo{mCallback=android.window.IOnBackInvokedCallback$Stub$Proxy@cfdaf2e, mPriority=-1, mIsAnimationCallback=false}
2025-02-20 19:41:12.653   624-1696  CoreBackPreview         system_server                        D  Window{902f8c4 u0 com.android.settings/com.android.settings.spa.SpaActivity}: Setting back callback OnBackInvokedCallbackInfo{mCallback=android.window.IOnBackInvokedCallback$Stub$Proxy@ef7cacf, mPriority=0, mIsAnimationCallback=true}
2025-02-20 19:41:12.653  1417-1467  EGL_emulation           com.android.settings                 D  app_time_stats: avg=529.16ms min=9.41ms max=2928.88ms count=6
2025-02-20 19:41:12.710   624-1119  IPCThreadState          system_server                        W  Sending oneway calls to frozen process.
2025-02-20 19:41:12.710   624-1119  IPCThreadState          system_server                        W  Sending oneway calls to frozen process.
2025-02-20 19:41:12.710   624-1119  IPCThreadState          system_server                        W  Sending oneway calls to frozen process.
2025-02-20 19:41:12.712   624-1119  IPCThreadState          system_server                        W  Sending oneway calls to frozen process.
2025-02-20 19:41:12.714  4068-4111  BugleRcsEngine          com.google.android.apps.messaging    I  handleMessage processing message:[NOTIFY_UPTIME_IGNORE_STATE_CHANGED] with [non-null]:RcsEngineImpl reference [CONTEXT log_prefix="RcsEngineImpl[DUAL_REG]:[b355d52f-989c]>Handler" thread_id=60 ]
2025-02-20 19:41:12.716  4068-4105  BugleRcsEngine          com.google.android.apps.messaging    I  Connected state: [1], networkType: [WIFI] [CONTEXT thread_id=57 ]
2025-02-20 19:41:12.729  7033-7332  NullBinder              com.google.android.gms.persistent    I  NullBinder for android.net.action.RECOMMEND_NETWORKS triggering remote TransactionTooLargeException due to Service without Chimera impl
2025-02-20 19:41:12.730  7033-7332  .gms.persistent         com.google.android.gms.persistent    W  Large reply transaction of 1056768 bytes, interface descriptor , code 1
2025-02-20 19:41:12.756  1417-1417  ImageReader_JNI         com.android.settings                 W  Unable to acquire a buffer item, very likely client tried to acquire more than maxImages buffers
2025-02-20 19:41:12.760  4068-4111  BugleRcsEngine          com.google.android.apps.messaging    I  No RCS Configuration was found in Bugle for simID: redacted-pii:sim_id[chars:20,last3:897] [CONTEXT log_prefix="ProvisioningEngineDataRetriever" thread_id=60 ]
2025-02-20 19:41:12.782   624-809   ImeTracker              system_server                        I  com.android.settings:b74ee07b: onRequestHide at ORIGIN_SERVER reason HIDE_UNSPECIFIED_WINDOW fromUser false
2025-02-20 19:41:12.783   624-809   ImeTracker              system_server                        I  com.android.settings:b74ee07b: onCancelled at PHASE_SERVER_SHOULD_HIDE
2025-02-20 19:41:12.784 11089-11089 GoogleInpu...hodService com...gle.android.inputmethod.latin  I  GoogleInputMethodService.onFinishInput():3157 
2025-02-20 19:41:12.787 11089-11089 GoogleInpu...hodService com...gle.android.inputmethod.latin  I  GoogleInputMethodService.updateDeviceLockedStatus():2248 repeatCheckTimes = 0, locked = false
2025-02-20 19:41:12.787 11089-11089 GoogleInpu...hodService com...gle.android.inputmethod.latin  I  GoogleInputMethodService.onStartInput():1986 onStartInput(EditorInfo{EditorInfo{packageName=com.android.settings, inputType=0, inputTypeString=NULL, enableLearning=false, autoCorrection=false, autoComplete=false, imeOptions=0, privateImeOptions=null, actionName=UNSPECIFIED, actionLabel=null, initialSelStart=-1, initialSelEnd=-1, initialCapsMode=0, label=null, fieldId=0, fieldName=null, extras=null, hintText=null, hintLocales=[]}}, false)
2025-02-20 19:41:12.788 11089-11089 GoogleInpu...hodService com...gle.android.inputmethod.latin  I  GoogleInputMethodService.updateDeviceLockedStatus():2248 repeatCheckTimes = 1, locked = false
2025-02-20 19:41:12.790 11089-11089 AndroidIME              com...gle.android.inputmethod.latin  I  InputBundleManager.loadActiveInputBundleId():450 loadActiveInputBundleId: und-Latn-x-password, password
2025-02-20 19:41:12.791   624-1692  PackageConfigPersister  system_server                        W  App-specific configuration not found for packageName: com.android.settings and userId: 0
2025-02-20 19:41:12.807 10967-11008 EGL_emulation           com.android.systemui                 D  app_time_stats: avg=516.26ms min=3.09ms max=3024.29ms count=6
2025-02-20 19:41:12.887  7056-7056  BoundBrokerSvc          com.google.android.gms               D  onUnbind: Intent { act=com.google.android.gms.common.BIND_SHARED_PREFS pkg=com.google.android.gms }
2025-02-20 19:41:13.008  1494-2090  EGL_emulation           com...le.android.apps.nexuslauncher  D  app_time_stats: avg=328.69ms min=8.15ms max=3147.04ms count=10
2025-02-20 19:41:13.728  1417-1417  ElapsedTimeUtils        com.android.settings                 W  getElapsedTime: sSuwFinishedTimeStamp is null
2025-02-20 19:41:13.729  1417-5014  PackageInfoPresenter    com.android.settings                 D  Stopping package com.android.systemui
2025-02-20 19:41:13.732   624-2255  ActivityManager         system_server                        I  Force stopping com.android.systemui appid=10181 user=0: from pid 1417 (com.android.settings)
2025-02-20 19:41:13.736 10967-10974 ndroid.systemui         com.android.systemui                 W  ApkAssets: Deleting an ApkAssets object '<empty> and /system_ext/priv-app/NexusLauncherRelease/NexusLauncherRelease.apk' with 1 weak references
2025-02-20 19:41:13.737 10967-10974 System                  com.android.systemui                 W  A resource failed to call release. 
2025-02-20 19:41:13.737 10967-10974 System                  com.android.systemui                 W  A resource failed to call release. 
2025-02-20 19:41:13.737 10967-10974 ndroid.systemui         com.android.systemui                 W  ApkAssets: Deleting an ApkAssets object '<empty> and /product/priv-app/Velvet/Velvet.apk' with 1 weak references
2025-02-20 19:41:13.741  1417-1417  WindowOnBackDispatcher  com.android.settings                 W  sendCancelIfRunning: isInProgress=false callback=androidx.activity.OnBackPressedDispatcher$Api34Impl$createOnBackAnimationCallback$1@ce4d408
2025-02-20 19:41:13.742   624-2255  CoreBackPreview         system_server                        D  Window{902f8c4 u0 com.android.settings/com.android.settings.spa.SpaActivity}: Setting back callback null
2025-02-20 19:41:13.746   624-660   WallpaperManagerService system_server                        W  Wallpaper uninstalled, removing: ComponentInfo{com.android.systemui/com.android.systemui.wallpapers.ImageWallpaper}
2025-02-20 19:41:13.746  1416-1416  CarrierSvcBindHelper    com.android.phone                    D  onHandleForceStop: [com.android.systemui]
2025-02-20 19:41:13.746  1416-1416  CarrierSvcBindHelper    com.android.phone                    D  No carrier app for: 0
2025-02-20 19:41:13.747   624-660   WallpaperManagerService system_server                        V  setWallpaperComponent name=null, which = 3
2025-02-20 19:41:13.748   624-660   WallpaperManagerService system_server                        V  bindWallpaperComponentLocked: componentName=null
2025-02-20 19:41:13.748   624-660   WallpaperManagerService system_server                        D  WPMS.bindWallpaperComponentLocked-null
2025-02-20 19:41:13.750   624-11088 WallpaperManagerService system_server                        D  WPMS.onServiceConnected-ComponentInfo{com.android.systemui/com.android.systemui.wallpapers.ImageWallpaper}
2025-02-20 19:41:13.751  1417-1467  HWUI                    com.android.settings                 D  endAllActiveAnimators on 0x71de86b7c900 (UnprojectedRipple) with handle 0x71df16b57030
2025-02-20 19:41:13.752   624-2255  InputManager-JNI        system_server                        W  Input channel object '902f8c4 com.android.settings/com.android.settings.spa.SpaActivity (client)' was disposed without first being removed with the input manager!
2025-02-20 19:41:13.752   624-660   WallpaperManagerService system_server                        D  WPMS.saveSettingsLocked-0
2025-02-20 19:41:13.754 10967-10967 ThemeOverlayController  com.android.systemui                 I  Wallpaper changed from background app, keep deferring color events. Accepting: true
2025-02-20 19:41:13.759   624-1694  InputManager-JNI        system_server                        W  Input channel object 'a87fd50 com.android.systemui.wallpapers.ImageWallpaper (client)' was disposed without first being removed with the input manager!
2025-02-20 19:41:13.766   624-650   WindowManager           system_server                        V  Unknown focus tokens, dropping reportFocusChanged
2025-02-20 19:41:13.769  1417-1467  EGL_emulation           com.android.settings                 D  app_time_stats: avg=1115.43ms min=1115.43ms max=1115.43ms count=1
2025-02-20 19:41:13.771   624-11088 WallpaperManagerService system_server                        D  WPMS.attachServiceLocked
2025-02-20 19:41:13.771   624-11088 WallpaperManagerService system_server                        D  WPMS.connectLocked-ComponentInfo{com.android.systemui/com.android.systemui.wallpapers.ImageWallpaper}
2025-02-20 19:41:13.770 10967-10967 Tonal                   com.android.systemui                 D  Tonal Palette - index: 4. Main color: ff343e65
                                                                                                    Colors: ff0b0c16, ff141627, ff1d2138, ff272d4c, ff343e65, ff41477e, ff4e5597, ff8184a4, ff898cc3, ff9e9ecd, ffb7b6d9, ffd9d7eb, ffefeef7
2025-02-20 19:41:13.771 10967-10967 Tonal                   com.android.systemui                 D  Gradients: 
                                                                                                    	Normal GradientColors(ff343e65, ff343e65)
                                                                                                    	Dark GradientColors(ff272d4c, ff272d4c)
                                                                                                    	Extra dark: GradientColors(ff1d2138, ff1d2138)
2025-02-20 19:41:13.771 10967-10967 Tonal                   com.android.systemui                 D  Tonal Palette - index: 4. Main color: ff343e65
                                                                                                    Colors: ff0b0c16, ff141627, ff1d2138, ff272d4c, ff343e65, ff41477e, ff4e5597, ff8184a4, ff898cc3, ff9e9ecd, ffb7b6d9, ffd9d7eb, ffefeef7
2025-02-20 19:41:13.771 10967-10967 Tonal                   com.android.systemui                 D  Gradients: 
                                                                                                    	Normal GradientColors(ff343e65, ff343e65)
                                                                                                    	Dark GradientColors(ff272d4c, ff272d4c)
                                                                                                    	Extra dark: GradientColors(ff1d2138, ff1d2138)
2025-02-20 19:41:13.772  1417-9626  AppForceStopRepository  com.android.settings                 D  Sending broadcast to query restart status for com.android.systemui
2025-02-20 19:41:13.772   624-11088 WallpaperManagerService system_server                        D  WPMS.saveSettingsLocked-0
2025-02-20 19:41:13.792   624-2417  Role                    system_server                        I  com.android.systemui not qualified for android.app.role.HOME due to missing RequiredComponent{mIntentFilterData=IntentFilterData{mAction='android.intent.action.MAIN', mCategories='[android.intent.category.HOME]', mDataScheme='null', mDataType='null'}, mMinTargetSdkVersion=1, mFlags='0', mPermission='null', mQueryFlags=0, mMetaData=[]}
2025-02-20 19:41:13.797   624-641   Role                    system_server                        I  com.android.systemui not qualified for android.app.role.DIALER due to missing RequiredComponent{mIntentFilterData=IntentFilterData{mAction='android.intent.action.DIAL', mCategories='[]', mDataScheme='null', mDataType='null'}, mMinTargetSdkVersion=1, mFlags='0', mPermission='null', mQueryFlags=0, mMetaData=[]}
2025-02-20 19:41:13.802   624-641   Role                    system_server                        I  com.android.systemui not qualified for android.app.role.EMERGENCY due to missing RequiredComponent{mIntentFilterData=IntentFilterData{mAction='android.telephony.action.EMERGENCY_ASSISTANCE', mCategories='[]', mDataScheme='null', mDataType='null'}, mMinTargetSdkVersion=1, mFlags='0', mPermission='null', mQueryFlags=0, mMetaData=[]}
2025-02-20 19:41:13.808 10967-11020 WallpaperService        com.android.systemui                 D  reportEngineShown: shouldWait=true
2025-02-20 19:41:13.808   624-641   Role                    system_server                        I  com.android.systemui not qualified for android.app.role.SMS due to missing RequiredComponent{mIntentFilterData=IntentFilterData{mAction='android.provider.Telephony.SMS_DELIVER', mCategories='[]', mDataScheme='null', mDataType='null'}, mMinTargetSdkVersion=1, mFlags='0', mPermission='android.permission.BROADCAST_SMS', mQueryFlags=0, mMetaData=[]}
2025-02-20 19:41:13.814 10967-11020 WallpaperService        com.android.systemui                 D  reportEngineShown: shouldWait=true
2025-02-20 19:41:13.818  1417-1467  EGL_emulation           com.android.settings                 D  app_time_stats: avg=4287.37ms min=4287.37ms max=4287.37ms count=1
2025-02-20 19:41:13.825  1417-11169 BatteryUsa...ntProvider com.android.settings                 D  getLastFullChargeTimestamp() in 1/ms
2025-02-20 19:41:13.826  1417-11169 DatabaseUtils           com.android.settings                 D  getLastFullChargeTime() lastFullChargeTime=Feb 20, 2025, 18:30:34 in 2/ms
2025-02-20 19:41:13.826  1417-11169 DatabaseUtils           com.android.settings                 D  sixDaysAgoTimestamp: Feb 14, 2025, 00:00:00
2025-02-20 19:41:13.829  1417-11169 BatteryUsa...ntProvider com.android.settings                 D  getQueryTimestamp from uri: content://com.android.settings.battery.usage.provider/BatteryState?timestamp=1740087034083
2025-02-20 19:41:13.831  1417-11169 BatteryUsa...ntProvider com.android.settings                 D  getBatteryStates() after 1740087034083 in 0/ms
2025-02-20 19:41:13.831  1417-1417  ImageReader_JNI         com.android.settings                 W  Unable to acquire a buffer item, very likely client tried to acquire more than maxImages buffers
2025-02-20 19:41:13.831  1417-11169 DatabaseUtils           com.android.settings                 D  getBatteryHistoryMap() size=2 in 2/ms
2025-02-20 19:41:13.831  1417-11169 BatteryCha...Controller com.android.settings                 D  getBatterySinceLastFullChargeUsageData() size=2 time=7/ms
2025-02-20 19:41:13.833  1417-9633  AppForceStopRepository  com.android.settings                 D  Sending broadcast to query restart status for com.android.systemui
2025-02-20 19:41:13.835  1417-11053 PackageManager          com.android.settings                 W  Failure retrieving resources for com.android.systemui: Drawable com.android.systemui:drawable/android15_patch_adaptive with resource ID #0x7f080609
2025-02-20 19:41:13.837   624-809   ImeTracker              system_server                        I  com.android.settings:de7c656f: onRequestHide at ORIGIN_SERVER reason HIDE_UNSPECIFIED_WINDOW fromUser false
2025-02-20 19:41:13.837   624-809   ImeTracker              system_server                        I  com.android.settings:de7c656f: onCancelled at PHASE_SERVER_SHOULD_HIDE
2025-02-20 19:41:13.838  1417-11169 DataProcessor           com.android.settings                 D  getHistoryMapWithExpectedTimestamps() size=3 in 0/ms
2025-02-20 19:41:13.840 11089-11089 GoogleInpu...hodService com...gle.android.inputmethod.latin  I  GoogleInputMethodService.onFinishInput():3157 
2025-02-20 19:41:13.842 11089-11089 GoogleInpu...hodService com...gle.android.inputmethod.latin  I  GoogleInputMethodService.updateDeviceLockedStatus():2248 repeatCheckTimes = 0, locked = false
2025-02-20 19:41:13.842 11089-11089 GoogleInpu...hodService com...gle.android.inputmethod.latin  I  GoogleInputMethodService.onStartInput():1986 onStartInput(EditorInfo{EditorInfo{packageName=com.android.settings, inputType=0, inputTypeString=NULL, enableLearning=false, autoCorrection=false, autoComplete=false, imeOptions=0, privateImeOptions=null, actionName=UNSPECIFIED, actionLabel=null, initialSelStart=-1, initialSelEnd=-1, initialCapsMode=0, label=null, fieldId=0, fieldName=null, extras=null, hintText=null, hintLocales=[]}}, false)
2025-02-20 19:41:13.843 11089-11089 GoogleInpu...hodService com...gle.android.inputmethod.latin  I  GoogleInputMethodService.updateDeviceLockedStatus():2248 repeatCheckTimes = 1, locked = false
2025-02-20 19:41:13.846 11089-11089 AndroidIME              com...gle.android.inputmethod.latin  I  InputBundleManager.loadActiveInputBundleId():450 loadActiveInputBundleId: und-Latn-x-password, password
2025-02-20 19:41:13.848   624-2417  PackageConfigPersister  system_server                        W  App-specific configuration not found for packageName: com.android.settings and userId: 0
2025-02-20 19:41:13.871  9165-9210  BrowserUsageLoader      com.google.android.apps.wellbeing    W  <DWB> Failed to query website usage
                                                                                                    ftw: Service rejected request (status=5)
                                                                                                    	at exi.a(PG:211)
                                                                                                    	at lfc.a(PG:57)
                                                                                                    	at leo.e(PG:3)
                                                                                                    	at leq.run(PG:42)
                                                                                                    	at hur.run(PG:7)
                                                                                                    	at lcx.run(PG:50)
                                                                                                    	at hld.run(PG:450)
                                                                                                    	at java.lang.Thread.run(Thread.java:1012)
                                                                                                    	at hwd.run(PG:64)
2025-02-20 19:41:13.892  1417-11169 DataProcessor           com.android.settings                 W  shouldShowBatteryAttributionList(): 0.1
2025-02-20 19:41:13.892  1417-11169 DataProcessor           com.android.settings                 W  batteryEntryList is null or empty in convertToBatteryHistEntry()
2025-02-20 19:41:13.921  1417-1417  AppForceStopRepository  com.android.settings                 D  Got broadcast response: Restart status for com.android.systemui true
2025-02-20 19:41:13.944  1417-11169 AppBatteryPresenter     com.android.settings                 D  loadBatteryDiffEntries():
                                                                                                    null
2025-02-20 19:41:13.965   624-1205  NetworkStatsObservers   system_server                        D  Unregistering RequestInfo from pid/uid:624/1000(android) for DataUsageRequest [ requestId=16, networkTemplate=NetworkTemplate: matchRule=MOBILE, matchSubscriberIds=[310260...], matchWifiNetworkKeys=[], metered=YES, defaultNetwork=NO, thresholdInBytes=3738106 ] accessLevel:3
2025-02-20 19:41:13.966   624-1108  NetworkStatsObservers   system_server                        D  Registering observer for RequestInfo from pid/uid:624/1000(android) for DataUsageRequest [ requestId=17, networkTemplate=NetworkTemplate: matchRule=MOBILE, matchSubscriberIds=[310260...], matchWifiNetworkKeys=[], metered=YES, defaultNetwork=NO, thresholdInBytes=3734873 ] accessLevel:3
2025-02-20 19:41:14.402  1417-1417  AppForceStopRepository  com.android.settings                 D  Got broadcast response: Restart status for com.android.systemui true
2025-02-20 19:41:14.403  1417-11169 AppForceStopRepository  com.android.settings                 D  canForceStopFlow: true
2025-02-20 19:41:14.413 10967-11018 WallpaperService        com.android.systemui                 D  reportEngineShown: shouldWait=false
2025-02-20 19:41:14.415 10967-11020 WallpaperService        com.android.systemui                 D  Wallpaper has updated the surface:null
2025-02-20 19:41:14.461  1494-2090  EGL_emulation           com...le.android.apps.nexuslauncher  D  app_time_stats: avg=206.50ms min=11.52ms max=1348.99ms count=7
2025-02-20 19:41:14.461 10967-10967 Choreographer           com.android.systemui                 I  Skipped 31 frames!  The application may be doing too much work on its main thread.
2025-02-20 19:41:14.465 10967-11008 EGL_emulation           com.android.systemui                 D  app_time_stats: avg=173.26ms min=3.35ms max=1522.06ms count=9
2025-02-20 19:41:15.303   624-648   SideFpsEventHandler     system_server                        I  notifyPowerPressed
2025-02-20 19:41:15.303   624-648   WindowManager           system_server                        D  powerPress: eventTime=3689736 interactive=true count=1 mShortPressOnPowerBehavior=1
2025-02-20 19:41:15.304   624-648   PowerGroup              system_server                        I  Powering off display group due to power_button (groupId= 0, uid= 1000, millisSinceLastUserActivity=1534, lastUserActivityEvent=touch)...
2025-02-20 19:41:15.304   624-648   PowerManagerService     system_server                        I  Going to sleep due to power_button (uid 1000, screenOffTimeout=2147483647, activityTimeoutWM=-1, maxDimRatio=0.20000005, maxDimDur=7000)...
2025-02-20 19:41:15.309 11089-11089 GoogleInpu...hodService com...gle.android.inputmethod.latin  I  GoogleInputMethodService.onFinishInput():3157 
2025-02-20 19:41:15.311 11089-11089 GoogleInpu...hodService com...gle.android.inputmethod.latin  I  GoogleInputMethodService.updateDeviceLockedStatus():2248 repeatCheckTimes = 0, locked = false
2025-02-20 19:41:15.322 10967-11001 KeyguardTr...Repository com.android.systemui                 D  (Internal) Setting current transition info: TransitionInfo(ownerName=FromGoneTransitionInteractor(Sleep transition triggered), from=GONE, to=DOZING, animated)
2025-02-20 19:41:15.323 10967-10967 KeyguardViewMediator    com.android.systemui                 D  KeyguardViewMediator queue processing message: NOTIFY_STARTED_GOING_TO_SLEEP
2025-02-20 19:41:15.328 10967-10967 KeyguardTr...Repository com.android.systemui                 I  STARTED transition: TransitionStep(from=GONE, to=DOZING, value=0.0, transitionState=STARTED, ownerName=FromGoneTransitionInteractor(Sleep transition triggered))
2025-02-20 19:41:15.335 10967-10967 vol.VolumeDialogImpl    com.android.systemui                 I  mDialog.dismiss() reason: volume_controller from: com.android.systemui.volume.VolumeDialogImpl$7.onDismissRequested:3
2025-02-20 19:41:15.471   624-679   EGL_emulation           system_server                        E  eglQueryContext 32c0  EGL_BAD_ATTRIBUTE
2025-02-20 19:41:15.471   624-679   EGL_emulation           system_server                        E  tid 679: eglQueryContext(2161): error 0x3004 (EGL_BAD_ATTRIBUTE)
2025-02-20 19:41:15.476  1494-2090  EGL_emulation           com...le.android.apps.nexuslauncher  D  app_time_stats: avg=83.74ms min=2.33ms max=777.02ms count=11
2025-02-20 19:41:15.586   624-679   DisplayPow...roller2[0] system_server                        I  BrightnessEvent: disp=0, physDisp=local:4619827259835644672, displayState=ON, displayPolicy=OFF, brt=0.39763778, initBrt=0.39763778, rcmdBrt=NaN, preBrt=NaN, lux=0.0, preLux=0.0, hbmMax=1.0, hbmMode=off, rbcStrength=0, thrmMax=1.0, powerFactor=1.0, wasShortTermModelActive=false, flags=, reason=manual, autoBrightness=false, strategy=InvalidBrightnessStrategy, autoBrightnessMode=default
2025-02-20 19:41:15.995   624-679   DisplayPow...roller2[0] system_server                        I  Blocking screen off
2025-02-20 19:41:15.996   624-679   DisplayPow...roller2[0] system_server                        I  Unblocked screen off after 1 ms
2025-02-20 19:41:16.050   431-431   lights_service_exampl.. and...rdware.lights-service.example  I  main::lights: Lights setting state for id=1 to color ff000000
2025-02-20 19:41:16.064   624-679   ActivityTaskManager     system_server                        D  Top Process State changed to PROCESS_STATE_TOP_SLEEPING
2025-02-20 19:41:16.069   624-679   Surface                 system_server                        E  freeAllBuffers: 1 buffers were freed while being dequeued!
2025-02-20 19:41:16.069   624-679   Surface                 system_server                        E  getSlotFromBufferLocked: unknown buffer: 0x0
2025-02-20 19:41:16.070 10967-10967 CentralSurfaces         com.android.systemui                 D  !shouldBeKeyguard mStatusBarStateController.isKeyguardRequested() false keyguardForDozing false wakeAndUnlocking false isWakingAndOccluded false
2025-02-20 19:41:16.071 10967-10967 CentralSurfaces         com.android.systemui                 D  hideKeyguardImpl false
2025-02-20 19:41:16.075   624-679   libEGL                  system_server                        E  call to OpenGL ES API with no current context (logged once per thread)
2025-02-20 19:41:16.077   624-679   DisplayBri...gySelector system_server                        I  Changing the DisplayBrightnessStrategy from InvalidBrightnessStrategy to ScreenOffBrightnessStrategy for display 0
2025-02-20 19:41:16.077   624-650   ProcessStats            system_server                        W  Tracking association SourceState{50ed72d com.android.settings/1000 Top #14243} whose proc state 1 is better than process ProcessState{b37d6c9 com.google.android.permissioncontroller/10206 pkg=com.google.android.permissioncontroller} proc state 2 (59 skipped)
2025-02-20 19:41:16.082  1417-1417  VRI[SpaActivity]        com.android.settings                 D  visibilityChanged oldVisibility=true newVisibility=false
2025-02-20 19:41:16.082   624-679   DisplayPow...roller2[0] system_server                        V  Brightness [0.0] reason changing to: 'screen_off', previous reason: 'manual'.
2025-02-20 19:41:16.083   624-679   DisplayPow...roller2[0] system_server                        I  BrightnessEvent: disp=0, physDisp=local:4619827259835644672, displayState=OFF, displayPolicy=OFF, brt=0.0, initBrt=0.39763778, rcmdBrt=NaN, preBrt=NaN, lux=0.0, preLux=0.0, hbmMax=1.0, hbmMode=off, rbcStrength=0, thrmMax=1.0, powerFactor=1.0, wasShortTermModelActive=false, flags=, reason=screen_off, autoBrightness=false, strategy=ScreenOffBrightnessStrategy, autoBrightnessMode=default
2025-02-20 19:41:16.086   468-468   SurfaceFlinger          surfaceflinger                       D  Setting power mode 0 on display 4619827259835644672
2025-02-20 19:41:16.088   468-468   SurfaceFlinger          surfaceflinger                       D  Finished setting power mode 0 on display 4619827259835644672
2025-02-20 19:41:16.093   624-650   DisplayDeviceRepository system_server                        I  Display device changed state: "Built-in Screen", OFF
2025-02-20 19:41:16.099   624-679   Brightness...malClamper system_server                        D  Thermal status observer already started
2025-02-20 19:41:16.099   624-650   InputManager-JNI        system_server                        I  Viewport [0] to add: local:4619827259835644672, isActive: false
2025-02-20 19:41:16.101   624-802   InputReader             system_server                        I  Reconfiguring input devices, changes=DISPLAY_INFO
2025-02-20 19:41:16.101   624-802   InputReader             system_server                        I  Disabling virtio_input_multi_touch_1 (device 12) because the associated viewport is not active
2025-02-20 19:41:16.101   624-802   InputReader             system_server                        I  Device reconfigured: id=12, name='virtio_input_multi_touch_1', size 32768x32768, orientation Rotation0, mode DISABLED, display id 0
2025-02-20 19:41:16.103   624-648   SurfaceControl          system_server                        W  Invalid layer stack -1
2025-02-20 19:41:16.104   624-648   DisplayDevice           system_server                        I  [0] Layerstack set to -1 for local:4619827259835644672
2025-02-20 19:41:16.104   624-802   InputReader             system_server                        I  Touch device 'virtio_input_multi_touch_2' could not query the properties of its associated display.  The device will be inoperable until the display size becomes available.
2025-02-20 19:41:16.104   624-802   InputReader             system_server                        I  Touch device 'virtio_input_multi_touch_3' could not query the properties of its associated display.  The device will be inoperable until the display size becomes available.
2025-02-20 19:41:16.104   624-802   InputReader             system_server                        I  Touch device 'virtio_input_multi_touch_4' could not query the properties of its associated display.  The device will be inoperable until the display size becomes available.
2025-02-20 19:41:16.104   624-802   InputReader             system_server                        I  Touch device 'virtio_input_multi_touch_5' could not query the properties of its associated display.  The device will be inoperable until the display size becomes available.
2025-02-20 19:41:16.105   624-802   InputReader             system_server                        I  Touch device 'virtio_input_multi_touch_6' could not query the properties of its associated display.  The device will be inoperable until the display size becomes available.
2025-02-20 19:41:16.105   624-802   InputReader             system_server                        I  Touch device 'virtio_input_multi_touch_7' could not query the properties of its associated display.  The device will be inoperable until the display size becomes available.
2025-02-20 19:41:16.105   624-802   InputReader             system_server                        I  Touch device 'virtio_input_multi_touch_8' could not query the properties of its associated display.  The device will be inoperable until the display size becomes available.
2025-02-20 19:41:16.105   624-802   InputReader             system_server                        I  Touch device 'virtio_input_multi_touch_9' could not query the properties of its associated display.  The device will be inoperable until the display size becomes available.
2025-02-20 19:41:16.108   624-802   InputReader             system_server                        I  Touch device 'virtio_input_multi_touch_10' could not query the properties of its associated display.  The device will be inoperable until the display size becomes available.
2025-02-20 19:41:16.109   624-802   InputReader             system_server                        I  Touch device 'virtio_input_multi_touch_11' could not query the properties of its associated display.  The device will be inoperable until the display size becomes available.
2025-02-20 19:41:16.115   624-786   ActivityManager         system_server                        D  freezing 7647 com.google.android.googlequicksearchbox:search
2025-02-20 19:41:16.115   203-206   android.sy...nd-service android.system.suspend-service       E  error writing zygote_kwl to /sys/power/wake_unlock: Invalid argument
2025-02-20 19:41:16.118   203-206   android.sy...nd-service android.system.suspend-service       I  automatic system suspend enabled
2025-02-20 19:41:16.125   624-786   ActivityManager         system_server                        D  Reschedule freeze for process 7647 com.google.android.googlequicksearchbox:search (outstanding txns), timeout=2404
