2025-02-20 19:40:45.902   624-2257  BatteryExt...tatsWorker system_server                        W  error reading Bluetooth stats: 11
2025-02-20 19:40:48.629   624-1119  IPCThreadState          system_server                        W  Sending oneway calls to frozen process.
2025-02-20 19:40:48.629   624-1119  IPCThreadState          system_server                        W  Sending oneway calls to frozen process.
2025-02-20 19:40:48.629   624-1119  IPCThreadState          system_server                        W  Sending oneway calls to frozen process.
2025-02-20 19:40:48.630  4068-4111  BugleRcsEngine          com.google.android.apps.messaging    I  handleMessage processing message:[NOTIFY_UPTIME_IGNORE_STATE_CHANGED] with [non-null]:RcsEngineImpl reference [CONTEXT log_prefix="RcsEngineImpl[DUAL_REG]:[b355d52f-989c]>Handler" thread_id=60 ]
2025-02-20 19:40:48.630   624-1119  IPCThreadState          system_server                        W  Sending oneway calls to frozen process.
2025-02-20 19:40:48.631  4068-4105  BugleRcsEngine          com.google.android.apps.messaging    I  Connected state: [1], networkType: [WIFI] [CONTEXT thread_id=57 ]
2025-02-20 19:40:48.637  7033-7113  NullBinder              com.google.android.gms.persistent    I  NullBinder for android.net.action.RECOMMEND_NETWORKS triggering remote TransactionTooLargeException due to Service without Chimera impl
2025-02-20 19:40:48.637  7033-7113  .gms.persistent         com.google.android.gms.persistent    W  Large reply transaction of 1056768 bytes, interface descriptor , code 1
2025-02-20 19:40:48.640  4068-4111  BugleRcsEngine          com.google.android.apps.messaging    I  No RCS Configuration was found in Bugle for simID: redacted-pii:sim_id[chars:20,last3:897] [CONTEXT log_prefix="ProvisioningEngineDataRetriever" thread_id=60 ]
2025-02-20 19:40:51.949   624-789   SafetyCenterRefreshTrac system_server                        V  Clearing refresh with id: 7c9c8852-22cc-4de2-bc55-94506e42903e_0
2025-02-20 19:40:51.950   624-789   SafetyCenterRefreshTrac system_server                        W  Timeout after PT1H0.251S for refresh with reason: 600, and id: 7c9c8852-22cc-4de2-bc55-94506e42903e_0
2025-02-20 19:40:51.953   624-789   SafetyCenterRefreshTrac system_server                        W  Refresh with id: 7c9c8852-22cc-4de2-bc55-94506e42903e_0 timed out for tracked source id: GoogleAutoLock, and user id: 0
2025-02-20 19:40:55.202  1768-1973  BistoHotwordHelper      com....android.googlequicksearchbox  I  (REDACTED) getHotwordActive::active query: %s, watch: %s, devices connected: %s
2025-02-20 19:41:01.902   624-2414  FileUtils               system_server                        D  Rounded bytes from 2067398656 to 4000000000
2025-02-20 19:41:02.013  1768-4491  ClearcutMetricXmitter   com....android.googlequicksearchbox  V  Transmission is done.
2025-02-20 19:41:02.610   624-4868  EGL_emulation           system_server                        D  app_time_stats: avg=3484.11ms min=2.29ms max=41580.62ms count=12
2025-02-20 19:41:02.686   624-648   WindowOnBackDispatcher  system_server                        W  sendCancelIfRunning: isInProgress=false callback=android.view.ViewRootImpl$$ExternalSyntheticLambda11@d3c0cd
2025-02-20 19:41:02.687   624-648   CoreBackPreview         system_server                        D  Window{6adf5e9 u0 Application Error: com.android.systemui}: Setting back callback null
2025-02-20 19:41:02.689   624-2174  ActivityTaskManager     system_server                        W  callingPackage for (uid=1000, pid=624) is ambiguous: [android, com.android.providers.settings, com.android.server.telecom, com.android.location.fused]
2025-02-20 19:41:02.696   624-4868  HWUI                    system_server                        D  endAllActiveAnimators on 0x71de86b2f500 (RippleDrawable) with handle 0x71df16c0b330
2025-02-20 19:41:02.699   624-2174  CompatChangeReporter    system_server                        D  Compat change id reported: 151861875; UID 1000; state: ENABLED
2025-02-20 19:41:02.699   624-2174  OptProp                 system_server                        W  Cannot read opt property android.window.PROPERTY_COMPAT_ALLOW_USER_ASPECT_RATIO_OVERRIDE
2025-02-20 19:41:02.700   624-2174  OptProp                 system_server                        W  Cannot read opt property android.window.PROPERTY_COMPAT_ALLOW_USER_ASPECT_RATIO_FULLSCREEN_OVERRIDE
2025-02-20 19:41:02.700   624-2174  OptProp                 system_server                        W  Cannot read opt property android.window.PROPERTY_COMPAT_ALLOW_ORIENTATION_OVERRIDE
2025-02-20 19:41:02.724   456-766   audioserver             audioserver                          D  logFgsApiBegin: FGS Logger Transaction failed, -129
2025-02-20 19:41:02.728   624-2414  AS.PlaybackActivityMon  system_server                        W  No piid assigned for invalid/internal port id 15
2025-02-20 19:41:02.733   624-2174  OptProp                 system_server                        W  Cannot read opt property android.window.PROPERTY_COMPAT_ALLOW_MIN_ASPECT_RATIO_OVERRIDE
2025-02-20 19:41:02.750   624-2174  ActivityTaskManager     system_server                        I  START u0 {act=android.settings.APPLICATION_DETAILS_SETTINGS dat=package: flg=0x10000000 cmp=com.android.settings/.applications.InstalledAppDetails} with LAUNCH_MULTIPLE from uid 1000 (BAL_ALLOW_VISIBLE_WINDOW) result code=0
2025-02-20 19:41:02.750 10706-10732 WindowManagerShell      com.android.systemui                 V  Transition requested (#98): android.os.BinderProxy@2b14556 TransitionRequestInfo { type = OPEN, triggerTask = TaskInfo{userId=0 taskId=34 displayId=0 isRunning=true baseIntent=Intent { act=android.settings.APPLICATION_DETAILS_SETTINGS dat=package: flg=0x10000000 cmp=com.android.settings/.applications.InstalledAppDetails } baseActivity=ComponentInfo{com.android.settings/com.android.settings.applications.InstalledAppDetailsTop} topActivity=ComponentInfo{com.android.settings/com.android.settings.applications.InstalledAppDetailsTop} origActivity=ComponentInfo{com.android.settings/com.android.settings.applications.InstalledAppDetails} realActivity=ComponentInfo{com.android.settings/com.android.settings.applications.InstalledAppDetailsTop} numActivities=1 lastActiveTime=3677289 supportsMultiWindow=true resizeMode=1 isResizeable=true minWidth=-1 minHeight=-1 defaultMinSize=220 token=WCT{android.window.IWindowContainerToken$Stub$Proxy@f1ee9d7} topActivityType=1 pictureInPictureParams=null shouldDockBigOverlays=false launchIntoPipHostTaskId=-1 lastParentTaskIdBeforePip=-1 displayCutoutSafeInsets=null topActivityInfo=ActivityInfo{eb342c4 com.android.settings.applications.InstalledAppDetails} launchCookies=[] positionInParent=Point(0, 0) parentTaskId=-1 isFocused=false isVisible=false isVisibleRequested=false isSleeping=false locusId=null displayAreaFeatureId=1 isTopActivityTransparent=false appCompatTaskInfo=AppCompatTaskInfo { topActivityInSizeCompat=false topActivityEligibleForLetterboxEducation= falseisLetterboxEducationEnabled= true isLetterboxDoubleTapEnabled= false topActivityEligibleForUserAspectRatioButton= false topActivityBoundsLetterboxed= false isFromLetterboxDoubleTap= false topActivityLetterboxVerticalPosition= -1 topActivityLetterboxHorizontalPosition= -1 topActivityLetterboxWidth=1080 topActivityLetterboxHeight=2400 isUserFullscreenOverrideEnabled=false isSystemFullscreenOverrideEnabled=false cameraCompatTaskInfo=CameraCompatTaskInfo { cameraCompatControlState=hidden freeformCameraCompatMode=inactive}}}, pipTask = null, remoteTransition = null, displayChange = null, flags = 0, debugId = 98 }
2025-02-20 19:41:02.750   624-648   InputManager-JNI        system_server                        W  Input channel object '6adf5e9 Application Error: com.android.systemui (client)' was disposed without first being removed with the input manager!
2025-02-20 19:41:02.751 10706-10706 Process                 com.android.systemui                 I  Sending signal. PID: 10706 SIG: 9
2025-02-20 19:41:02.763   624-650   IPCThreadState          system_server                        E  Binder transaction failure. id: 1018146, BR_*: 29189, error: -3 (No such process)
2025-02-20 19:41:02.763   624-650   ActivityManager         system_server                        W  pid 624 system sent binder code 12 with flags 1 to frozen apps and got error -32
2025-02-20 19:41:02.768   624-650   IPCThreadState          system_server                        E  Binder transaction failure. id: 1018154, BR_*: 29189, error: -3 (No such process)
2025-02-20 19:41:02.768   624-650   ActivityManager         system_server                        W  pid 624 system sent binder code 12 with flags 1 to frozen apps and got error -32
2025-02-20 19:41:02.768   624-650   ActivityManager         system_server                        D  Too many transaction errors, throttling freezer binder callback.
2025-02-20 19:41:02.769  1494-1494  SplitSelectStateCtor    com...le.android.apps.nexuslauncher  W  Missing session instanceIds
2025-02-20 19:41:02.769  1494-1494  StatsLog                com...le.android.apps.nexuslauncher  D  LAUNCHER_SPLIT_SELECTION_EXIT_INTERRUPTED
2025-02-20 19:41:02.771   624-650   IPCThreadState          system_server                        E  Binder transaction failure. id: 1018164, BR_*: 29189, error: -3 (No such process)
2025-02-20 19:41:02.771   624-650   ActivityManager         system_server                        W  pid 624 system sent binder code 11 with flags 1 to frozen apps and got error -32
2025-02-20 19:41:02.772   624-650   ActivityManager         system_server                        D  Too many transaction errors, throttling freezer binder callback.
2025-02-20 19:41:02.772   624-650   ActivityManager         system_server                        W  pid 624 system sent binder code 11 with flags 1 to frozen apps and got error -32
2025-02-20 19:41:02.772   624-650   ActivityManager         system_server                        D  Too many transaction errors, throttling freezer binder callback.
2025-02-20 19:41:02.773   624-650   ActivityManager         system_server                        W  pid 624 system sent binder code 11 with flags 1 to frozen apps and got error -32
2025-02-20 19:41:02.773   624-650   ActivityManager         system_server                        D  Too many transaction errors, throttling freezer binder callback.
2025-02-20 19:41:02.775   624-650   ActivityManager         system_server                        W  pid 624 system sent binder code 20 with flags 1 to frozen apps and got error -32
2025-02-20 19:41:02.775   624-650   ActivityManager         system_server                        D  Too many transaction errors, throttling freezer binder callback.
2025-02-20 19:41:02.776   624-650   ActivityManager         system_server                        W  pid 624 system sent binder code 20 with flags 1 to frozen apps and got error -32
2025-02-20 19:41:02.806   624-650   ActivityManager         system_server                        D  Too many transaction errors, throttling freezer binder callback.
2025-02-20 19:41:02.806   624-650   ActivityManager         system_server                        W  pid 624 system sent binder code 20 with flags 1 to frozen apps and got error -32
2025-02-20 19:41:02.806   624-650   ActivityManager         system_server                        D  Too many transaction errors, throttling freezer binder callback.
2025-02-20 19:41:02.988   624-1692  OptProp                 system_server                        W  Cannot read opt property android.window.PROPERTY_COMPAT_ENABLE_FAKE_FOCUS
2025-02-20 19:41:02.988   624-1692  CompatChangeReporter    system_server                        D  Compat change id reported: 324203798; UID 1000; state: ENABLED
2025-02-20 19:41:02.989   468-468   BpBinder                surfaceflinger                       I  onLastStrongRef automatically unlinking death recipients: 
2025-02-20 19:41:02.989   624-1692  IPCThreadState          system_server                        W  Sending oneway calls to frozen process.
2025-02-20 19:41:02.990   624-650   ActivityManager         system_server                        W  pid 624 system sent binder code 20 with flags 1 to frozen apps and got error -32
2025-02-20 19:41:02.990   624-650   ActivityManager         system_server                        D  Too many transaction errors, throttling freezer binder callback.
2025-02-20 19:41:02.990  2093-2093  adbd                    adbd                                 I  Remote process closed the socket (on MSG_PEEK)
2025-02-20 19:41:02.990   624-1692  ActivityManager         system_server                        D  quick sync unfreeze 1417 for 1
2025-02-20 19:41:02.991   624-650   ActivityManager         system_server                        W  pid 624 system sent binder code 20 with flags 1 to frozen apps and got error -32
2025-02-20 19:41:02.991   624-650   ActivityManager         system_server                        D  Too many transaction errors, throttling freezer binder callback.
2025-02-20 19:41:02.991   523-572   BufferPoolAccessor2.0   media.swcodec                        D  bufferpool2 0x73b6b14e4288 : 0(0 size) total buffers - 0(0 size) used buffers - 6/7 (recycle/alloc) - 1/6 (fetch/transfer)
2025-02-20 19:41:02.991   624-650   ActivityManager         system_server                        W  pid 624 system sent binder code 20 with flags 1 to frozen apps and got error -32
2025-02-20 19:41:02.991   523-572   BufferPoolAccessor2.0   media.swcodec                        D  Destruction - bufferpool2 0x73b6b14e4288 cached: 0/0M, 0/0% in use; allocs: 7, 86% recycled; transfers: 6, 83% unfetched
2025-02-20 19:41:02.991   624-650   ActivityManager         system_server                        D  Too many transaction errors, throttling freezer binder callback.
2025-02-20 19:41:02.991   523-572   BufferPoolAccessor2.0   media.swcodec                        D  bufferpool2 0x73b6b14e4038 : 0(0 size) total buffers - 0(0 size) used buffers - 14/16 (recycle/alloc) - 2/15 (fetch/transfer)
2025-02-20 19:41:02.991   523-572   BufferPoolAccessor2.0   media.swcodec                        D  Destruction - bufferpool2 0x73b6b14e4038 cached: 0/0M, 0/0% in use; allocs: 16, 88% recycled; transfers: 15, 87% unfetched
2025-02-20 19:41:02.992   523-572   BufferPoolAccessor2.0   media.swcodec                        D  bufferpool2 0x73b6b14f2e68 : 0(0 size) total buffers - 0(0 size) used buffers - 14/17 (recycle/alloc) - 3/16 (fetch/transfer)
2025-02-20 19:41:02.992   523-572   BufferPoolAccessor2.0   media.swcodec                        D  Destruction - bufferpool2 0x73b6b14f2e68 cached: 0/0M, 0/0% in use; allocs: 17, 82% recycled; transfers: 16, 81% unfetched
2025-02-20 19:41:02.994   398-398   Zygote                  pid-398                              I  Process 10706 exited due to signal 9 (Killed)
2025-02-20 19:41:03.000   624-1351  ActivityManager         system_server                        I  Process com.android.systemui (pid 10706) has died: pers PER 
2025-02-20 19:41:03.001   624-642   LockoutResetTracker     system_server                        E  Callback binder died: android.os.BinderProxy@9b9a4a1
2025-02-20 19:41:03.002   624-642   LockoutResetTracker     system_server                        E  Removing dead callback for: com.android.systemui
2025-02-20 19:41:03.002   624-2257  BiometricService        system_server                        E  Enabled callback binder died
2025-02-20 19:41:03.003   624-2257  BiometricStateCallback  system_server                        W  Callback binder died: android.os.BinderProxy@deb7687
2025-02-20 19:41:03.004   624-2257  BiometricStateCallback  system_server                        W  Removed dead listener for android.os.BinderProxy@deb7687
2025-02-20 19:41:03.005   624-2257  Authentica...eListeners system_server                        W  Callback binder died: android.os.BinderProxy@e2ae9dd
2025-02-20 19:41:03.005   624-2257  Authentica...eListeners system_server                        W  Removed dead listener for android.os.BinderProxy@e2ae9dd
2025-02-20 19:41:03.005   624-2257  Authentica...eListeners system_server                        W  Callback binder died: android.os.BinderProxy@e2ae9dd
2025-02-20 19:41:03.005   624-2257  Authentica...eListeners system_server                        W  Removed dead listener for android.os.BinderProxy@e2ae9dd
2025-02-20 19:41:03.006   624-2177  AS.AudioService         system_server                        W  Current remote volume controller died, unregistering
2025-02-20 19:41:03.006   624-2177  ActivityManager         system_server                        W  pid 624 system sent binder code 5 with flags 1 to frozen apps and got error -32
2025-02-20 19:41:03.006   624-2177  ActivityManager         system_server                        D  Too many transaction errors, throttling freezer binder callback.
2025-02-20 19:41:03.006   456-539   AudioFlinger            audioserver                          D  mixer(0x7d5ddd5368e0) throttle end: throttle time(32)
2025-02-20 19:41:03.006   624-1695  StatusBarManagerService system_server                        I  binder died for pkg=com.android.systemui
2025-02-20 19:41:03.006   624-2177  VolumeController        system_server                        W  Error calling dismiss
                                                                                                    android.os.DeadObjectException
                                                                                                    	at android.os.BinderProxy.transactNative(Native Method)
                                                                                                    	at android.os.BinderProxy.transact(BinderProxy.java:586)
                                                                                                    	at android.media.IVolumeController$Stub$Proxy.dismiss(IVolumeController.java:277)
                                                                                                    	at com.android.server.audio.AudioService$VolumeController.postDismiss(AudioService.java:12288)
                                                                                                    	at com.android.server.audio.AudioService.setVolumeController(AudioService.java:12075)
                                                                                                    	at com.android.server.audio.AudioService$9.binderDied(AudioService.java:12084)
                                                                                                    	at android.os.IBinder$DeathRecipient.binderDied(IBinder.java:333)
                                                                                                    	at android.os.BinderProxy.sendDeathNotice(BinderProxy.java:726)
2025-02-20 19:41:03.007   624-2415  LockoutResetTracker     system_server                        E  Callback binder died: android.os.BinderProxy@9ba56c6
2025-02-20 19:41:03.008   624-2415  LockoutResetTracker     system_server                        E  Removing dead callback for: com.android.systemui
2025-02-20 19:41:03.008   624-2566  BiometricService        system_server                        E  Enabled callback binder died
2025-02-20 19:41:03.010   624-1307  Notificati...nListeners system_server                        D  Removing active service ComponentInfo{com.android.systemui/com.android.systemui.statusbar.NotificationListener}
2025-02-20 19:41:03.011   624-641   BiometricStateCallback  system_server                        W  Callback binder died: android.os.BinderProxy@27146d9
2025-02-20 19:41:03.012   624-641   BiometricStateCallback  system_server                        W  Removed dead listener for android.os.BinderProxy@27146d9
2025-02-20 19:41:03.012   624-764   BiometricStateCallback  system_server                        W  Callback binder died: android.os.BinderProxy@2a7789e
2025-02-20 19:41:03.012   624-764   BiometricStateCallback  system_server                        W  Removed dead listener for android.os.BinderProxy@2a7789e
2025-02-20 19:41:03.012   624-1694  BinderNative            system_server                        W  Uncaught exception from death notification
                                                                                                    java.lang.NullPointerException: Attempt to invoke virtual method 'int java.lang.Integer.intValue()' on a null object reference
                                                                                                    	at com.android.server.input.BatteryController.handleListeningProcessDied(BatteryController.java:346)
                                                                                                    	at com.android.server.input.BatteryController.-$$Nest$mhandleListeningProcessDied(BatteryController.java:0)
                                                                                                    	at com.android.server.input.BatteryController$ListenerRecord.lambda$new$0(BatteryController.java:513)
                                                                                                    	at com.android.server.input.BatteryController$ListenerRecord.$r8$lambda$ZBlwIivbKgnBE15a7ZyblIFDLYc(BatteryController.java:0)
                                                                                                    	at com.android.server.input.BatteryController$ListenerRecord$$ExternalSyntheticLambda0.binderDied(R8$$SyntheticClass:0)
                                                                                                    	at android.os.IBinder$DeathRecipient.binderDied(IBinder.java:333)
                                                                                                    	at android.os.BinderProxy.sendDeathNotice(BinderProxy.java:726)
2025-02-20 19:41:03.014   624-1119  ConnectivityService     system_server                        D  releasing NetworkRequest [ REQUEST id=267, [ Capabilities: INTERNET&NOT_RESTRICTED&TRUSTED&NOT_VCN_MANAGED&NOT_BANDWIDTH_CONSTRAINED Uid: 10181 RequestorUid: 10181 RequestorPkg: com.android.systemui UnderlyingNetworks: Null] ] (release request)
2025-02-20 19:41:03.014   624-624   WallpaperManagerService system_server                        W  Wallpaper service gone: ComponentInfo{com.android.systemui/com.android.systemui.wallpapers.ImageWallpaper}
2025-02-20 19:41:03.014   624-1099  BiometricStateCallback  system_server                        W  Callback binder died: android.os.BinderProxy@ec8c9b4
2025-02-20 19:41:03.014   624-1099  BiometricStateCallback  system_server                        W  Removed dead listener for android.os.BinderProxy@ec8c9b4
2025-02-20 19:41:03.014   624-624   WallpaperManagerService system_server                        W  Wallpaper service gone: ComponentInfo{com.android.systemui/com.android.systemui.wallpapers.ImageWallpaper}
2025-02-20 19:41:03.015   624-642   AudioServi...ityMonitor system_server                        W  client died
2025-02-20 19:41:03.015   624-1696  ConnectivityService     system_server                        D  ConnectivityDiagnosticsCallback IBinder died.
2025-02-20 19:41:03.016   624-1119  ConnectivityService     system_server                        D  releasing NetworkRequest [ REQUEST id=270, [ Capabilities: INTERNET&NOT_RESTRICTED&TRUSTED&NOT_VCN_MANAGED&NOT_BANDWIDTH_CONSTRAINED Uid: 10181 RequestorUid: 10181 RequestorPkg: com.android.systemui UnderlyingNetworks: Null] ] (release request)
2025-02-20 19:41:03.016   624-2416  MR2ServiceImpl          system_server                        I  unregisterManager | package: com.android.systemui, user: 0, manager: 4, died: true
2025-02-20 19:41:03.016   624-1692  OptProp                 system_server                        W  Cannot read opt property android.window.PROPERTY_COMPAT_ALLOW_RESIZEABLE_ACTIVITY_OVERRIDES
2025-02-20 19:41:03.016   624-1119  ConnectivityService     system_server                        D  releasing NetworkRequest [ REQUEST id=276, [ Capabilities: INTERNET&NOT_RESTRICTED&TRUSTED&NOT_VCN_MANAGED&NOT_BANDWIDTH_CONSTRAINED Uid: 10181 RequestorUid: 10181 RequestorPkg: com.android.systemui UnderlyingNetworks: Null] ] (release request)
2025-02-20 19:41:03.016   624-2566  InputManager-JNI        system_server                        W  Input channel object '[Gesture Monitor] edge-swipe (client)' was disposed without first being removed with the input manager!
2025-02-20 19:41:03.017   624-1119  ConnectivityService     system_server                        D  releasing NetworkRequest [ REQUEST id=274, [ Capabilities: INTERNET&NOT_RESTRICTED&TRUSTED&NOT_VCN_MANAGED&NOT_BANDWIDTH_CONSTRAINED Uid: 10181 RequestorUid: 10181 RequestorPkg: com.android.systemui UnderlyingNetworks: Null] ] (release request)
2025-02-20 19:41:03.020   624-1692  ActivityManager         system_server                        W  pid 624 system sent binder code 7 with flags 1 to frozen apps and got error -32
2025-02-20 19:41:03.020   624-1692  ActivityManager         system_server                        D  Too many transaction errors, throttling freezer binder callback.
2025-02-20 19:41:03.024   624-1692  TaskOrganizerController system_server                        E  Exception sending onTaskInfoChanged callback
                                                                                                    android.os.DeadObjectException
                                                                                                    	at android.os.BinderProxy.transactNative(Native Method)
                                                                                                    	at android.os.BinderProxy.transact(BinderProxy.java:586)
                                                                                                    	at android.window.ITaskOrganizer$Stub$Proxy.onTaskInfoChanged(ITaskOrganizer.java:388)
                                                                                                    	at com.android.server.wm.TaskOrganizerController$TaskOrganizerCallbacks.onTaskInfoChanged(TaskOrganizerController.java:152)
                                                                                                    	at com.android.server.wm.TaskOrganizerController$TaskOrganizerPendingEventsQueue.dispatchTaskInfoChanged(TaskOrganizerController.java:320)
                                                                                                    	at com.android.server.wm.TaskOrganizerController$TaskOrganizerPendingEventsQueue.dispatchPendingEvent(TaskOrganizerController.java:281)
                                                                                                    	at com.android.server.wm.TaskOrganizerController$TaskOrganizerPendingEventsQueue.dispatchPendingEvents(TaskOrganizerController.java:263)
                                                                                                    	at com.android.server.wm.TaskOrganizerController.dispatchPendingEvents(TaskOrganizerController.java:915)
                                                                                                    	at com.android.server.wm.RootWindowContainer.performSurfacePlacementNoTrace(RootWindowContainer.java:801)
                                                                                                    	at com.android.server.wm.RootWindowContainer.performSurfacePlacement(RootWindowContainer.java:751)
                                                                                                    	at com.android.server.wm.WindowSurfacePlacer.performSurfacePlacementLoop(WindowSurfacePlacer.java:177)
                                                                                                    	at com.android.server.wm.WindowSurfacePlacer.performSurfacePlacement(WindowSurfacePlacer.java:126)
                                                                                                    	at com.android.server.wm.WindowSurfacePlacer.performSurfacePlacement(WindowSurfacePlacer.java:115)
                                                                                                    	at com.android.server.wm.WindowSurfacePlacer.continueLayout(WindowSurfacePlacer.java:97)
                                                                                                    	at com.android.server.wm.ActivityTaskManagerService.continueWindowLayout(ActivityTaskManagerService.java:4845)
                                                                                                    	at com.android.server.wm.ActivityRecord.activityPaused(ActivityRecord.java:6596)
                                                                                                    	at com.android.server.wm.ActivityClientController.activityPaused(ActivityClientController.java:231)
                                                                                                    	at android.app.IActivityClientController$Stub.onTransact(IActivityClientController.java:698)
                                                                                                    	at com.android.server.wm.ActivityClientController.onTransact(ActivityClientController.java:168)
                                                                                                    	at android.os.Binder.execTransactInternal(Binder.java:1500)
                                                                                                    	at android.os.Binder.execTransact(Binder.java:1444)
2025-02-20 19:41:03.026  1494-1494  TopTaskTracker          com...le.android.apps.nexuslauncher  I  onTaskMovedToFront: (moved taskInfo to front) taskId=34, baseIntent=Intent { act=android.settings.APPLICATION_DETAILS_SETTINGS dat=package: flg=0x10000000 cmp=com.android.settings/.applications.InstalledAppDetails }
2025-02-20 19:41:03.026  1494-1494  AssistStat...agerGoogle com...le.android.apps.nexuslauncher  I  Sent LPH override to sysui: 450;1.0
2025-02-20 19:41:03.032   624-663   libprocessgroup         system_server                        I  Removed cgroup /sys/fs/cgroup/uid_10181/pid_10706
2025-02-20 19:41:03.033   624-1342  WindowManager           system_server                        I  WIN DEATH: Window{9085569 u0 StatusBar}
2025-02-20 19:41:03.033   624-1342  InputManager-JNI        system_server                        W  Input channel object '9085569 StatusBar (client)' was disposed without first being removed with the input manager!
2025-02-20 19:41:03.034   624-1342  IPCThreadState          system_server                        E  Binder transaction failure. id: 1018293, BR_*: 29189, error: -22 (Invalid argument)
2025-02-20 19:41:03.034   624-1342  ActivityManager         system_server                        W  pid 624 system sent binder code 13 with flags 1 to frozen apps and got error -32
2025-02-20 19:41:03.034   624-1342  ActivityManager         system_server                        D  Too many transaction errors, throttling freezer binder callback.
2025-02-20 19:41:03.035   624-1342  ActivityManager         system_server                        W  pid 624 system sent binder code 54 with flags 1 to frozen apps and got error -32
2025-02-20 19:41:03.035   624-1342  ActivityManager         system_server                        D  Too many transaction errors, throttling freezer binder callback.
2025-02-20 19:41:03.036   624-1342  ClientLifecycleManager  system_server                        W  Failed to deliver transaction for android.app.IApplicationThread$Stub$Proxy@b157005
                                                                                                    transaction=ClientTransaction{
                                                                                                      transactionItems=[
                                                                                                        WindowStateResizeItem{mWindow=android.view.IWindow$Stub$Proxy@920685a, reportDrawn=false, configuration={mGlobalConfig={1.0 310mcc260mnc [en_US] ldltr sw411dp w411dp h914dp 420dpi nrml long port finger qwerty/v/v dpad/v winConfig={ mBounds=Rect(0, 0 - 1080, 2400) mAppBounds=Rect(0, 0 - 1080, 2400) mMaxBounds=Rect(0, 0 - 1080, 2400) mDisplayRotation=ROTATION_0 mWindowingMode=fullscreen mActivityType=undefined mAlwaysOnTop=undefined mRotation=ROTATION_0} as.2 s.588 fontWeightAdjustment=0} mOverrideConfig={1.0 310mcc260mnc [en_US] ldltr sw411dp w411dp h914dp 420dpi nrml long port finger qwerty/v/v dpad/v winConfig={ mBounds=Rect(0, 0 - 1080, 2400) mAppBounds=Rect(0, 0 - 1080, 2400) mMaxBounds=Rect(0, 0 - 1080, 2400) mDisplayRotation=ROTATION_0 mWindowingMode=fullscreen mActivityType=undefined mAlwaysOnTop=undefined mRotation=ROTATION_0} as.2 s.557 fontWeightAdjustment=0}}, activityWindowInfo=null}
                                                                                                      ]
                                                                                                    }
2025-02-20 19:41:03.036   624-1342  ClientLifecycleManager  system_server                        E  Failed to deliver pending transaction
                                                                                                    android.os.DeadObjectException
                                                                                                    	at android.os.BinderProxy.transactNative(Native Method)
                                                                                                    	at android.os.BinderProxy.transact(BinderProxy.java:586)
                                                                                                    	at android.app.IApplicationThread$Stub$Proxy.scheduleTransaction(IApplicationThread.java:2020)
                                                                                                    	at android.app.servertransaction.ClientTransaction.schedule(ClientTransaction.java:230)
                                                                                                    	at com.android.server.wm.ClientLifecycleManager.scheduleTransaction(ClientLifecycleManager.java:81)
                                                                                                    	at com.android.server.wm.ClientLifecycleManager.dispatchPendingTransactions(ClientLifecycleManager.java:187)
                                                                                                    	at com.android.server.wm.RootWindowContainer.performSurfacePlacementNoTrace(RootWindowContainer.java:797)
                                                                                                    	at com.android.server.wm.RootWindowContainer.performSurfacePlacement(RootWindowContainer.java:751)
                                                                                                    	at com.android.server.wm.WindowSurfacePlacer.performSurfacePlacementLoop(WindowSurfacePlacer.java:177)
                                                                                                    	at com.android.server.wm.WindowSurfacePlacer.performSurfacePlacement(WindowSurfacePlacer.java:126)
                                                                                                    	at com.android.server.wm.WindowSurfacePlacer.performSurfacePlacement(WindowSurfacePlacer.java:115)
                                                                                                    	at com.android.server.wm.WindowManagerService.postWindowRemoveCleanupLocked(WindowManagerService.java:2123)
                                                                                                    	at com.android.server.wm.WindowState.removeImmediately(WindowState.java:2384)
                                                                                                    	at com.android.server.wm.WindowState.removeIfPossible(WindowState.java:2510)
                                                                                                    	at com.android.server.wm.Session.binderDied(Session.java:232)
                                                                                                    	at android.os.IBinder$DeathRecipient.binderDied(IBinder.java:333)
                                                                                                    	at android.os.BinderProxy.sendDeathNotice(BinderProxy.java:726)
2025-02-20 19:41:03.037   624-1342  WindowManager           system_server                        I  WIN DEATH: Window{c3f6b84 u0 NotificationShade}
2025-02-20 19:41:03.038   624-1342  InputManager-JNI        system_server                        W  Input channel object 'c3f6b84 NotificationShade (client)' was disposed without first being removed with the input manager!
2025-02-20 19:41:03.040   624-1342  WindowManager           system_server                        I  WIN DEATH: Window{a1eae8e u0 EdgeBackGestureHandler0}
2025-02-20 19:41:03.040   624-1342  InputManager-JNI        system_server                        W  Input channel object 'a1eae8e EdgeBackGestureHandler0 (client)' was disposed without first being removed with the input manager!
2025-02-20 19:41:03.041   624-1342  WindowManager           system_server                        I  WIN DEATH: Window{14cf6be u0 ScreenDecorOverlayBottom}
2025-02-20 19:41:03.041   624-1342  InputManager-JNI        system_server                        W  Input channel object '14cf6be ScreenDecorOverlayBottom (client)' was disposed without first being removed with the input manager!
2025-02-20 19:41:03.041   624-1342  WindowManager           system_server                        I  WIN DEATH: Window{de8f572 u0 ScreenDecorOverlay}
2025-02-20 19:41:03.041   624-1342  InputManager-JNI        system_server                        W  Input channel object 'de8f572 ScreenDecorOverlay (client)' was disposed without first being removed with the input manager!
2025-02-20 19:41:03.043   624-1342  WindowManager           system_server                        I  WIN DEATH: Window{87667e0 u0 com.android.systemui.wallpapers.ImageWallpaper}
2025-02-20 19:41:03.043   624-1342  InputManager-JNI        system_server                        W  Input channel object '87667e0 com.android.systemui.wallpapers.ImageWallpaper (client)' was disposed without first being removed with the input manager!
2025-02-20 19:41:03.046   624-1342  WindowManager           system_server                        I  WIN DEATH: Window{c4266dc u0 ShellDropTarget}
2025-02-20 19:41:03.046   624-1342  InputManager-JNI        system_server                        W  Input channel object 'c4266dc ShellDropTarget (client)' was disposed without first being removed with the input manager!
2025-02-20 19:41:03.047   624-1342  ActivityManager         system_server                        W  pid 624 system sent binder code 54 with flags 1 to frozen apps and got error -32
2025-02-20 19:41:03.047   624-1342  ActivityManager         system_server                        D  Too many transaction errors, throttling freezer binder callback.
2025-02-20 19:41:03.047   624-1342  ClientLifecycleManager  system_server                        W  Failed to deliver transaction for android.app.IApplicationThread$Stub$Proxy@b157005
                                                                                                    transaction=ClientTransaction{
                                                                                                      transactionItems=[
                                                                                                        WindowContextInfoChangeItem{clientToken=android.os.BinderProxy@acd1598, info=WindowContextInfo{config={1.0 310mcc260mnc [en_US] ldltr sw411dp w411dp h914dp 420dpi nrml long port finger qwerty/v/v dpad/v winConfig={ mBounds=Rect(0, 0 - 1080, 2400) mAppBounds=Rect(0, 0 - 1080, 2400) mMaxBounds=Rect(0, 0 - 1080, 2400) mDisplayRotation=ROTATION_0 mWindowingMode=fullscreen mActivityType=undefined mAlwaysOnTop=undefined mRotation=ROTATION_0} as.2 s.557 fontWeightAdjustment=0}, displayId=0}}
                                                                                                      ]
                                                                                                    }
2025-02-20 19:41:03.047   624-1342  ActivityTaskManager     system_server                        W  Failed for dead process. ClientTransactionItem=WindowContextInfoChangeItem{clientToken=null, info=null} owner=ProcessRecord{99bab28 10706:com.android.systemui/u0a181}
2025-02-20 19:41:03.048   624-2273  WindowManager           system_server                        V  Unregistering active transition player android.os.BinderProxy@e86534d at index=0 leaving 0 in stack
2025-02-20 19:41:03.052   624-2413  DisplayAre...Controller system_server                        D  Organizer died before sending onDisplayAreaVanished
2025-02-20 19:41:03.053   624-1351  ActivityManager         system_server                        D  sync unfroze 1417 com.android.settings for 5
2025-02-20 19:41:03.054   624-1351  ProcessStats            system_server                        W  Tracking association SourceState{7e8d564 com.google.android.googlequicksearchbox:search/10145 BTop #14134} whose proc state 2 is better than process ProcessState{9bd36cf com.google.android.webview:sandboxed_process0:org.chromium.content.app.SandboxedProcessService0:0/10145 pkg=com.google.android.googlequicksearchbox} proc state 14 (20 skipped)
2025-02-20 19:41:03.055   624-1351  CompatChangeReporter    system_server                        D  Compat change id reported: 311208629; UID 10181; state: ENABLED
2025-02-20 19:41:03.058   624-1351  ActivityManager         system_server                        W  Scheduling restart of crashed service com.android.systemui/.wallpapers.ImageWallpaper in 0ms for persistent
2025-02-20 19:41:03.060   624-1351  ActivityManager         system_server                        W  Scheduling restart of crashed service com.android.systemui/.SystemUIService in 0ms for persistent
2025-02-20 19:41:03.060   624-1351  ActivityManager         system_server                        W  Scheduling restart of crashed service com.android.systemui/.dump.SystemUIAuxiliaryDumpService in 0ms for persistent
2025-02-20 19:41:03.060   624-1351  ActivityManager         system_server                        W  Scheduling restart of crashed service com.android.systemui/.keyguard.KeyguardService in 0ms for persistent
2025-02-20 19:41:03.061  1494-1494  TISBindHelper           com...le.android.apps.nexuslauncher  D  TIS service disconnected
2025-02-20 19:41:03.061  1494-1494  TISBindHelper           com...le.android.apps.nexuslauncher  W  TIS binding died
2025-02-20 19:41:03.085   624-648   ActivityTaskManager     system_server                        D  Top Process State changed to PROCESS_STATE_TOP_SLEEPING
2025-02-20 19:41:03.090   624-1693  DisplayAre...Controller system_server                        D  Organizer died before sending onDisplayAreaVanished
2025-02-20 19:41:03.100   624-1351  ActivityManager         system_server                        W  Re-adding persistent process ProcessRecord{99bab28 10706:com.android.systemui/u0a181}
2025-02-20 19:41:03.102   624-648   DisplayManagerService   system_server                        D  Drop pending events for gone uid 10181
2025-02-20 19:41:03.103   504-2796  ResourceManagerMetrics  mediaserver                          I  pushConcurrentUsageReport: No Video Codec Entry for Application[pid(10706): uid(10181)]
2025-02-20 19:41:03.103   504-2796  ResourceManagerMetrics  mediaserver                          I  pushConcurrentUsageReport: Concurrent Codec Usage Report for the Process[pid(10706): uid(10181)] is Peak { AudioDec[ SW: 2 ] } Peak Pixels: 0
2025-02-20 19:41:03.105   624-650   WindowManager           system_server                        V  Unknown focus tokens, dropping reportFocusChanged
2025-02-20 19:41:03.108   398-398   Zygote                  pid-398                              D  Forked child process 10967
2025-02-20 19:41:03.109  7056-7056  NearbySharing           com.google.android.gms               I  SharingTileService destroyed
2025-02-20 19:41:03.114   624-662   ActivityManager         system_server                        I  Start proc 10967:com.android.systemui/u0a181 for restart com.android.systemui
2025-02-20 19:41:03.123   468-468   BpTransact...edListener surfaceflinger                       E  Failed to transact (-32)
2025-02-20 19:41:03.125  1494-1494  TouchInteractionService com...le.android.apps.nexuslauncher  D  Touch service destroyed: user=0
2025-02-20 19:41:03.127 10967-10967 ndroid.systemui         pid-10967                            I  Using CollectorTypeCMC GC.
2025-02-20 19:41:03.130   624-1693  InputManager-JNI        system_server                        W  Input channel object 'recents_animation_input_consumer (client)' was disposed without first being removed with the input manager!
2025-02-20 19:41:03.132 10967-10967 ndroid.systemui         pid-10967                            W  Unexpected CPU variant for x86: x86_64.
                                                                                                    Known variants: atom, sandybridge, silvermont, goldmont, goldmont-plus, goldmont-without-sha-xsaves, tremont, kabylake, default
2025-02-20 19:41:03.132   624-650   ActivityManager         system_server                        W  setHasOverlayUi called on unknown pid: 10706
2025-02-20 19:41:03.137  2093-2106  adbd                    adbd                                 I  jdwp connection from 10967
2025-02-20 19:41:03.149  1494-1521  SystemUiProxy           com...le.android.apps.nexuslauncher  W  getRecentTasks() failed due to null mRecentTasks
2025-02-20 19:41:03.150  1494-1494  TouchInteractionService com...le.android.apps.nexuslauncher  D  disposeEventHandlers: Reason: TouchInteractionService onDestroy()
2025-02-20 19:41:03.152 10967-10967 nativeloader            pid-10967                            D  Load libframework-connectivity-tiramisu-jni.so using APEX ns com_android_tethering for caller /apex/com.android.tethering/javalib/framework-connectivity-t.jar: ok
2025-02-20 19:41:03.166   456-539   audioserver             audioserver                          D  logFgsApiEnd: FGS Logger Transaction failed, -129
2025-02-20 19:41:03.166  1494-1494  InputMonitorCompat      com...le.android.apps.nexuslauncher  D  Input event receiver for monitor (swipe-up-disp0) disposed
2025-02-20 19:41:03.166  1494-1494  InputMonitorCompat      com...le.android.apps.nexuslauncher  D  Input monitor (swipe-up-disp0) disposed
2025-02-20 19:41:03.166  1494-1494  AssistStat...agerGoogle com...le.android.apps.nexuslauncher  I  Sent LPH override to sysui: 450;1.0
2025-02-20 19:41:03.167  1494-1494  b/254119092             com...le.android.apps.nexuslauncher  D  TaskbarManager#destroy()
                                                                                                    mActivity and mContext agree taskbarIsPresent=false
2025-02-20 19:41:03.167  1494-1494  b/254119092             com...le.android.apps.nexuslauncher  D  unregistering activity lifecycle callbacks from removeActivityCallbackAndListeners().
2025-02-20 19:41:03.167  1494-1494  b/254119092             com...le.android.apps.nexuslauncher  D  destroyExistingTaskbar: com.android.launcher3.taskbar.TaskbarActivityContext@e0af9b4
                                                                                                    mActivity and mContext agree taskbarIsPresent=false
2025-02-20 19:41:03.167   624-1351  InputManager-JNI        system_server                        W  Input channel object '[Gesture Monitor] swipe-up (client)' was disposed without first being removed with the input manager!
2025-02-20 19:41:03.173   624-1693  InputManager-JNI        system_server                        W  Input channel object '57ab7b8 Taskbar (client)' was disposed without first being removed with the input manager!
2025-02-20 19:41:03.174  1417-1417  ActivityEmbeddingUtils  com.android.settings                 D  isSettingsSplitSupported = false
2025-02-20 19:41:03.182  1494-1494  b/254119092             com...le.android.apps.nexuslauncher  D  unregistering component callbacks from destroy().
2025-02-20 19:41:03.183   468-481   BpBinder                surfaceflinger                       I  onLastStrongRef automatically unlinking death recipients: 
2025-02-20 19:41:03.185  1494-1494  TopTaskTracker          com...le.android.apps.nexuslauncher  I  onTaskRemoved: taskId=33
2025-02-20 19:41:03.190  1494-1494  TopTaskTracker          com...le.android.apps.nexuslauncher  I  onTaskRemoved: taskId=32
2025-02-20 19:41:03.192  1494-1494  TopTaskTracker          com...le.android.apps.nexuslauncher  I  onTaskRemoved: taskId=31
2025-02-20 19:41:03.196  1994-2009  d.process.acore         android.process.acore                W  Reducing the number of considered missed Gc histogram windows from 274 to 100
2025-02-20 19:41:03.199  1494-1494  BaseDepthController     com...le.android.apps.nexuslauncher  D  setSurface:
                                                                                                    	mWaitingOnSurfaceValidity: false
                                                                                                    	mSurface: null
2025-02-20 19:41:03.199  1494-1494  BaseDepthController     com...le.android.apps.nexuslauncher  D  mSurface is null and mCurrentBlur is: 0
2025-02-20 19:41:03.201  1494-1494  StateManager            com...le.android.apps.nexuslauncher  D  goToState - fromState: Normal, toState: Normal, partial trace:
